Archive member included to satisfy reference by file (symbol)

C:/ST/STM32CubeIDE_1.13.1/STM32CubeIDE/plugins/com.st.stm32cube.ide.mcu.externaltools.gnu-tools-for-stm32.11.3.rel1.win32_1.1.0.202305231506/tools/bin/../lib/gcc/arm-none-eabi/11.3.1/../../../../arm-none-eabi/lib/thumb/v7e-m+fp/hard\libc_nano.a(libc_a-exit.o)
                              C:/ST/STM32CubeIDE_1.13.1/STM32CubeIDE/plugins/com.st.stm32cube.ide.mcu.externaltools.gnu-tools-for-stm32.11.3.rel1.win32_1.1.0.202305231506/tools/bin/../lib/gcc/arm-none-eabi/11.3.1/../../../../arm-none-eabi/lib/thumb/v7e-m+fp/hard/crt0.o (exit)
C:/ST/STM32CubeIDE_1.13.1/STM32CubeIDE/plugins/com.st.stm32cube.ide.mcu.externaltools.gnu-tools-for-stm32.11.3.rel1.win32_1.1.0.202305231506/tools/bin/../lib/gcc/arm-none-eabi/11.3.1/../../../../arm-none-eabi/lib/thumb/v7e-m+fp/hard\libc_nano.a(libc_a-malloc.o)
                              ./Core/Src/File_Handling.o (malloc)
C:/ST/STM32CubeIDE_1.13.1/STM32CubeIDE/plugins/com.st.stm32cube.ide.mcu.externaltools.gnu-tools-for-stm32.11.3.rel1.win32_1.1.0.202305231506/tools/bin/../lib/gcc/arm-none-eabi/11.3.1/../../../../arm-none-eabi/lib/thumb/v7e-m+fp/hard\libc_nano.a(libc_a-mallocr.o)
                              C:/ST/STM32CubeIDE_1.13.1/STM32CubeIDE/plugins/com.st.stm32cube.ide.mcu.externaltools.gnu-tools-for-stm32.11.3.rel1.win32_1.1.0.202305231506/tools/bin/../lib/gcc/arm-none-eabi/11.3.1/../../../../arm-none-eabi/lib/thumb/v7e-m+fp/hard\libc_nano.a(libc_a-malloc.o) (_malloc_r)
C:/ST/STM32CubeIDE_1.13.1/STM32CubeIDE/plugins/com.st.stm32cube.ide.mcu.externaltools.gnu-tools-for-stm32.11.3.rel1.win32_1.1.0.202305231506/tools/bin/../lib/gcc/arm-none-eabi/11.3.1/../../../../arm-none-eabi/lib/thumb/v7e-m+fp/hard\libc_nano.a(libc_a-mlock.o)
                              C:/ST/STM32CubeIDE_1.13.1/STM32CubeIDE/plugins/com.st.stm32cube.ide.mcu.externaltools.gnu-tools-for-stm32.11.3.rel1.win32_1.1.0.202305231506/tools/bin/../lib/gcc/arm-none-eabi/11.3.1/../../../../arm-none-eabi/lib/thumb/v7e-m+fp/hard\libc_nano.a(libc_a-mallocr.o) (__malloc_lock)
C:/ST/STM32CubeIDE_1.13.1/STM32CubeIDE/plugins/com.st.stm32cube.ide.mcu.externaltools.gnu-tools-for-stm32.11.3.rel1.win32_1.1.0.202305231506/tools/bin/../lib/gcc/arm-none-eabi/11.3.1/../../../../arm-none-eabi/lib/thumb/v7e-m+fp/hard\libc_nano.a(libc_a-findfp.o)
                              ./Middlewares/Third_Party/FreeRTOS/Source/tasks.o (__sf)
C:/ST/STM32CubeIDE_1.13.1/STM32CubeIDE/plugins/com.st.stm32cube.ide.mcu.externaltools.gnu-tools-for-stm32.11.3.rel1.win32_1.1.0.202305231506/tools/bin/../lib/gcc/arm-none-eabi/11.3.1/../../../../arm-none-eabi/lib/thumb/v7e-m+fp/hard\libc_nano.a(libc_a-fwalk.o)
                              C:/ST/STM32CubeIDE_1.13.1/STM32CubeIDE/plugins/com.st.stm32cube.ide.mcu.externaltools.gnu-tools-for-stm32.11.3.rel1.win32_1.1.0.202305231506/tools/bin/../lib/gcc/arm-none-eabi/11.3.1/../../../../arm-none-eabi/lib/thumb/v7e-m+fp/hard\libc_nano.a(libc_a-findfp.o) (_fwalk_sglue)
C:/ST/STM32CubeIDE_1.13.1/STM32CubeIDE/plugins/com.st.stm32cube.ide.mcu.externaltools.gnu-tools-for-stm32.11.3.rel1.win32_1.1.0.202305231506/tools/bin/../lib/gcc/arm-none-eabi/11.3.1/../../../../arm-none-eabi/lib/thumb/v7e-m+fp/hard\libc_nano.a(libc_a-sprintf.o)
                              ./Core/Src/File_Handling.o (sprintf)
C:/ST/STM32CubeIDE_1.13.1/STM32CubeIDE/plugins/com.st.stm32cube.ide.mcu.externaltools.gnu-tools-for-stm32.11.3.rel1.win32_1.1.0.202305231506/tools/bin/../lib/gcc/arm-none-eabi/11.3.1/../../../../arm-none-eabi/lib/thumb/v7e-m+fp/hard\libc_nano.a(libc_a-stdio.o)
                              C:/ST/STM32CubeIDE_1.13.1/STM32CubeIDE/plugins/com.st.stm32cube.ide.mcu.externaltools.gnu-tools-for-stm32.11.3.rel1.win32_1.1.0.202305231506/tools/bin/../lib/gcc/arm-none-eabi/11.3.1/../../../../arm-none-eabi/lib/thumb/v7e-m+fp/hard\libc_nano.a(libc_a-findfp.o) (__sread)
C:/ST/STM32CubeIDE_1.13.1/STM32CubeIDE/plugins/com.st.stm32cube.ide.mcu.externaltools.gnu-tools-for-stm32.11.3.rel1.win32_1.1.0.202305231506/tools/bin/../lib/gcc/arm-none-eabi/11.3.1/../../../../arm-none-eabi/lib/thumb/v7e-m+fp/hard\libc_nano.a(libc_a-memset.o)
                              C:/ST/STM32CubeIDE_1.13.1/STM32CubeIDE/plugins/com.st.stm32cube.ide.mcu.externaltools.gnu-tools-for-stm32.11.3.rel1.win32_1.1.0.202305231506/tools/bin/../lib/gcc/arm-none-eabi/11.3.1/../../../../arm-none-eabi/lib/thumb/v7e-m+fp/hard/crt0.o (memset)
C:/ST/STM32CubeIDE_1.13.1/STM32CubeIDE/plugins/com.st.stm32cube.ide.mcu.externaltools.gnu-tools-for-stm32.11.3.rel1.win32_1.1.0.202305231506/tools/bin/../lib/gcc/arm-none-eabi/11.3.1/../../../../arm-none-eabi/lib/thumb/v7e-m+fp/hard\libc_nano.a(libc_a-closer.o)
                              C:/ST/STM32CubeIDE_1.13.1/STM32CubeIDE/plugins/com.st.stm32cube.ide.mcu.externaltools.gnu-tools-for-stm32.11.3.rel1.win32_1.1.0.202305231506/tools/bin/../lib/gcc/arm-none-eabi/11.3.1/../../../../arm-none-eabi/lib/thumb/v7e-m+fp/hard\libc_nano.a(libc_a-stdio.o) (_close_r)
[...]
Memory Configuration

Name             Origin             Length             Attributes
CCMRAM           0x0000000010000000 0x0000000000010000 xrw
RAM              0x0000000020000000 0x0000000000020000 xrw
FLASH            0x0000000008000000 0x0000000000100000 xr
*default*        0x0000000000000000 0xffffffffffffffff

Linker script and memory map

LOAD C:/ST/STM32CubeIDE_1.13.1/STM32CubeIDE/plugins/com.st.stm32cube.ide.mcu.externaltools.gnu-tools-for-stm32.11.3.rel1.win32_1.1.0.202305231506/tools/bin/../lib/gcc/arm-none-eabi/11.3.1/thumb/v7e-m+fp/hard/crti.o
LOAD C:/ST/STM32CubeIDE_1.13.1/STM32CubeIDE/plugins/com.st.stm32cube.ide.mcu.externaltools.gnu-tools-for-stm32.11.3.rel1.win32_1.1.0.202305231506/tools/bin/../lib/gcc/arm-none-eabi/11.3.1/thumb/v7e-m+fp/hard/crtbegin.o
LOAD C:/ST/STM32CubeIDE_1.13.1/STM32CubeIDE/plugins/com.st.stm32cube.ide.mcu.externaltools.gnu-tools-for-stm32.11.3.rel1.win32_1.1.0.202305231506/tools/bin/../lib/gcc/arm-none-eabi/11.3.1/../../../../arm-none-eabi/lib/thumb/v7e-m+fp/hard/crt0.o
LOAD ./Core/Src/File_Handling.o
LOAD ./Core/Src/freertos.o
LOAD ./Core/Src/main.o
LOAD ./Core/Src/stm32f4xx_hal_msp.o
LOAD ./Core/Src/stm32f4xx_it.o
LOAD ./Core/Src/syscalls.o
LOAD ./Core/Src/sysmem.o
LOAD ./Core/Src/system_stm32f4xx.o
LOAD ./Core/Startup/startup_stm32f417vgtx.o
LOAD ./Drivers/STM32F4xx_HAL_Driver/Src/stm32f4xx_hal.o
LOAD ./Drivers/STM32F4xx_HAL_Driver/Src/stm32f4xx_hal_can.o
LOAD ./Drivers/STM32F4xx_HAL_Driver/Src/stm32f4xx_hal_cortex.o
LOAD ./Drivers/STM32F4xx_HAL_Driver/Src/stm32f4xx_hal_dma.o
LOAD ./Drivers/STM32F4xx_HAL_Driver/Src/stm32f4xx_hal_dma_ex.o
LOAD ./Drivers/STM32F4xx_HAL_Driver/Src/stm32f4xx_hal_exti.o
LOAD ./Drivers/STM32F4xx_HAL_Driver/Src/stm32f4xx_hal_flash.o
LOAD ./Drivers/STM32F4xx_HAL_Driver/Src/stm32f4xx_hal_flash_ex.o
LOAD ./Drivers/STM32F4xx_HAL_Driver/Src/stm32f4xx_hal_flash_ramfunc.o
LOAD ./Drivers/STM32F4xx_HAL_Driver/Src/stm32f4xx_hal_gpio.o
LOAD ./Drivers/STM32F4xx_HAL_Driver/Src/stm32f4xx_hal_pwr.o
LOAD ./Drivers/STM32F4xx_HAL_Driver/Src/stm32f4xx_hal_pwr_ex.o
LOAD ./Drivers/STM32F4xx_HAL_Driver/Src/stm32f4xx_hal_rcc.o
LOAD ./Drivers/STM32F4xx_HAL_Driver/Src/stm32f4xx_hal_rcc_ex.o
LOAD ./Drivers/STM32F4xx_HAL_Driver/Src/stm32f4xx_hal_sd.o
LOAD ./Drivers/STM32F4xx_HAL_Driver/Src/stm32f4xx_hal_uart.o
LOAD ./Drivers/STM32F4xx_HAL_Driver/Src/stm32f4xx_ll_sdmmc.o
LOAD ./FATFS/App/fatfs.o
LOAD ./FATFS/Target/bsp_driver_sd.o
LOAD ./FATFS/Target/sd_diskio.o
LOAD ./Middlewares/Third_Party/FatFs/src/diskio.o
LOAD ./Middlewares/Third_Party/FatFs/src/ff.o
LOAD ./Middlewares/Third_Party/FatFs/src/ff_gen_drv.o
LOAD ./Middlewares/Third_Party/FatFs/src/option/syscall.o
LOAD ./Middlewares/Third_Party/FreeRTOS/Source/CMSIS_RTOS/cmsis_os.o
LOAD ./Middlewares/Third_Party/FreeRTOS/Source/croutine.o
LOAD ./Middlewares/Third_Party/FreeRTOS/Source/event_groups.o
LOAD ./Middlewares/Third_Party/FreeRTOS/Source/list.o
LOAD ./Middlewares/Third_Party/FreeRTOS/Source/queue.o
LOAD ./Middlewares/Third_Party/FreeRTOS/Source/stream_buffer.o
LOAD ./Middlewares/Third_Party/FreeRTOS/Source/tasks.o
LOAD ./Middlewares/Third_Party/FreeRTOS/Source/timers.o
LOAD ./Middlewares/Third_Party/FreeRTOS/Source/portable/GCC/ARM_CM4F/port.o
LOAD ./Middlewares/Third_Party/FreeRTOS/Source/portable/MemMang/heap_4.o
START GROUP
LOAD C:/ST/STM32CubeIDE_1.13.1/STM32CubeIDE/plugins/com.st.stm32cube.ide.mcu.externaltools.gnu-tools-for-stm32.11.3.rel1.win32_1.1.0.202305231506/tools/bin/../lib/gcc/arm-none-eabi/11.3.1/../../../../arm-none-eabi/lib/thumb/v7e-m+fp/hard\libc_nano.a
LOAD C:/ST/STM32CubeIDE_1.13.1/STM32CubeIDE/plugins/com.st.stm32cube.ide.mcu.externaltools.gnu-tools-for-stm32.11.3.rel1.win32_1.1.0.202305231506/tools/bin/../lib/gcc/arm-none-eabi/11.3.1/../../../../arm-none-eabi/lib/thumb/v7e-m+fp/hard\libm.a
END GROUP
START GROUP
LOAD C:/ST/STM32CubeIDE_1.13.1/STM32CubeIDE/plugins/com.st.stm32cube.ide.mcu.externaltools.gnu-tools-for-stm32.11.3.rel1.win32_1.1.0.202305231506/tools/bin/../lib/gcc/arm-none-eabi/11.3.1/thumb/v7e-m+fp/hard\libgcc.a
LOAD C:/ST/STM32CubeIDE_1.13.1/STM32CubeIDE/plugins/com.st.stm32cube.ide.mcu.externaltools.gnu-tools-for-stm32.11.3.rel1.win32_1.1.0.202305231506/tools/bin/../lib/gcc/arm-none-eabi/11.3.1/../../../../arm-none-eabi/lib/thumb/v7e-m+fp/hard\libc_nano.a
END GROUP
START GROUP
LOAD C:/ST/STM32CubeIDE_1.13.1/STM32CubeIDE/plugins/com.st.stm32cube.ide.mcu.externaltools.gnu-tools-for-stm32.11.3.rel1.win32_1.1.0.202305231506/tools/bin/../lib/gcc/arm-none-eabi/11.3.1/thumb/v7e-m+fp/hard\libgcc.a
LOAD C:/ST/STM32CubeIDE_1.13.1/STM32CubeIDE/plugins/com.st.stm32cube.ide.mcu.externaltools.gnu-tools-for-stm32.11.3.rel1.win32_1.1.0.202305231506/tools/bin/../lib/gcc/arm-none-eabi/11.3.1/../../../../arm-none-eabi/lib/thumb/v7e-m+fp/hard\libc_nano.a
LOAD C:/ST/STM32CubeIDE_1.13.1/STM32CubeIDE/plugins/com.st.stm32cube.ide.mcu.externaltools.gnu-tools-for-stm32.11.3.rel1.win32_1.1.0.202305231506/tools/bin/../lib/gcc/arm-none-eabi/11.3.1/../../../../arm-none-eabi/lib/thumb/v7e-m+fp/hard\libnosys.a
END GROUP
START GROUP
LOAD C:/ST/STM32CubeIDE_1.13.1/STM32CubeIDE/plugins/com.st.stm32cube.ide.mcu.externaltools.gnu-tools-for-stm32.11.3.rel1.win32_1.1.0.202305231506/tools/bin/../lib/gcc/arm-none-eabi/11.3.1/thumb/v7e-m+fp/hard\libgcc.a
LOAD C:/ST/STM32CubeIDE_1.13.1/STM32CubeIDE/plugins/com.st.stm32cube.ide.mcu.externaltools.gnu-tools-for-stm32.11.3.rel1.win32_1.1.0.202305231506/tools/bin/../lib/gcc/arm-none-eabi/11.3.1/../../../../arm-none-eabi/lib/thumb/v7e-m+fp/hard\libc_nano.a
LOAD C:/ST/STM32CubeIDE_1.13.1/STM32CubeIDE/plugins/com.st.stm32cube.ide.mcu.externaltools.gnu-tools-for-stm32.11.3.rel1.win32_1.1.0.202305231506/tools/bin/../lib/gcc/arm-none-eabi/11.3.1/../../../../arm-none-eabi/lib/thumb/v7e-m+fp/hard\libnosys.a
END GROUP
LOAD C:/ST/STM32CubeIDE_1.13.1/STM32CubeIDE/plugins/com.st.stm32cube.ide.mcu.externaltools.gnu-tools-for-stm32.11.3.rel1.win32_1.1.0.202305231506/tools/bin/../lib/gcc/arm-none-eabi/11.3.1/thumb/v7e-m+fp/hard/crtend.o
LOAD C:/ST/STM32CubeIDE_1.13.1/STM32CubeIDE/plugins/com.st.stm32cube.ide.mcu.externaltools.gnu-tools-for-stm32.11.3.rel1.win32_1.1.0.202305231506/tools/bin/../lib/gcc/arm-none-eabi/11.3.1/thumb/v7e-m+fp/hard/crtn.o
                0x0000000020020000                _estack = (ORIGIN (RAM) + LENGTH (RAM))
                0x0000000000000f00                _Min_Heap_Size = 0xf00
                0x0000000000000f00                _Min_Stack_Size = 0xf00

.isr_vector     0x0000000008000000      0x188
                0x0000000008000000                . = ALIGN (0x4)
 *(.isr_vector)
 .isr_vector    0x0000000008000000      0x188 ./Core/Startup/startup_stm32f417vgtx.o
                0x0000000008000000                g_pfnVectors
                0x0000000008000188                . = ALIGN (0x4)

.text           0x0000000008000190     0xc26c
                0x0000000008000190                . = ALIGN (0x4)
 *(.text)
 .text          0x0000000008000190       0x40 C:/ST/STM32CubeIDE_1.13.1/STM32CubeIDE/plugins/com.st.stm32cube.ide.mcu.externaltools.gnu-tools-for-stm32.11.3.rel1.win32_1.1.0.202305231506/tools/bin/../lib/gcc/arm-none-eabi/11.3.1/thumb/v7e-m+fp/hard/crtbegin.o
 .text          0x00000000080001d0       0x10 C:/ST/STM32CubeIDE_1.13.1/STM32CubeIDE/plugins/com.st.stm32cube.ide.mcu.externaltools.gnu-tools-for-stm32.11.3.rel1.win32_1.1.0.202305231506/tools/bin/../lib/gcc/arm-none-eabi/11.3.1/../../../../arm-none-eabi/lib/thumb/v7e-m+fp/hard\libc_nano.a(libc_a-strlen.o)
                0x00000000080001d0                strlen
 .text          0x00000000080001e0       0xa0 C:/ST/STM32CubeIDE_1.13.1/STM32CubeIDE/plugins/com.st.stm32cube.ide.mcu.externaltools.gnu-tools-for-stm32.11.3.rel1.win32_1.1.0.202305231506/tools/bin/../lib/gcc/arm-none-eabi/11.3.1/../../../../arm-none-eabi/lib/thumb/v7e-m+fp/hard\libc_nano.a(libc_a-memchr.o)
                0x00000000080001e0                memchr
 .text          0x0000000008000280       0x30 C:/ST/STM32CubeIDE_1.13.1/STM32CubeIDE/plugins/com.st.stm32cube.ide.mcu.externaltools.gnu-tools-for-stm32.11.3.rel1.win32_1.1.0.202305231506/tools/bin/../lib/gcc/arm-none-eabi/11.3.1/thumb/v7e-m+fp/hard\libgcc.a(_aeabi_uldivmod.o)
                0x0000000008000280                __aeabi_uldivmod
 .text          0x00000000080002b0      0x2c8 C:/ST/STM32CubeIDE_1.13.1/STM32CubeIDE/plugins/com.st.stm32cube.ide.mcu.externaltools.gnu-tools-for-stm32.11.3.rel1.win32_1.1.0.202305231506/tools/bin/../lib/gcc/arm-none-eabi/11.3.1/thumb/v7e-m+fp/hard\libgcc.a(_udivmoddi4.o)
                0x00000000080002b0                __udivmoddi4
 .text          0x0000000008000578        0x4 C:/ST/STM32CubeIDE_1.13.1/STM32CubeIDE/plugins/com.st.stm32cube.ide.mcu.externaltools.gnu-tools-for-stm32.11.3.rel1.win32_1.1.0.202305231506/tools/bin/../lib/gcc/arm-none-eabi/11.3.1/thumb/v7e-m+fp/hard\libgcc.a(_dvmd_tls.o)
                0x0000000008000578                __aeabi_idiv0
                0x0000000008000578                __aeabi_ldiv0
 *(.text*)
 .text.Send_Uart
                0x000000000800057c       0x2c ./Core/Src/File_Handling.o
                0x000000000800057c                Send_Uart
 .text.Mount_SD
                0x00000000080005a8       0x60 ./Core/Src/File_Handling.o
                0x00000000080005a8                Mount_SD
 .text.Create_File
                0x0000000008000608       0xcc ./Core/Src/File_Handling.o
                0x0000000008000608                Create_File
 .text.Update_File
                0x00000000080006d4       0x8c ./Core/Src/File_Handling.o
                0x00000000080006d4                Update_File
 .text.vApplicationGetIdleTaskMemory
                0x0000000008000760       0x34 ./Core/Src/freertos.o
                0x0000000008000760                vApplicationGetIdleTaskMemory
 .text.configCANFilters
                0x0000000008000794       0x4e ./Core/Src/main.o
                0x0000000008000794                configCANFilters
 *fill*         0x00000000080007e2        0x2 
 .text.HAL_CAN_RxFifo0MsgPendingCallback
                0x00000000080007e4       0xc8 ./Core/Src/main.o
                0x00000000080007e4                HAL_CAN_RxFifo0MsgPendingCallback
 .text.HAL_CAN_RxFifo1MsgPendingCallback
                0x00000000080008ac       0x64 ./Core/Src/main.o
                0x00000000080008ac                HAL_CAN_RxFifo1MsgPendingCallback
 .text.main     0x0000000008000910       0x6c ./Core/Src/main.o
                0x0000000008000910                main
 .text.SystemClock_Config
                0x000000000800097c       0xd4 ./Core/Src/main.o
                0x000000000800097c                SystemClock_Config
 .text.MX_CAN1_Init
                0x0000000008000a50       0x6c ./Core/Src/main.o
 .text.MX_SDIO_SD_Init
                0x0000000008000abc       0x60 ./Core/Src/main.o
 .text.MX_USART1_UART_Init
                0x0000000008000b1c       0x54 ./Core/Src/main.o
 .text.MX_DMA_Init
                0x0000000008000b70       0x50 ./Core/Src/main.o
 .text.MX_GPIO_Init
                0x0000000008000bc0       0x88 ./Core/Src/main.o
 .text.StartDefaultTask
                0x0000000008000c48      0x394 ./Core/Src/main.o
                0x0000000008000c48                StartDefaultTask
 .text.Error_Handler
                0x0000000008000fdc        0xa ./Core/Src/main.o
                0x0000000008000fdc                Error_Handler
 *fill*         0x0000000008000fe6        0x2 
 .text.HAL_MspInit
                0x0000000008000fe8       0x58 ./Core/Src/stm32f4xx_hal_msp.o
                0x0000000008000fe8                HAL_MspInit
 .text.HAL_CAN_MspInit
                0x0000000008001040       0xd0 ./Core/Src/stm32f4xx_hal_msp.o
                0x0000000008001040                HAL_CAN_MspInit
 .text.HAL_SD_MspInit
                0x0000000008001110      0x1e0 ./Core/Src/stm32f4xx_hal_msp.o
                0x0000000008001110                HAL_SD_MspInit
 .text.HAL_UART_MspInit
                0x00000000080012f0       0x90 ./Core/Src/stm32f4xx_hal_msp.o
                0x00000000080012f0                HAL_UART_MspInit
 .text.NMI_Handler
                0x0000000008001380        0x6 ./Core/Src/stm32f4xx_it.o
                0x0000000008001380                NMI_Handler
 .text.HardFault_Handler
                0x0000000008001386        0x6 ./Core/Src/stm32f4xx_it.o
                0x0000000008001386                HardFault_Handler
 .text.MemManage_Handler
                0x000000000800138c        0x6 ./Core/Src/stm32f4xx_it.o
                0x000000000800138c                MemManage_Handler
 .text.BusFault_Handler
                0x0000000008001392        0x6 ./Core/Src/stm32f4xx_it.o
                0x0000000008001392                BusFault_Handler
 .text.UsageFault_Handler
                0x0000000008001398        0x6 ./Core/Src/stm32f4xx_it.o
                0x0000000008001398                UsageFault_Handler
 .text.DebugMon_Handler
                0x000000000800139e        0xe ./Core/Src/stm32f4xx_it.o
                0x000000000800139e                DebugMon_Handler
 .text.SysTick_Handler
                0x00000000080013ac       0x1a ./Core/Src/stm32f4xx_it.o
                0x00000000080013ac                SysTick_Handler
 *fill*         0x00000000080013c6        0x2 
 .text.CAN1_TX_IRQHandler
                0x00000000080013c8       0x14 ./Core/Src/stm32f4xx_it.o
                0x00000000080013c8                CAN1_TX_IRQHandler
 .text.CAN1_RX0_IRQHandler
                0x00000000080013dc       0x14 ./Core/Src/stm32f4xx_it.o
                0x00000000080013dc                CAN1_RX0_IRQHandler
 .text.CAN1_RX1_IRQHandler
                0x00000000080013f0       0x14 ./Core/Src/stm32f4xx_it.o
                0x00000000080013f0                CAN1_RX1_IRQHandler
 .text.CAN1_SCE_IRQHandler
                0x0000000008001404       0x14 ./Core/Src/stm32f4xx_it.o
                0x0000000008001404                CAN1_SCE_IRQHandler
 .text.SDIO_IRQHandler
                0x0000000008001418       0x14 ./Core/Src/stm32f4xx_it.o
                0x0000000008001418                SDIO_IRQHandler
 .text.DMA2_Stream3_IRQHandler
                0x000000000800142c       0x14 ./Core/Src/stm32f4xx_it.o
                0x000000000800142c                DMA2_Stream3_IRQHandler
 .text.DMA2_Stream6_IRQHandler
                0x0000000008001440       0x14 ./Core/Src/stm32f4xx_it.o
                0x0000000008001440                DMA2_Stream6_IRQHandler
 .text._sbrk    0x0000000008001454       0x6c ./Core/Src/sysmem.o
                0x0000000008001454                _sbrk
 .text.SystemInit
                0x00000000080014c0       0x24 ./Core/Src/system_stm32f4xx.o
                0x00000000080014c0                SystemInit
 .text.Reset_Handler
                0x00000000080014e4       0x50 ./Core/Startup/startup_stm32f417vgtx.o
                0x00000000080014e4                Reset_Handler
 .text.Default_Handler
                0x0000000008001534        0x2 ./Core/Startup/startup_stm32f417vgtx.o
                0x0000000008001534                RTC_Alarm_IRQHandler
                0x0000000008001534                HASH_RNG_IRQHandler
                0x0000000008001534                EXTI2_IRQHandler
                0x0000000008001534                TIM8_CC_IRQHandler
                0x0000000008001534                TIM1_CC_IRQHandler
                0x0000000008001534                DMA2_Stream5_IRQHandler
                0x0000000008001534                DMA1_Stream5_IRQHandler
                0x0000000008001534                PVD_IRQHandler
                0x0000000008001534                TAMP_STAMP_IRQHandler
                0x0000000008001534                CAN2_RX1_IRQHandler
                0x0000000008001534                EXTI3_IRQHandler
                0x0000000008001534                TIM8_TRG_COM_TIM14_IRQHandler
                0x0000000008001534                TIM1_UP_TIM10_IRQHandler
                0x0000000008001534                TIM8_UP_TIM13_IRQHandler
                0x0000000008001534                I2C3_ER_IRQHandler
                0x0000000008001534                EXTI0_IRQHandler
                0x0000000008001534                I2C2_EV_IRQHandler
                0x0000000008001534                DMA1_Stream2_IRQHandler
                0x0000000008001534                FPU_IRQHandler
                0x0000000008001534                OTG_HS_WKUP_IRQHandler
                0x0000000008001534                CAN2_SCE_IRQHandler
                0x0000000008001534                DMA2_Stream2_IRQHandler
                0x0000000008001534                SPI1_IRQHandler
                0x0000000008001534                TIM6_DAC_IRQHandler
                0x0000000008001534                TIM1_BRK_TIM9_IRQHandler
                0x0000000008001534                DCMI_IRQHandler
                0x0000000008001534                CAN2_RX0_IRQHandler
                0x0000000008001534                USART6_IRQHandler
                0x0000000008001534                USART3_IRQHandler
                0x0000000008001534                CRYP_IRQHandler
                0x0000000008001534                UART5_IRQHandler
                0x0000000008001534                DMA2_Stream0_IRQHandler
                0x0000000008001534                TIM4_IRQHandler
                0x0000000008001534                I2C1_EV_IRQHandler
                0x0000000008001534                DMA1_Stream6_IRQHandler
                0x0000000008001534                DMA1_Stream1_IRQHandler
                0x0000000008001534                UART4_IRQHandler
                0x0000000008001534                TIM3_IRQHandler
                0x0000000008001534                RCC_IRQHandler
                0x0000000008001534                TIM8_BRK_TIM12_IRQHandler
                0x0000000008001534                Default_Handler
                0x0000000008001534                EXTI15_10_IRQHandler
                0x0000000008001534                ADC_IRQHandler
                0x0000000008001534                DMA1_Stream7_IRQHandler
                0x0000000008001534                TIM7_IRQHandler
                0x0000000008001534                CAN2_TX_IRQHandler
                0x0000000008001534                TIM5_IRQHandler
                0x0000000008001534                DMA2_Stream7_IRQHandler
                0x0000000008001534                I2C3_EV_IRQHandler
                0x0000000008001534                EXTI9_5_IRQHandler
                0x0000000008001534                RTC_WKUP_IRQHandler
                0x0000000008001534                ETH_WKUP_IRQHandler
                0x0000000008001534                SPI2_IRQHandler
                0x0000000008001534                OTG_HS_EP1_IN_IRQHandler
                0x0000000008001534                DMA1_Stream0_IRQHandler
                0x0000000008001534                EXTI4_IRQHandler
                0x0000000008001534                FSMC_IRQHandler
                0x0000000008001534                ETH_IRQHandler
                0x0000000008001534                OTG_HS_EP1_OUT_IRQHandler
                0x0000000008001534                WWDG_IRQHandler
                0x0000000008001534                TIM2_IRQHandler
                0x0000000008001534                OTG_FS_WKUP_IRQHandler
                0x0000000008001534                TIM1_TRG_COM_TIM11_IRQHandler
                0x0000000008001534                OTG_HS_IRQHandler
                0x0000000008001534                EXTI1_IRQHandler
                0x0000000008001534                USART2_IRQHandler
                0x0000000008001534                I2C2_ER_IRQHandler
                0x0000000008001534                DMA2_Stream1_IRQHandler
                0x0000000008001534                FLASH_IRQHandler
                0x0000000008001534                DMA2_Stream4_IRQHandler
                0x0000000008001534                USART1_IRQHandler
                0x0000000008001534                OTG_FS_IRQHandler
                0x0000000008001534                SPI3_IRQHandler
                0x0000000008001534                DMA1_Stream4_IRQHandler
                0x0000000008001534                I2C1_ER_IRQHandler
                0x0000000008001534                DMA1_Stream3_IRQHandler
 *fill*         0x0000000008001536        0x2 
 .text.HAL_Init
                0x0000000008001538       0x44 ./Drivers/STM32F4xx_HAL_Driver/Src/stm32f4xx_hal.o
                0x0000000008001538                HAL_Init
 .text.HAL_InitTick
                0x000000000800157c       0x60 ./Drivers/STM32F4xx_HAL_Driver/Src/stm32f4xx_hal.o
                0x000000000800157c                HAL_InitTick
 .text.HAL_IncTick
                0x00000000080015dc       0x28 ./Drivers/STM32F4xx_HAL_Driver/Src/stm32f4xx_hal.o
                0x00000000080015dc                HAL_IncTick
 .text.HAL_GetTick
                0x0000000008001604       0x18 ./Drivers/STM32F4xx_HAL_Driver/Src/stm32f4xx_hal.o
                0x0000000008001604                HAL_GetTick
 .text.HAL_Delay
                0x000000000800161c       0x48 ./Drivers/STM32F4xx_HAL_Driver/Src/stm32f4xx_hal.o
                0x000000000800161c                HAL_Delay
 .text.HAL_CAN_Init
                0x0000000008001664      0x1f6 ./Drivers/STM32F4xx_HAL_Driver/Src/stm32f4xx_hal_can.o
                0x0000000008001664                HAL_CAN_Init
 *fill*         0x000000000800185a        0x2 
 .text.HAL_CAN_ConfigFilter
                0x000000000800185c      0x1c0 ./Drivers/STM32F4xx_HAL_Driver/Src/stm32f4xx_hal_can.o
                0x000000000800185c                HAL_CAN_ConfigFilter
 .text.HAL_CAN_Start
                0x0000000008001a1c       0x88 ./Drivers/STM32F4xx_HAL_Driver/Src/stm32f4xx_hal_can.o
                0x0000000008001a1c                HAL_CAN_Start
 .text.HAL_CAN_GetRxMessage
                0x0000000008001aa4      0x224 ./Drivers/STM32F4xx_HAL_Driver/Src/stm32f4xx_hal_can.o
                0x0000000008001aa4                HAL_CAN_GetRxMessage
 .text.HAL_CAN_ActivateNotification
                0x0000000008001cc8       0x4c ./Drivers/STM32F4xx_HAL_Driver/Src/stm32f4xx_hal_can.o
                0x0000000008001cc8                HAL_CAN_ActivateNotification
 .text.HAL_CAN_IRQHandler
                0x0000000008001d14      0x36e ./Drivers/STM32F4xx_HAL_Driver/Src/stm32f4xx_hal_can.o
                0x0000000008001d14                HAL_CAN_IRQHandler
 .text.HAL_CAN_TxMailbox0CompleteCallback
                0x0000000008002082       0x14 ./Drivers/STM32F4xx_HAL_Driver/Src/stm32f4xx_hal_can.o
                0x0000000008002082                HAL_CAN_TxMailbox0CompleteCallback
 .text.HAL_CAN_TxMailbox1CompleteCallback
                0x0000000008002096       0x14 ./Drivers/STM32F4xx_HAL_Driver/Src/stm32f4xx_hal_can.o
                0x0000000008002096                HAL_CAN_TxMailbox1CompleteCallback
 .text.HAL_CAN_TxMailbox2CompleteCallback
                0x00000000080020aa       0x14 ./Drivers/STM32F4xx_HAL_Driver/Src/stm32f4xx_hal_can.o
                0x00000000080020aa                HAL_CAN_TxMailbox2CompleteCallback
 .text.HAL_CAN_TxMailbox0AbortCallback
                0x00000000080020be       0x14 ./Drivers/STM32F4xx_HAL_Driver/Src/stm32f4xx_hal_can.o
                0x00000000080020be                HAL_CAN_TxMailbox0AbortCallback
 .text.HAL_CAN_TxMailbox1AbortCallback
                0x00000000080020d2       0x14 ./Drivers/STM32F4xx_HAL_Driver/Src/stm32f4xx_hal_can.o
                0x00000000080020d2                HAL_CAN_TxMailbox1AbortCallback
 .text.HAL_CAN_TxMailbox2AbortCallback
                0x00000000080020e6       0x14 ./Drivers/STM32F4xx_HAL_Driver/Src/stm32f4xx_hal_can.o
                0x00000000080020e6                HAL_CAN_TxMailbox2AbortCallback
 .text.HAL_CAN_RxFifo0FullCallback
                0x00000000080020fa       0x14 ./Drivers/STM32F4xx_HAL_Driver/Src/stm32f4xx_hal_can.o
                0x00000000080020fa                HAL_CAN_RxFifo0FullCallback
 .text.HAL_CAN_RxFifo1FullCallback
                0x000000000800210e       0x14 ./Drivers/STM32F4xx_HAL_Driver/Src/stm32f4xx_hal_can.o
                0x000000000800210e                HAL_CAN_RxFifo1FullCallback
 .text.HAL_CAN_SleepCallback
                0x0000000008002122       0x14 ./Drivers/STM32F4xx_HAL_Driver/Src/stm32f4xx_hal_can.o
                0x0000000008002122                HAL_CAN_SleepCallback
 .text.HAL_CAN_WakeUpFromRxMsgCallback
                0x0000000008002136       0x14 ./Drivers/STM32F4xx_HAL_Driver/Src/stm32f4xx_hal_can.o
                0x0000000008002136                HAL_CAN_WakeUpFromRxMsgCallback
 .text.HAL_CAN_ErrorCallback
                0x000000000800214a       0x14 ./Drivers/STM32F4xx_HAL_Driver/Src/stm32f4xx_hal_can.o
                0x000000000800214a                HAL_CAN_ErrorCallback
 *fill*         0x000000000800215e        0x2 
 .text.__NVIC_SetPriorityGrouping
                0x0000000008002160       0x48 ./Drivers/STM32F4xx_HAL_Driver/Src/stm32f4xx_hal_cortex.o
 .text.__NVIC_GetPriorityGrouping
                0x00000000080021a8       0x1c ./Drivers/STM32F4xx_HAL_Driver/Src/stm32f4xx_hal_cortex.o
 .text.__NVIC_EnableIRQ
                0x00000000080021c4       0x3c ./Drivers/STM32F4xx_HAL_Driver/Src/stm32f4xx_hal_cortex.o
 .text.__NVIC_SetPriority
                0x0000000008002200       0x54 ./Drivers/STM32F4xx_HAL_Driver/Src/stm32f4xx_hal_cortex.o
 .text.NVIC_EncodePriority
                0x0000000008002254       0x66 ./Drivers/STM32F4xx_HAL_Driver/Src/stm32f4xx_hal_cortex.o
 *fill*         0x00000000080022ba        0x2 
 .text.SysTick_Config
                0x00000000080022bc       0x44 ./Drivers/STM32F4xx_HAL_Driver/Src/stm32f4xx_hal_cortex.o
 .text.HAL_NVIC_SetPriorityGrouping
                0x0000000008002300       0x16 ./Drivers/STM32F4xx_HAL_Driver/Src/stm32f4xx_hal_cortex.o
                0x0000000008002300                HAL_NVIC_SetPriorityGrouping
 .text.HAL_NVIC_SetPriority
                0x0000000008002316       0x38 ./Drivers/STM32F4xx_HAL_Driver/Src/stm32f4xx_hal_cortex.o
                0x0000000008002316                HAL_NVIC_SetPriority
 .text.HAL_NVIC_EnableIRQ
                0x000000000800234e       0x1c ./Drivers/STM32F4xx_HAL_Driver/Src/stm32f4xx_hal_cortex.o
                0x000000000800234e                HAL_NVIC_EnableIRQ
 .text.HAL_SYSTICK_Config
                0x000000000800236a       0x18 ./Drivers/STM32F4xx_HAL_Driver/Src/stm32f4xx_hal_cortex.o
                0x000000000800236a                HAL_SYSTICK_Config
 *fill*         0x0000000008002382        0x2 
 .text.HAL_DMA_Init
                0x0000000008002384      0x15c ./Drivers/STM32F4xx_HAL_Driver/Src/stm32f4xx_hal_dma.o
                0x0000000008002384                HAL_DMA_Init
 .text.HAL_DMA_Start_IT
                0x00000000080024e0       0xb0 ./Drivers/STM32F4xx_HAL_Driver/Src/stm32f4xx_hal_dma.o
                0x00000000080024e0                HAL_DMA_Start_IT
 .text.HAL_DMA_Abort_IT
                0x0000000008002590       0x44 ./Drivers/STM32F4xx_HAL_Driver/Src/stm32f4xx_hal_dma.o
                0x0000000008002590                HAL_DMA_Abort_IT
 .text.HAL_DMA_IRQHandler
                0x00000000080025d4      0x314 ./Drivers/STM32F4xx_HAL_Driver/Src/stm32f4xx_hal_dma.o
                0x00000000080025d4                HAL_DMA_IRQHandler
 .text.HAL_DMA_GetError
                0x00000000080028e8       0x18 ./Drivers/STM32F4xx_HAL_Driver/Src/stm32f4xx_hal_dma.o
                0x00000000080028e8                HAL_DMA_GetError
 .text.DMA_SetConfig
                0x0000000008002900       0x5c ./Drivers/STM32F4xx_HAL_Driver/Src/stm32f4xx_hal_dma.o
 .text.DMA_CalcBaseAndBitshift
                0x000000000800295c       0x6c ./Drivers/STM32F4xx_HAL_Driver/Src/stm32f4xx_hal_dma.o
 .text.DMA_CheckFifoParam
                0x00000000080029c8       0xf8 ./Drivers/STM32F4xx_HAL_Driver/Src/stm32f4xx_hal_dma.o
 .text.HAL_GPIO_Init
                0x0000000008002ac0      0x338 ./Drivers/STM32F4xx_HAL_Driver/Src/stm32f4xx_hal_gpio.o
                0x0000000008002ac0                HAL_GPIO_Init
 .text.HAL_RCC_OscConfig
                0x0000000008002df8      0x4f0 ./Drivers/STM32F4xx_HAL_Driver/Src/stm32f4xx_hal_rcc.o
                0x0000000008002df8                HAL_RCC_OscConfig
 .text.HAL_RCC_ClockConfig
                0x00000000080032e8      0x1cc ./Drivers/STM32F4xx_HAL_Driver/Src/stm32f4xx_hal_rcc.o
                0x00000000080032e8                HAL_RCC_ClockConfig
 .text.HAL_RCC_GetSysClockFreq
                0x00000000080034b4      0x20c ./Drivers/STM32F4xx_HAL_Driver/Src/stm32f4xx_hal_rcc.o
                0x00000000080034b4                HAL_RCC_GetSysClockFreq
 .text.HAL_RCC_GetHCLKFreq
                0x00000000080036c0       0x18 ./Drivers/STM32F4xx_HAL_Driver/Src/stm32f4xx_hal_rcc.o
                0x00000000080036c0                HAL_RCC_GetHCLKFreq
 .text.HAL_RCC_GetPCLK1Freq
                0x00000000080036d8       0x28 ./Drivers/STM32F4xx_HAL_Driver/Src/stm32f4xx_hal_rcc.o
                0x00000000080036d8                HAL_RCC_GetPCLK1Freq
 .text.HAL_RCC_GetPCLK2Freq
                0x0000000008003700       0x28 ./Drivers/STM32F4xx_HAL_Driver/Src/stm32f4xx_hal_rcc.o
                0x0000000008003700                HAL_RCC_GetPCLK2Freq
 .text.HAL_SD_Init
                0x0000000008003728       0x60 ./Drivers/STM32F4xx_HAL_Driver/Src/stm32f4xx_hal_sd.o
                0x0000000008003728                HAL_SD_Init
 .text.HAL_SD_InitCard
                0x0000000008003788      0x100 ./Drivers/STM32F4xx_HAL_Driver/Src/stm32f4xx_hal_sd.o
                0x0000000008003788                HAL_SD_InitCard
 .text.HAL_SD_ReadBlocks_DMA
                0x0000000008003888      0x1c4 ./Drivers/STM32F4xx_HAL_Driver/Src/stm32f4xx_hal_sd.o
                0x0000000008003888                HAL_SD_ReadBlocks_DMA
 .text.HAL_SD_WriteBlocks_DMA
                0x0000000008003a4c      0x1cc ./Drivers/STM32F4xx_HAL_Driver/Src/stm32f4xx_hal_sd.o
                0x0000000008003a4c                HAL_SD_WriteBlocks_DMA
 .text.HAL_SD_IRQHandler
                0x0000000008003c18      0x30c ./Drivers/STM32F4xx_HAL_Driver/Src/stm32f4xx_hal_sd.o
                0x0000000008003c18                HAL_SD_IRQHandler
 .text.HAL_SD_ErrorCallback
                0x0000000008003f24       0x14 ./Drivers/STM32F4xx_HAL_Driver/Src/stm32f4xx_hal_sd.o
                0x0000000008003f24                HAL_SD_ErrorCallback
 .text.HAL_SD_GetCardCSD
                0x0000000008003f38      0x348 ./Drivers/STM32F4xx_HAL_Driver/Src/stm32f4xx_hal_sd.o
                0x0000000008003f38                HAL_SD_GetCardCSD
 .text.HAL_SD_GetCardInfo
                0x0000000008004280       0x58 ./Drivers/STM32F4xx_HAL_Driver/Src/stm32f4xx_hal_sd.o
                0x0000000008004280                HAL_SD_GetCardInfo
 .text.HAL_SD_ConfigWideBusOperation
                0x00000000080042d8      0x134 ./Drivers/STM32F4xx_HAL_Driver/Src/stm32f4xx_hal_sd.o
                0x00000000080042d8                HAL_SD_ConfigWideBusOperation
 .text.HAL_SD_GetCardState
                0x000000000800440c       0x40 ./Drivers/STM32F4xx_HAL_Driver/Src/stm32f4xx_hal_sd.o
                0x000000000800440c                HAL_SD_GetCardState
 .text.SD_DMATransmitCplt
                0x000000000800444c       0x2a ./Drivers/STM32F4xx_HAL_Driver/Src/stm32f4xx_hal_sd.o
 .text.SD_DMAReceiveCplt
                0x0000000008004476       0x70 ./Drivers/STM32F4xx_HAL_Driver/Src/stm32f4xx_hal_sd.o
 *fill*         0x00000000080044e6        0x2 
 .text.SD_DMAError
                0x00000000080044e8       0xa4 ./Drivers/STM32F4xx_HAL_Driver/Src/stm32f4xx_hal_sd.o
 .text.SD_DMATxAbort
                0x000000000800458c       0x6e ./Drivers/STM32F4xx_HAL_Driver/Src/stm32f4xx_hal_sd.o
 .text.SD_DMARxAbort
                0x00000000080045fa       0x6e ./Drivers/STM32F4xx_HAL_Driver/Src/stm32f4xx_hal_sd.o
 .text.SD_InitCard
                0x0000000008004668      0x19c ./Drivers/STM32F4xx_HAL_Driver/Src/stm32f4xx_hal_sd.o
 .text.SD_PowerON
                0x0000000008004804      0x11c ./Drivers/STM32F4xx_HAL_Driver/Src/stm32f4xx_hal_sd.o
 .text.SD_SendStatus
                0x0000000008004920       0x50 ./Drivers/STM32F4xx_HAL_Driver/Src/stm32f4xx_hal_sd.o
 .text.SD_WideBus_Enable
                0x0000000008004970       0x96 ./Drivers/STM32F4xx_HAL_Driver/Src/stm32f4xx_hal_sd.o
 .text.SD_WideBus_Disable
                0x0000000008004a06       0x96 ./Drivers/STM32F4xx_HAL_Driver/Src/stm32f4xx_hal_sd.o
 .text.SD_FindSCR
                0x0000000008004a9c      0x1a6 ./Drivers/STM32F4xx_HAL_Driver/Src/stm32f4xx_hal_sd.o
 .text.SD_Read_IT
                0x0000000008004c42       0xa2 ./Drivers/STM32F4xx_HAL_Driver/Src/stm32f4xx_hal_sd.o
 .text.SD_Write_IT
                0x0000000008004ce4       0xaa ./Drivers/STM32F4xx_HAL_Driver/Src/stm32f4xx_hal_sd.o
 .text.HAL_UART_Init
                0x0000000008004d8e       0x9a ./Drivers/STM32F4xx_HAL_Driver/Src/stm32f4xx_hal_uart.o
                0x0000000008004d8e                HAL_UART_Init
 .text.HAL_UART_Transmit
                0x0000000008004e28      0x124 ./Drivers/STM32F4xx_HAL_Driver/Src/stm32f4xx_hal_uart.o
                0x0000000008004e28                HAL_UART_Transmit
 .text.UART_WaitOnFlagUntilTimeout
                0x0000000008004f4c       0xdc ./Drivers/STM32F4xx_HAL_Driver/Src/stm32f4xx_hal_uart.o
 .text.UART_SetConfig
                0x0000000008005028      0x4e8 ./Drivers/STM32F4xx_HAL_Driver/Src/stm32f4xx_hal_uart.o
 .text.SDIO_Init
                0x0000000008005510       0x56 ./Drivers/STM32F4xx_HAL_Driver/Src/stm32f4xx_ll_sdmmc.o
                0x0000000008005510                SDIO_Init
 .text.SDIO_ReadFIFO
                0x0000000008005566       0x1a ./Drivers/STM32F4xx_HAL_Driver/Src/stm32f4xx_ll_sdmmc.o
                0x0000000008005566                SDIO_ReadFIFO
 .text.SDIO_WriteFIFO
                0x0000000008005580       0x22 ./Drivers/STM32F4xx_HAL_Driver/Src/stm32f4xx_ll_sdmmc.o
                0x0000000008005580                SDIO_WriteFIFO
 .text.SDIO_PowerState_ON
                0x00000000080055a2       0x1c ./Drivers/STM32F4xx_HAL_Driver/Src/stm32f4xx_ll_sdmmc.o
                0x00000000080055a2                SDIO_PowerState_ON
 .text.SDIO_GetPowerState
                0x00000000080055be       0x1c ./Drivers/STM32F4xx_HAL_Driver/Src/stm32f4xx_ll_sdmmc.o
                0x00000000080055be                SDIO_GetPowerState
 .text.SDIO_SendCommand
                0x00000000080055da       0x54 ./Drivers/STM32F4xx_HAL_Driver/Src/stm32f4xx_ll_sdmmc.o
                0x00000000080055da                SDIO_SendCommand
 .text.SDIO_GetCommandResponse
                0x000000000800562e       0x1a ./Drivers/STM32F4xx_HAL_Driver/Src/stm32f4xx_ll_sdmmc.o
                0x000000000800562e                SDIO_GetCommandResponse
 .text.SDIO_GetResponse
                0x0000000008005648       0x26 ./Drivers/STM32F4xx_HAL_Driver/Src/stm32f4xx_ll_sdmmc.o
                0x0000000008005648                SDIO_GetResponse
 .text.SDIO_ConfigData
                0x000000000800566e       0x58 ./Drivers/STM32F4xx_HAL_Driver/Src/stm32f4xx_ll_sdmmc.o
                0x000000000800566e                SDIO_ConfigData
 .text.SDMMC_CmdBlockLength
                0x00000000080056c6       0x44 ./Drivers/STM32F4xx_HAL_Driver/Src/stm32f4xx_ll_sdmmc.o
                0x00000000080056c6                SDMMC_CmdBlockLength
 .text.SDMMC_CmdReadSingleBlock
                0x000000000800570a       0x44 ./Drivers/STM32F4xx_HAL_Driver/Src/stm32f4xx_ll_sdmmc.o
                0x000000000800570a                SDMMC_CmdReadSingleBlock
 .text.SDMMC_CmdReadMultiBlock
                0x000000000800574e       0x44 ./Drivers/STM32F4xx_HAL_Driver/Src/stm32f4xx_ll_sdmmc.o
                0x000000000800574e                SDMMC_CmdReadMultiBlock
 .text.SDMMC_CmdWriteSingleBlock
                0x0000000008005792       0x44 ./Drivers/STM32F4xx_HAL_Driver/Src/stm32f4xx_ll_sdmmc.o
                0x0000000008005792                SDMMC_CmdWriteSingleBlock
 .text.SDMMC_CmdWriteMultiBlock
                0x00000000080057d6       0x44 ./Drivers/STM32F4xx_HAL_Driver/Src/stm32f4xx_ll_sdmmc.o
                0x00000000080057d6                SDMMC_CmdWriteMultiBlock
 *fill*         0x000000000800581a        0x2 
 .text.SDMMC_CmdStopTransfer
                0x000000000800581c       0x44 ./Drivers/STM32F4xx_HAL_Driver/Src/stm32f4xx_ll_sdmmc.o
                0x000000000800581c                SDMMC_CmdStopTransfer
 .text.SDMMC_CmdSelDesel
                0x0000000008005860       0x46 ./Drivers/STM32F4xx_HAL_Driver/Src/stm32f4xx_ll_sdmmc.o
                0x0000000008005860                SDMMC_CmdSelDesel
 .text.SDMMC_CmdGoIdleState
                0x00000000080058a6       0x3c ./Drivers/STM32F4xx_HAL_Driver/Src/stm32f4xx_ll_sdmmc.o
                0x00000000080058a6                SDMMC_CmdGoIdleState
 .text.SDMMC_CmdOperCond
                0x00000000080058e2       0x3e ./Drivers/STM32F4xx_HAL_Driver/Src/stm32f4xx_ll_sdmmc.o
                0x00000000080058e2                SDMMC_CmdOperCond
 .text.SDMMC_CmdAppCommand
                0x0000000008005920       0x44 ./Drivers/STM32F4xx_HAL_Driver/Src/stm32f4xx_ll_sdmmc.o
                0x0000000008005920                SDMMC_CmdAppCommand
 .text.SDMMC_CmdAppOperCommand
                0x0000000008005964       0x46 ./Drivers/STM32F4xx_HAL_Driver/Src/stm32f4xx_ll_sdmmc.o
                0x0000000008005964                SDMMC_CmdAppOperCommand
 .text.SDMMC_CmdBusWidth
                0x00000000080059aa       0x44 ./Drivers/STM32F4xx_HAL_Driver/Src/stm32f4xx_ll_sdmmc.o
                0x00000000080059aa                SDMMC_CmdBusWidth
 .text.SDMMC_CmdSendSCR
                0x00000000080059ee       0x42 ./Drivers/STM32F4xx_HAL_Driver/Src/stm32f4xx_ll_sdmmc.o
                0x00000000080059ee                SDMMC_CmdSendSCR
 .text.SDMMC_CmdSendCID
                0x0000000008005a30       0x3c ./Drivers/STM32F4xx_HAL_Driver/Src/stm32f4xx_ll_sdmmc.o
                0x0000000008005a30                SDMMC_CmdSendCID
 .text.SDMMC_CmdSendCSD
                0x0000000008005a6c       0x3e ./Drivers/STM32F4xx_HAL_Driver/Src/stm32f4xx_ll_sdmmc.o
                0x0000000008005a6c                SDMMC_CmdSendCSD
 .text.SDMMC_CmdSetRelAdd
                0x0000000008005aaa       0x42 ./Drivers/STM32F4xx_HAL_Driver/Src/stm32f4xx_ll_sdmmc.o
                0x0000000008005aaa                SDMMC_CmdSetRelAdd
 .text.SDMMC_CmdSendStatus
                0x0000000008005aec       0x44 ./Drivers/STM32F4xx_HAL_Driver/Src/stm32f4xx_ll_sdmmc.o
                0x0000000008005aec                SDMMC_CmdSendStatus
 .text.SDMMC_GetCmdResp1
                0x0000000008005b30      0x1dc ./Drivers/STM32F4xx_HAL_Driver/Src/stm32f4xx_ll_sdmmc.o
                0x0000000008005b30                SDMMC_GetCmdResp1
 .text.SDMMC_GetCmdResp2
                0x0000000008005d0c       0x90 ./Drivers/STM32F4xx_HAL_Driver/Src/stm32f4xx_ll_sdmmc.o
                0x0000000008005d0c                SDMMC_GetCmdResp2
 .text.SDMMC_GetCmdResp3
                0x0000000008005d9c       0x7c ./Drivers/STM32F4xx_HAL_Driver/Src/stm32f4xx_ll_sdmmc.o
                0x0000000008005d9c                SDMMC_GetCmdResp3
 .text.SDMMC_GetCmdResp6
                0x0000000008005e18       0xec ./Drivers/STM32F4xx_HAL_Driver/Src/stm32f4xx_ll_sdmmc.o
                0x0000000008005e18                SDMMC_GetCmdResp6
 .text.SDMMC_GetCmdResp7
                0x0000000008005f04       0x9c ./Drivers/STM32F4xx_HAL_Driver/Src/stm32f4xx_ll_sdmmc.o
                0x0000000008005f04                SDMMC_GetCmdResp7
 .text.SDMMC_GetCmdError
                0x0000000008005fa0       0x58 ./Drivers/STM32F4xx_HAL_Driver/Src/stm32f4xx_ll_sdmmc.o
 .text.MX_FATFS_Init
                0x0000000008005ff8       0x24 ./FATFS/App/fatfs.o
                0x0000000008005ff8                MX_FATFS_Init
 .text.BSP_SD_Init
                0x000000000800601c       0x30 ./FATFS/Target/bsp_driver_sd.o
                0x000000000800601c                BSP_SD_Init
 .text.BSP_SD_ReadBlocks_DMA
                0x000000000800604c       0x34 ./FATFS/Target/bsp_driver_sd.o
                0x000000000800604c                BSP_SD_ReadBlocks_DMA
 .text.BSP_SD_WriteBlocks_DMA
                0x0000000008006080       0x34 ./FATFS/Target/bsp_driver_sd.o
                0x0000000008006080                BSP_SD_WriteBlocks_DMA
 .text.BSP_SD_GetCardState
                0x00000000080060b4       0x20 ./FATFS/Target/bsp_driver_sd.o
                0x00000000080060b4                BSP_SD_GetCardState
 .text.BSP_SD_GetCardInfo
                0x00000000080060d4       0x1c ./FATFS/Target/bsp_driver_sd.o
                0x00000000080060d4                BSP_SD_GetCardInfo
 .text.HAL_SD_AbortCallback
                0x00000000080060f0       0x14 ./FATFS/Target/bsp_driver_sd.o
                0x00000000080060f0                HAL_SD_AbortCallback
 .text.HAL_SD_TxCpltCallback
                0x0000000008006104       0x14 ./FATFS/Target/bsp_driver_sd.o
                0x0000000008006104                HAL_SD_TxCpltCallback
 .text.HAL_SD_RxCpltCallback
                0x0000000008006118       0x14 ./FATFS/Target/bsp_driver_sd.o
                0x0000000008006118                HAL_SD_RxCpltCallback
 .text.BSP_SD_AbortCallback
                0x000000000800612c        0xe ./FATFS/Target/bsp_driver_sd.o
                0x000000000800612c                BSP_SD_AbortCallback
 .text.BSP_SD_IsDetected
                0x000000000800613a       0x1a ./FATFS/Target/bsp_driver_sd.o
                0x000000000800613a                BSP_SD_IsDetected
 .text.SD_CheckStatusWithTimeout
                0x0000000008006154       0x3a ./FATFS/Target/sd_diskio.o
 *fill*         0x000000000800618e        0x2 
 .text.SD_CheckStatus
                0x0000000008006190       0x3c ./FATFS/Target/sd_diskio.o
 .text.SD_initialize
                0x00000000080061cc       0x98 ./FATFS/Target/sd_diskio.o
                0x00000000080061cc                SD_initialize
 .text.SD_status
                0x0000000008006264       0x1c ./FATFS/Target/sd_diskio.o
                0x0000000008006264                SD_status
 .text.SD_read  0x0000000008006280       0x9c ./FATFS/Target/sd_diskio.o
                0x0000000008006280                SD_read
 .text.SD_write
                0x000000000800631c       0x94 ./FATFS/Target/sd_diskio.o
                0x000000000800631c                SD_write
 .text.SD_ioctl
                0x00000000080063b0       0xb0 ./FATFS/Target/sd_diskio.o
                0x00000000080063b0                SD_ioctl
 .text.BSP_SD_WriteCpltCallback
                0x0000000008006460       0x1c ./FATFS/Target/sd_diskio.o
                0x0000000008006460                BSP_SD_WriteCpltCallback
 .text.BSP_SD_ReadCpltCallback
                0x000000000800647c       0x1c ./FATFS/Target/sd_diskio.o
                0x000000000800647c                BSP_SD_ReadCpltCallback
 .text.disk_status
                0x0000000008006498       0x34 ./Middlewares/Third_Party/FatFs/src/diskio.o
                0x0000000008006498                disk_status
 .text.disk_initialize
                0x00000000080064cc       0x4c ./Middlewares/Third_Party/FatFs/src/diskio.o
                0x00000000080064cc                disk_initialize
 .text.disk_read
                0x0000000008006518       0x40 ./Middlewares/Third_Party/FatFs/src/diskio.o
                0x0000000008006518                disk_read
 .text.disk_write
                0x0000000008006558       0x40 ./Middlewares/Third_Party/FatFs/src/diskio.o
                0x0000000008006558                disk_write
 .text.disk_ioctl
                0x0000000008006598       0x3c ./Middlewares/Third_Party/FatFs/src/diskio.o
                0x0000000008006598                disk_ioctl
 .text.ld_word  0x00000000080065d4       0x30 ./Middlewares/Third_Party/FatFs/src/ff.o
 .text.ld_dword
                0x0000000008006604       0x46 ./Middlewares/Third_Party/FatFs/src/ff.o
 .text.st_word  0x000000000800664a       0x36 ./Middlewares/Third_Party/FatFs/src/ff.o
 .text.st_dword
                0x0000000008006680       0x58 ./Middlewares/Third_Party/FatFs/src/ff.o
 .text.mem_cpy  0x00000000080066d8       0x42 ./Middlewares/Third_Party/FatFs/src/ff.o
 .text.mem_set  0x000000000800671a       0x36 ./Middlewares/Third_Party/FatFs/src/ff.o
 .text.mem_cmp  0x0000000008006750       0x4e ./Middlewares/Third_Party/FatFs/src/ff.o
 .text.chk_chr  0x000000000800679e       0x36 ./Middlewares/Third_Party/FatFs/src/ff.o
 .text.lock_fs  0x00000000080067d4       0x2c ./Middlewares/Third_Party/FatFs/src/ff.o
 .text.unlock_fs
                0x0000000008006800       0x36 ./Middlewares/Third_Party/FatFs/src/ff.o
 *fill*         0x0000000008006836        0x2 
 .text.chk_lock
                0x0000000008006838       0xb8 ./Middlewares/Third_Party/FatFs/src/ff.o
 .text.enq_lock
                0x00000000080068f0       0x44 ./Middlewares/Third_Party/FatFs/src/ff.o
 .text.inc_lock
                0x0000000008006934      0x11c ./Middlewares/Third_Party/FatFs/src/ff.o
 .text.dec_lock
                0x0000000008006a50       0x78 ./Middlewares/Third_Party/FatFs/src/ff.o
 .text.clear_lock
                0x0000000008006ac8       0x48 ./Middlewares/Third_Party/FatFs/src/ff.o
 .text.sync_window
                0x0000000008006b10       0x88 ./Middlewares/Third_Party/FatFs/src/ff.o
 .text.move_window
                0x0000000008006b98       0x5a ./Middlewares/Third_Party/FatFs/src/ff.o
 *fill*         0x0000000008006bf2        0x2 
 .text.sync_fs  0x0000000008006bf4       0xe0 ./Middlewares/Third_Party/FatFs/src/ff.o
 .text.clust2sect
                0x0000000008006cd4       0x3e ./Middlewares/Third_Party/FatFs/src/ff.o
 .text.get_fat  0x0000000008006d12      0x1a8 ./Middlewares/Third_Party/FatFs/src/ff.o
 .text.put_fat  0x0000000008006eba      0x234 ./Middlewares/Third_Party/FatFs/src/ff.o
 .text.remove_chain
                0x00000000080070ee       0xca ./Middlewares/Third_Party/FatFs/src/ff.o
 .text.create_chain
                0x00000000080071b8      0x130 ./Middlewares/Third_Party/FatFs/src/ff.o
 .text.clmt_clust
                0x00000000080072e8       0x70 ./Middlewares/Third_Party/FatFs/src/ff.o
 .text.dir_sdi  0x0000000008007358      0x112 ./Middlewares/Third_Party/FatFs/src/ff.o
 .text.dir_next
                0x000000000800746a      0x1ac ./Middlewares/Third_Party/FatFs/src/ff.o
 .text.dir_alloc
                0x0000000008007616       0x8e ./Middlewares/Third_Party/FatFs/src/ff.o
 .text.ld_clust
                0x00000000080076a4       0x3e ./Middlewares/Third_Party/FatFs/src/ff.o
 .text.st_clust
                0x00000000080076e2       0x40 ./Middlewares/Third_Party/FatFs/src/ff.o
 .text.dir_find
                0x0000000008007722       0xaa ./Middlewares/Third_Party/FatFs/src/ff.o
 .text.dir_register
                0x00000000080077cc       0x64 ./Middlewares/Third_Party/FatFs/src/ff.o
 .text.get_fileinfo
                0x0000000008007830       0xbe ./Middlewares/Third_Party/FatFs/src/ff.o
 *fill*         0x00000000080078ee        0x2 
 .text.create_name
                0x00000000080078f0      0x128 ./Middlewares/Third_Party/FatFs/src/ff.o
 .text.follow_path
                0x0000000008007a18       0xec ./Middlewares/Third_Party/FatFs/src/ff.o
 .text.get_ldnumber
                0x0000000008007b04       0x88 ./Middlewares/Third_Party/FatFs/src/ff.o
 .text.check_fs
                0x0000000008007b8c       0xac ./Middlewares/Third_Party/FatFs/src/ff.o
 .text.find_volume
                0x0000000008007c38      0x510 ./Middlewares/Third_Party/FatFs/src/ff.o
 .text.validate
                0x0000000008008148       0x8e ./Middlewares/Third_Party/FatFs/src/ff.o
 *fill*         0x00000000080081d6        0x2 
 .text.f_mount  0x00000000080081d8       0xc8 ./Middlewares/Third_Party/FatFs/src/ff.o
                0x00000000080081d8                f_mount
 .text.f_open   0x00000000080082a0      0x3a8 ./Middlewares/Third_Party/FatFs/src/ff.o
                0x00000000080082a0                f_open
 .text.f_write  0x0000000008008648      0x386 ./Middlewares/Third_Party/FatFs/src/ff.o
                0x0000000008008648                f_write
 *fill*         0x00000000080089ce        0x2 
 .text.f_sync   0x00000000080089d0      0x114 ./Middlewares/Third_Party/FatFs/src/ff.o
                0x00000000080089d0                f_sync
 .text.f_close  0x0000000008008ae4       0x5e ./Middlewares/Third_Party/FatFs/src/ff.o
                0x0000000008008ae4                f_close
 .text.f_stat   0x0000000008008b42       0x80 ./Middlewares/Third_Party/FatFs/src/ff.o
                0x0000000008008b42                f_stat
 *fill*         0x0000000008008bc2        0x2 
 .text.FATFS_LinkDriverEx
                0x0000000008008bc4       0x98 ./Middlewares/Third_Party/FatFs/src/ff_gen_drv.o
                0x0000000008008bc4                FATFS_LinkDriverEx
 .text.FATFS_LinkDriver
                0x0000000008008c5c       0x1e ./Middlewares/Third_Party/FatFs/src/ff_gen_drv.o
                0x0000000008008c5c                FATFS_LinkDriver
 .text.ff_cre_syncobj
                0x0000000008008c7a       0x40 ./Middlewares/Third_Party/FatFs/src/option/syscall.o
                0x0000000008008c7a                ff_cre_syncobj
 .text.ff_del_syncobj
                0x0000000008008cba       0x18 ./Middlewares/Third_Party/FatFs/src/option/syscall.o
                0x0000000008008cba                ff_del_syncobj
 .text.ff_req_grant
                0x0000000008008cd2       0x2a ./Middlewares/Third_Party/FatFs/src/option/syscall.o
                0x0000000008008cd2                ff_req_grant
 .text.ff_rel_grant
                0x0000000008008cfc       0x16 ./Middlewares/Third_Party/FatFs/src/option/syscall.o
                0x0000000008008cfc                ff_rel_grant
 .text.makeFreeRtosPriority
                0x0000000008008d12       0x30 ./Middlewares/Third_Party/FreeRTOS/Source/CMSIS_RTOS/cmsis_os.o
 .text.inHandlerMode
                0x0000000008008d42       0x24 ./Middlewares/Third_Party/FreeRTOS/Source/CMSIS_RTOS/cmsis_os.o
 .text.osKernelStart
                0x0000000008008d66        0xe ./Middlewares/Third_Party/FreeRTOS/Source/CMSIS_RTOS/cmsis_os.o
                0x0000000008008d66                osKernelStart
 .text.osKernelRunning
                0x0000000008008d74       0x18 ./Middlewares/Third_Party/FreeRTOS/Source/CMSIS_RTOS/cmsis_os.o
                0x0000000008008d74                osKernelRunning
 .text.osKernelSysTick
                0x0000000008008d8c       0x20 ./Middlewares/Third_Party/FreeRTOS/Source/CMSIS_RTOS/cmsis_os.o
                0x0000000008008d8c                osKernelSysTick
 .text.osThreadCreate
                0x0000000008008dac       0x98 ./Middlewares/Third_Party/FreeRTOS/Source/CMSIS_RTOS/cmsis_os.o
                0x0000000008008dac                osThreadCreate
 .text.osSemaphoreCreate
                0x0000000008008e44       0x64 ./Middlewares/Third_Party/FreeRTOS/Source/CMSIS_RTOS/cmsis_os.o
                0x0000000008008e44                osSemaphoreCreate
 .text.osSemaphoreWait
                0x0000000008008ea8       0x9c ./Middlewares/Third_Party/FreeRTOS/Source/CMSIS_RTOS/cmsis_os.o
                0x0000000008008ea8                osSemaphoreWait
 .text.osSemaphoreRelease
                0x0000000008008f44       0x6c ./Middlewares/Third_Party/FreeRTOS/Source/CMSIS_RTOS/cmsis_os.o
                0x0000000008008f44                osSemaphoreRelease
 .text.osSemaphoreDelete
                0x0000000008008fb0       0x26 ./Middlewares/Third_Party/FreeRTOS/Source/CMSIS_RTOS/cmsis_os.o
                0x0000000008008fb0                osSemaphoreDelete
 .text.osMessageCreate
                0x0000000008008fd6       0x50 ./Middlewares/Third_Party/FreeRTOS/Source/CMSIS_RTOS/cmsis_os.o
                0x0000000008008fd6                osMessageCreate
 *fill*         0x0000000008009026        0x2 
 .text.osMessagePut
                0x0000000008009028       0x80 ./Middlewares/Third_Party/FreeRTOS/Source/CMSIS_RTOS/cmsis_os.o
                0x0000000008009028                osMessagePut
 .text.osMessageGet
                0x00000000080090a8       0xe8 ./Middlewares/Third_Party/FreeRTOS/Source/CMSIS_RTOS/cmsis_os.o
                0x00000000080090a8                osMessageGet
 .text.vListInitialise
                0x0000000008009190       0x40 ./Middlewares/Third_Party/FreeRTOS/Source/list.o
                0x0000000008009190                vListInitialise
 .text.vListInitialiseItem
                0x00000000080091d0       0x1a ./Middlewares/Third_Party/FreeRTOS/Source/list.o
                0x00000000080091d0                vListInitialiseItem
 .text.vListInsertEnd
                0x00000000080091ea       0x48 ./Middlewares/Third_Party/FreeRTOS/Source/list.o
                0x00000000080091ea                vListInsertEnd
 .text.vListInsert
                0x0000000008009232       0x72 ./Middlewares/Third_Party/FreeRTOS/Source/list.o
                0x0000000008009232                vListInsert
 .text.uxListRemove
                0x00000000080092a4       0x54 ./Middlewares/Third_Party/FreeRTOS/Source/list.o
                0x00000000080092a4                uxListRemove
 .text.xQueueGenericReset
                0x00000000080092f8       0xd0 ./Middlewares/Third_Party/FreeRTOS/Source/queue.o
                0x00000000080092f8                xQueueGenericReset
 .text.xQueueGenericCreateStatic
                0x00000000080093c8       0xf0 ./Middlewares/Third_Party/FreeRTOS/Source/queue.o
                0x00000000080093c8                xQueueGenericCreateStatic
 .text.xQueueGenericCreate
                0x00000000080094b8       0x74 ./Middlewares/Third_Party/FreeRTOS/Source/queue.o
                0x00000000080094b8                xQueueGenericCreate
 .text.prvInitialiseNewQueue
                0x000000000800952c       0x3e ./Middlewares/Third_Party/FreeRTOS/Source/queue.o
 *fill*         0x000000000800956a        0x2 
 .text.xQueueGenericSend
                0x000000000800956c      0x1fc ./Middlewares/Third_Party/FreeRTOS/Source/queue.o
                0x000000000800956c                xQueueGenericSend
 .text.xQueueGenericSendFromISR
                0x0000000008009768      0x136 ./Middlewares/Third_Party/FreeRTOS/Source/queue.o
                0x0000000008009768                xQueueGenericSendFromISR
 .text.xQueueGiveFromISR
                0x000000000800989e      0x11a ./Middlewares/Third_Party/FreeRTOS/Source/queue.o
                0x000000000800989e                xQueueGiveFromISR
 .text.xQueueReceive
                0x00000000080099b8      0x1c0 ./Middlewares/Third_Party/FreeRTOS/Source/queue.o
                0x00000000080099b8                xQueueReceive
 .text.xQueueSemaphoreTake
                0x0000000008009b78      0x218 ./Middlewares/Third_Party/FreeRTOS/Source/queue.o
                0x0000000008009b78                xQueueSemaphoreTake
 .text.xQueueReceiveFromISR
                0x0000000008009d90      0x100 ./Middlewares/Third_Party/FreeRTOS/Source/queue.o
                0x0000000008009d90                xQueueReceiveFromISR
 .text.vQueueDelete
                0x0000000008009e90       0x46 ./Middlewares/Third_Party/FreeRTOS/Source/queue.o
                0x0000000008009e90                vQueueDelete
 .text.prvGetDisinheritPriorityAfterTimeout
                0x0000000008009ed6       0x30 ./Middlewares/Third_Party/FreeRTOS/Source/queue.o
 .text.prvCopyDataToQueue
                0x0000000008009f06       0xd4 ./Middlewares/Third_Party/FreeRTOS/Source/queue.o
 .text.prvCopyDataFromQueue
                0x0000000008009fda       0x4c ./Middlewares/Third_Party/FreeRTOS/Source/queue.o
 .text.prvUnlockQueue
                0x000000000800a026       0xa4 ./Middlewares/Third_Party/FreeRTOS/Source/queue.o
 .text.prvIsQueueEmpty
                0x000000000800a0ca       0x2c ./Middlewares/Third_Party/FreeRTOS/Source/queue.o
 .text.prvIsQueueFull
                0x000000000800a0f6       0x30 ./Middlewares/Third_Party/FreeRTOS/Source/queue.o
 *fill*         0x000000000800a126        0x2 
 .text.vQueueUnregisterQueue
                0x000000000800a128       0x54 ./Middlewares/Third_Party/FreeRTOS/Source/queue.o
                0x000000000800a128                vQueueUnregisterQueue
 .text.xTaskCreateStatic
                0x000000000800a17c       0xba ./Middlewares/Third_Party/FreeRTOS/Source/tasks.o
                0x000000000800a17c                xTaskCreateStatic
 .text.xTaskCreate
                0x000000000800a236       0x8a ./Middlewares/Third_Party/FreeRTOS/Source/tasks.o
                0x000000000800a236                xTaskCreate
 .text.prvInitialiseNewTask
                0x000000000800a2c0      0x13c ./Middlewares/Third_Party/FreeRTOS/Source/tasks.o
 .text.prvAddNewTaskToReadyList
                0x000000000800a3fc       0xd4 ./Middlewares/Third_Party/FreeRTOS/Source/tasks.o
 .text.vTaskStartScheduler
                0x000000000800a4d0       0xd4 ./Middlewares/Third_Party/FreeRTOS/Source/tasks.o
                0x000000000800a4d0                vTaskStartScheduler
 .text.vTaskSuspendAll
                0x000000000800a5a4       0x1c ./Middlewares/Third_Party/FreeRTOS/Source/tasks.o
                0x000000000800a5a4                vTaskSuspendAll
 .text.xTaskResumeAll
                0x000000000800a5c0      0x138 ./Middlewares/Third_Party/FreeRTOS/Source/tasks.o
                0x000000000800a5c0                xTaskResumeAll
 .text.xTaskGetTickCount
                0x000000000800a6f8       0x20 ./Middlewares/Third_Party/FreeRTOS/Source/tasks.o
                0x000000000800a6f8                xTaskGetTickCount
 .text.xTaskGetTickCountFromISR
                0x000000000800a718       0x24 ./Middlewares/Third_Party/FreeRTOS/Source/tasks.o
                0x000000000800a718                xTaskGetTickCountFromISR
 .text.xTaskIncrementTick
                0x000000000800a73c      0x170 ./Middlewares/Third_Party/FreeRTOS/Source/tasks.o
                0x000000000800a73c                xTaskIncrementTick
 .text.vTaskSwitchContext
                0x000000000800a8ac       0xc4 ./Middlewares/Third_Party/FreeRTOS/Source/tasks.o
                0x000000000800a8ac                vTaskSwitchContext
 .text.vTaskPlaceOnEventList
                0x000000000800a970       0x48 ./Middlewares/Third_Party/FreeRTOS/Source/tasks.o
                0x000000000800a970                vTaskPlaceOnEventList
 .text.xTaskRemoveFromEventList
                0x000000000800a9b8       0xc4 ./Middlewares/Third_Party/FreeRTOS/Source/tasks.o
                0x000000000800a9b8                xTaskRemoveFromEventList
 .text.vTaskInternalSetTimeOutState
                0x000000000800aa7c       0x2c ./Middlewares/Third_Party/FreeRTOS/Source/tasks.o
                0x000000000800aa7c                vTaskInternalSetTimeOutState
 .text.xTaskCheckForTimeOut
                0x000000000800aaa8       0xc4 ./Middlewares/Third_Party/FreeRTOS/Source/tasks.o
                0x000000000800aaa8                xTaskCheckForTimeOut
 .text.vTaskMissedYield
                0x000000000800ab6c       0x18 ./Middlewares/Third_Party/FreeRTOS/Source/tasks.o
                0x000000000800ab6c                vTaskMissedYield
 .text.prvIdleTask
                0x000000000800ab84       0x30 ./Middlewares/Third_Party/FreeRTOS/Source/tasks.o
 .text.prvInitialiseTaskLists
                0x000000000800abb4       0x80 ./Middlewares/Third_Party/FreeRTOS/Source/tasks.o
 .text.prvCheckTasksWaitingTermination
                0x000000000800ac34       0x5c ./Middlewares/Third_Party/FreeRTOS/Source/tasks.o
 .text.prvDeleteTCB
                0x000000000800ac90       0x68 ./Middlewares/Third_Party/FreeRTOS/Source/tasks.o
 .text.prvResetNextTaskUnblockTime
                0x000000000800acf8       0x40 ./Middlewares/Third_Party/FreeRTOS/Source/tasks.o
 .text.xTaskGetSchedulerState
                0x000000000800ad38       0x3c ./Middlewares/Third_Party/FreeRTOS/Source/tasks.o
                0x000000000800ad38                xTaskGetSchedulerState
 .text.xTaskPriorityInherit
                0x000000000800ad74       0xec ./Middlewares/Third_Party/FreeRTOS/Source/tasks.o
                0x000000000800ad74                xTaskPriorityInherit
 .text.xTaskPriorityDisinherit
                0x000000000800ae60      0x10c ./Middlewares/Third_Party/FreeRTOS/Source/tasks.o
                0x000000000800ae60                xTaskPriorityDisinherit
 .text.vTaskPriorityDisinheritAfterTimeout
                0x000000000800af6c      0x11c ./Middlewares/Third_Party/FreeRTOS/Source/tasks.o
                0x000000000800af6c                vTaskPriorityDisinheritAfterTimeout
 .text.pvTaskIncrementMutexHeldCount
                0x000000000800b088       0x28 ./Middlewares/Third_Party/FreeRTOS/Source/tasks.o
                0x000000000800b088                pvTaskIncrementMutexHeldCount
 .text.prvAddCurrentTaskToDelayedList
                0x000000000800b0b0       0xcc ./Middlewares/Third_Party/FreeRTOS/Source/tasks.o
 .text.pxPortInitialiseStack
                0x000000000800b17c       0x68 ./Middlewares/Third_Party/FreeRTOS/Source/portable/GCC/ARM_CM4F/port.o
                0x000000000800b17c                pxPortInitialiseStack
 .text.prvTaskExitError
                0x000000000800b1e4       0x58 ./Middlewares/Third_Party/FreeRTOS/Source/portable/GCC/ARM_CM4F/port.o
 *fill*         0x000000000800b23c        0x4 
 .text.SVC_Handler
                0x000000000800b240       0x28 ./Middlewares/Third_Party/FreeRTOS/Source/portable/GCC/ARM_CM4F/port.o
                0x000000000800b240                SVC_Handler
 .text.prvPortStartFirstTask
                0x000000000800b268       0x28 ./Middlewares/Third_Party/FreeRTOS/Source/portable/GCC/ARM_CM4F/port.o
 .text.xPortStartScheduler
                0x000000000800b290      0x144 ./Middlewares/Third_Party/FreeRTOS/Source/portable/GCC/ARM_CM4F/port.o
                0x000000000800b290                xPortStartScheduler
 .text.vPortEnterCritical
                0x000000000800b3d4       0x60 ./Middlewares/Third_Party/FreeRTOS/Source/portable/GCC/ARM_CM4F/port.o
                0x000000000800b3d4                vPortEnterCritical
 .text.vPortExitCritical
                0x000000000800b434       0x54 ./Middlewares/Third_Party/FreeRTOS/Source/portable/GCC/ARM_CM4F/port.o
                0x000000000800b434                vPortExitCritical
 *fill*         0x000000000800b488        0x8 
 .text.PendSV_Handler
                0x000000000800b490       0x68 ./Middlewares/Third_Party/FreeRTOS/Source/portable/GCC/ARM_CM4F/port.o
                0x000000000800b490                PendSV_Handler
 .text.xPortSysTickHandler
                0x000000000800b4f8       0x44 ./Middlewares/Third_Party/FreeRTOS/Source/portable/GCC/ARM_CM4F/port.o
                0x000000000800b4f8                xPortSysTickHandler
 .text.vPortSetupTimerInterrupt
                0x000000000800b53c       0x48 ./Middlewares/Third_Party/FreeRTOS/Source/portable/GCC/ARM_CM4F/port.o
                0x000000000800b53c                vPortSetupTimerInterrupt
 .text.vPortEnableVFP
                0x000000000800b584       0x14 ./Middlewares/Third_Party/FreeRTOS/Source/portable/GCC/ARM_CM4F/port.o
 .text.vPortValidateInterruptPriority
                0x000000000800b598       0x80 ./Middlewares/Third_Party/FreeRTOS/Source/portable/GCC/ARM_CM4F/port.o
                0x000000000800b598                vPortValidateInterruptPriority
 .text.pvPortMalloc
                0x000000000800b618      0x198 ./Middlewares/Third_Party/FreeRTOS/Source/portable/MemMang/heap_4.o
                0x000000000800b618                pvPortMalloc
 .text.vPortFree
                0x000000000800b7b0       0xc4 ./Middlewares/Third_Party/FreeRTOS/Source/portable/MemMang/heap_4.o
                0x000000000800b7b0                vPortFree
 .text.prvHeapInit
                0x000000000800b874       0xc8 ./Middlewares/Third_Party/FreeRTOS/Source/portable/MemMang/heap_4.o
 .text.prvInsertBlockIntoFreeList
                0x000000000800b93c       0xb4 ./Middlewares/Third_Party/FreeRTOS/Source/portable/MemMang/heap_4.o
 .text.sbrk_aligned
                0x000000000800b9f0       0x40 C:/ST/STM32CubeIDE_1.13.1/STM32CubeIDE/plugins/com.st.stm32cube.ide.mcu.externaltools.gnu-tools-for-stm32.11.3.rel1.win32_1.1.0.202305231506/tools/bin/../lib/gcc/arm-none-eabi/11.3.1/../../../../arm-none-eabi/lib/thumb/v7e-m+fp/hard\libc_nano.a(libc_a-mallocr.o)
 .text._malloc_r
                0x000000000800ba30      0x100 C:/ST/STM32CubeIDE_1.13.1/STM32CubeIDE/plugins/com.st.stm32cube.ide.mcu.externaltools.gnu-tools-for-stm32.11.3.rel1.win32_1.1.0.202305231506/tools/bin/../lib/gcc/arm-none-eabi/11.3.1/../../../../arm-none-eabi/lib/thumb/v7e-m+fp/hard\libc_nano.a(libc_a-mallocr.o)
                0x000000000800ba30                _malloc_r
 .text.__malloc_lock
                0x000000000800bb30        0xc C:/ST/STM32CubeIDE_1.13.1/STM32CubeIDE/plugins/com.st.stm32cube.ide.mcu.externaltools.gnu-tools-for-stm32.11.3.rel1.win32_1.1.0.202305231506/tools/bin/../lib/gcc/arm-none-eabi/11.3.1/../../../../arm-none-eabi/lib/thumb/v7e-m+fp/hard\libc_nano.a(libc_a-mlock.o)
                0x000000000800bb30                __malloc_lock
 .text.__malloc_unlock
                0x000000000800bb3c        0xc C:/ST/STM32CubeIDE_1.13.1/STM32CubeIDE/plugins/com.st.stm32cube.ide.mcu.externaltools.gnu-tools-for-stm32.11.3.rel1.win32_1.1.0.202305231506/tools/bin/../lib/gcc/arm-none-eabi/11.3.1/../../../../arm-none-eabi/lib/thumb/v7e-m+fp/hard\libc_nano.a(libc_a-mlock.o)
                0x000000000800bb3c                __malloc_unlock
 .text.sprintf  0x000000000800bb48       0x40 C:/ST/STM32CubeIDE_1.13.1/STM32CubeIDE/plugins/com.st.stm32cube.ide.mcu.externaltools.gnu-tools-for-stm32.11.3.rel1.win32_1.1.0.202305231506/tools/bin/../lib/gcc/arm-none-eabi/11.3.1/../../../../arm-none-eabi/lib/thumb/v7e-m+fp/hard\libc_nano.a(libc_a-sprintf.o)
                0x000000000800bb48                siprintf
                0x000000000800bb48                sprintf
 .text.memset   0x000000000800bb88       0x10 C:/ST/STM32CubeIDE_1.13.1/STM32CubeIDE/plugins/com.st.stm32cube.ide.mcu.externaltools.gnu-tools-for-stm32.11.3.rel1.win32_1.1.0.202305231506/tools/bin/../lib/gcc/arm-none-eabi/11.3.1/../../../../arm-none-eabi/lib/thumb/v7e-m+fp/hard\libc_nano.a(libc_a-memset.o)
                0x000000000800bb88                memset
 .text._reclaim_reent
                0x000000000800bb98       0xac C:/ST/STM32CubeIDE_1.13.1/STM32CubeIDE/plugins/com.st.stm32cube.ide.mcu.externaltools.gnu-tools-for-stm32.11.3.rel1.win32_1.1.0.202305231506/tools/bin/../lib/gcc/arm-none-eabi/11.3.1/../../../../arm-none-eabi/lib/thumb/v7e-m+fp/hard\libc_nano.a(libc_a-reent.o)
                0x000000000800bb98                _reclaim_reent
 .text._sbrk_r  0x000000000800bc44       0x20 C:/ST/STM32CubeIDE_1.13.1/STM32CubeIDE/plugins/com.st.stm32cube.ide.mcu.externaltools.gnu-tools-for-stm32.11.3.rel1.win32_1.1.0.202305231506/tools/bin/../lib/gcc/arm-none-eabi/11.3.1/../../../../arm-none-eabi/lib/thumb/v7e-m+fp/hard\libc_nano.a(libc_a-sbrkr.o)
                0x000000000800bc44                _sbrk_r
 .text.__errno  0x000000000800bc64        0xc C:/ST/STM32CubeIDE_1.13.1/STM32CubeIDE/plugins/com.st.stm32cube.ide.mcu.externaltools.gnu-tools-for-stm32.11.3.rel1.win32_1.1.0.202305231506/tools/bin/../lib/gcc/arm-none-eabi/11.3.1/../../../../arm-none-eabi/lib/thumb/v7e-m+fp/hard\libc_nano.a(libc_a-errno.o)
                0x000000000800bc64                __errno
 .text.__libc_init_array
                0x000000000800bc70       0x48 C:/ST/STM32CubeIDE_1.13.1/STM32CubeIDE/plugins/com.st.stm32cube.ide.mcu.externaltools.gnu-tools-for-stm32.11.3.rel1.win32_1.1.0.202305231506/tools/bin/../lib/gcc/arm-none-eabi/11.3.1/../../../../arm-none-eabi/lib/thumb/v7e-m+fp/hard\libc_nano.a(libc_a-init.o)
                0x000000000800bc70                __libc_init_array
 .text.__retarget_lock_acquire_recursive
                0x000000000800bcb8        0x2 C:/ST/STM32CubeIDE_1.13.1/STM32CubeIDE/plugins/com.st.stm32cube.ide.mcu.externaltools.gnu-tools-for-stm32.11.3.rel1.win32_1.1.0.202305231506/tools/bin/../lib/gcc/arm-none-eabi/11.3.1/../../../../arm-none-eabi/lib/thumb/v7e-m+fp/hard\libc_nano.a(libc_a-lock.o)
                0x000000000800bcb8                __retarget_lock_acquire_recursive
 .text.__retarget_lock_release_recursive
                0x000000000800bcba        0x2 C:/ST/STM32CubeIDE_1.13.1/STM32CubeIDE/plugins/com.st.stm32cube.ide.mcu.externaltools.gnu-tools-for-stm32.11.3.rel1.win32_1.1.0.202305231506/tools/bin/../lib/gcc/arm-none-eabi/11.3.1/../../../../arm-none-eabi/lib/thumb/v7e-m+fp/hard\libc_nano.a(libc_a-lock.o)
                0x000000000800bcba                __retarget_lock_release_recursive
 .text.memcpy   0x000000000800bcbc       0x1c C:/ST/STM32CubeIDE_1.13.1/STM32CubeIDE/plugins/com.st.stm32cube.ide.mcu.externaltools.gnu-tools-for-stm32.11.3.rel1.win32_1.1.0.202305231506/tools/bin/../lib/gcc/arm-none-eabi/11.3.1/../../../../arm-none-eabi/lib/thumb/v7e-m+fp/hard\libc_nano.a(libc_a-memcpy-stub.o)
                0x000000000800bcbc                memcpy
 .text._free_r  0x000000000800bcd8       0x98 C:/ST/STM32CubeIDE_1.13.1/STM32CubeIDE/plugins/com.st.stm32cube.ide.mcu.externaltools.gnu-tools-for-stm32.11.3.rel1.win32_1.1.0.202305231506/tools/bin/../lib/gcc/arm-none-eabi/11.3.1/../../../../arm-none-eabi/lib/thumb/v7e-m+fp/hard\libc_nano.a(libc_a-freer.o)
                0x000000000800bcd8                _free_r
 .text.__ssputs_r
                0x000000000800bd70       0xb4 C:/ST/STM32CubeIDE_1.13.1/STM32CubeIDE/plugins/com.st.stm32cube.ide.mcu.externaltools.gnu-tools-for-stm32.11.3.rel1.win32_1.1.0.202305231506/tools/bin/../lib/gcc/arm-none-eabi/11.3.1/../../../../arm-none-eabi/lib/thumb/v7e-m+fp/hard\libc_nano.a(libc_a-nano-svfprintf.o)
                0x000000000800bd70                __ssputs_r
 .text._svfprintf_r
                0x000000000800be24      0x1fc C:/ST/STM32CubeIDE_1.13.1/STM32CubeIDE/plugins/com.st.stm32cube.ide.mcu.externaltools.gnu-tools-for-stm32.11.3.rel1.win32_1.1.0.202305231506/tools/bin/../lib/gcc/arm-none-eabi/11.3.1/../../../../arm-none-eabi/lib/thumb/v7e-m+fp/hard\libc_nano.a(libc_a-nano-svfprintf.o)
                0x000000000800be24                _svfiprintf_r
                0x000000000800be24                _svfprintf_r
 .text._printf_common
                0x000000000800c020       0xda C:/ST/STM32CubeIDE_1.13.1/STM32CubeIDE/plugins/com.st.stm32cube.ide.mcu.externaltools.gnu-tools-for-stm32.11.3.rel1.win32_1.1.0.202305231506/tools/bin/../lib/gcc/arm-none-eabi/11.3.1/../../../../arm-none-eabi/lib/thumb/v7e-m+fp/hard\libc_nano.a(libc_a-nano-vfprintf_i.o)
                0x000000000800c020                _printf_common
 *fill*         0x000000000800c0fa        0x2 
 .text._printf_i
                0x000000000800c0fc      0x244 C:/ST/STM32CubeIDE_1.13.1/STM32CubeIDE/plugins/com.st.stm32cube.ide.mcu.externaltools.gnu-tools-for-stm32.11.3.rel1.win32_1.1.0.202305231506/tools/bin/../lib/gcc/arm-none-eabi/11.3.1/../../../../arm-none-eabi/lib/thumb/v7e-m+fp/hard\libc_nano.a(libc_a-nano-vfprintf_i.o)
                0x000000000800c0fc                _printf_i
 .text.memmove  0x000000000800c340       0x34 C:/ST/STM32CubeIDE_1.13.1/STM32CubeIDE/plugins/com.st.stm32cube.ide.mcu.externaltools.gnu-tools-for-stm32.11.3.rel1.win32_1.1.0.202305231506/tools/bin/../lib/gcc/arm-none-eabi/11.3.1/../../../../arm-none-eabi/lib/thumb/v7e-m+fp/hard\libc_nano.a(libc_a-memmove.o)
                0x000000000800c340                memmove
 .text._realloc_r
                0x000000000800c374       0x5e C:/ST/STM32CubeIDE_1.13.1/STM32CubeIDE/plugins/com.st.stm32cube.ide.mcu.externaltools.gnu-tools-for-stm32.11.3.rel1.win32_1.1.0.202305231506/tools/bin/../lib/gcc/arm-none-eabi/11.3.1/../../../../arm-none-eabi/lib/thumb/v7e-m+fp/hard\libc_nano.a(libc_a-reallocr.o)
                0x000000000800c374                _realloc_r
 .text._malloc_usable_size_r
                0x000000000800c3d2       0x10 C:/ST/STM32CubeIDE_1.13.1/STM32CubeIDE/plugins/com.st.stm32cube.ide.mcu.externaltools.gnu-tools-for-stm32.11.3.rel1.win32_1.1.0.202305231506/tools/bin/../lib/gcc/arm-none-eabi/11.3.1/../../../../arm-none-eabi/lib/thumb/v7e-m+fp/hard\libc_nano.a(libc_a-msizer.o)
                0x000000000800c3d2                _malloc_usable_size_r
 *(.glue_7)
 .glue_7        0x000000000800c3e2        0x0 linker stubs
 *(.glue_7t)
 .glue_7t       0x000000000800c3e2        0x0 linker stubs
 *(.eh_frame)
 *fill*         0x000000000800c3e2        0x2 
 .eh_frame      0x000000000800c3e4        0x0 C:/ST/STM32CubeIDE_1.13.1/STM32CubeIDE/plugins/com.st.stm32cube.ide.mcu.externaltools.gnu-tools-for-stm32.11.3.rel1.win32_1.1.0.202305231506/tools/bin/../lib/gcc/arm-none-eabi/11.3.1/thumb/v7e-m+fp/hard/crtbegin.o
 *(.init)
 .init          0x000000000800c3e4        0x4 C:/ST/STM32CubeIDE_1.13.1/STM32CubeIDE/plugins/com.st.stm32cube.ide.mcu.externaltools.gnu-tools-for-stm32.11.3.rel1.win32_1.1.0.202305231506/tools/bin/../lib/gcc/arm-none-eabi/11.3.1/thumb/v7e-m+fp/hard/crti.o
                0x000000000800c3e4                _init
 .init          0x000000000800c3e8        0x8 C:/ST/STM32CubeIDE_1.13.1/STM32CubeIDE/plugins/com.st.stm32cube.ide.mcu.externaltools.gnu-tools-for-stm32.11.3.rel1.win32_1.1.0.202305231506/tools/bin/../lib/gcc/arm-none-eabi/11.3.1/thumb/v7e-m+fp/hard/crtn.o
 *(.fini)
 .fini          0x000000000800c3f0        0x4 C:/ST/STM32CubeIDE_1.13.1/STM32CubeIDE/plugins/com.st.stm32cube.ide.mcu.externaltools.gnu-tools-for-stm32.11.3.rel1.win32_1.1.0.202305231506/tools/bin/../lib/gcc/arm-none-eabi/11.3.1/thumb/v7e-m+fp/hard/crti.o
                0x000000000800c3f0                _fini
 .fini          0x000000000800c3f4        0x8 C:/ST/STM32CubeIDE_1.13.1/STM32CubeIDE/plugins/com.st.stm32cube.ide.mcu.externaltools.gnu-tools-for-stm32.11.3.rel1.win32_1.1.0.202305231506/tools/bin/../lib/gcc/arm-none-eabi/11.3.1/thumb/v7e-m+fp/hard/crtn.o
                0x000000000800c3fc                . = ALIGN (0x4)
                0x000000000800c3fc                _etext = .

.vfp11_veneer   0x000000000800c3fc        0x0
 .vfp11_veneer  0x000000000800c3fc        0x0 linker stubs

.v4_bx          0x000000000800c3fc        0x0
 .v4_bx         0x000000000800c3fc        0x0 linker stubs

.iplt           0x000000000800c3fc        0x0
 .iplt          0x000000000800c3fc        0x0 C:/ST/STM32CubeIDE_1.13.1/STM32CubeIDE/plugins/com.st.stm32cube.ide.mcu.externaltools.gnu-tools-for-stm32.11.3.rel1.win32_1.1.0.202305231506/tools/bin/../lib/gcc/arm-none-eabi/11.3.1/thumb/v7e-m+fp/hard/crtbegin.o

.rodata         0x000000000800c3fc      0x638
                0x000000000800c3fc                . = ALIGN (0x4)
 *(.rodata)
 .rodata        0x000000000800c3fc      0x37e ./Core/Src/File_Handling.o
 *fill*         0x000000000800c77a        0x2 
 .rodata        0x000000000800c77c      0x172 ./Core/Src/main.o
 *fill*         0x000000000800c8ee        0x2 
 .rodata        0x000000000800c8f0       0x10 ./FATFS/Target/sd_diskio.o
 .rodata        0x000000000800c900       0x44 ./Middlewares/Third_Party/FatFs/src/ff.o
 .rodata        0x000000000800c944        0x5 ./Middlewares/Third_Party/FreeRTOS/Source/tasks.o
 *(.rodata*)
 *fill*         0x000000000800c949        0x3 
 .rodata.AHBPrescTable
                0x000000000800c94c       0x10 ./Core/Src/system_stm32f4xx.o
                0x000000000800c94c                AHBPrescTable
 .rodata.APBPrescTable
                0x000000000800c95c        0x8 ./Core/Src/system_stm32f4xx.o
                0x000000000800c95c                APBPrescTable
 .rodata.flagBitshiftOffset.0
                0x000000000800c964        0x8 ./Drivers/STM32F4xx_HAL_Driver/Src/stm32f4xx_hal_dma.o
 .rodata.SD_Driver
                0x000000000800c96c       0x14 ./FATFS/Target/sd_diskio.o
                0x000000000800c96c                SD_Driver
 .rodata.ExCvt  0x000000000800c980       0x80 ./Middlewares/Third_Party/FatFs/src/ff.o
 .rodata._svfprintf_r.str1.1
                0x000000000800ca00       0x11 C:/ST/STM32CubeIDE_1.13.1/STM32CubeIDE/plugins/com.st.stm32cube.ide.mcu.externaltools.gnu-tools-for-stm32.11.3.rel1.win32_1.1.0.202305231506/tools/bin/../lib/gcc/arm-none-eabi/11.3.1/../../../../arm-none-eabi/lib/thumb/v7e-m+fp/hard\libc_nano.a(libc_a-nano-svfprintf.o)
 .rodata._printf_i.str1.1
                0x000000000800ca11       0x22 C:/ST/STM32CubeIDE_1.13.1/STM32CubeIDE/plugins/com.st.stm32cube.ide.mcu.externaltools.gnu-tools-for-stm32.11.3.rel1.win32_1.1.0.202305231506/tools/bin/../lib/gcc/arm-none-eabi/11.3.1/../../../../arm-none-eabi/lib/thumb/v7e-m+fp/hard\libc_nano.a(libc_a-nano-vfprintf_i.o)
                0x000000000800ca34                . = ALIGN (0x4)
 *fill*         0x000000000800ca33        0x1 

.ARM.extab      0x000000000800ca34        0x0
                0x000000000800ca34                . = ALIGN (0x4)
 *(.ARM.extab* .gnu.linkonce.armextab.*)
                0x000000000800ca34                . = ALIGN (0x4)

.ARM            0x000000000800ca34        0x8
                0x000000000800ca34                . = ALIGN (0x4)
                0x000000000800ca34                __exidx_start = .
 *(.ARM.exidx*)
 .ARM.exidx     0x000000000800ca34        0x8 C:/ST/STM32CubeIDE_1.13.1/STM32CubeIDE/plugins/com.st.stm32cube.ide.mcu.externaltools.gnu-tools-for-stm32.11.3.rel1.win32_1.1.0.202305231506/tools/bin/../lib/gcc/arm-none-eabi/11.3.1/thumb/v7e-m+fp/hard\libgcc.a(_udivmoddi4.o)
                0x000000000800ca3c                __exidx_end = .
                0x000000000800ca3c                . = ALIGN (0x4)

.rel.dyn        0x000000000800ca3c        0x0
 .rel.iplt      0x000000000800ca3c        0x0 C:/ST/STM32CubeIDE_1.13.1/STM32CubeIDE/plugins/com.st.stm32cube.ide.mcu.externaltools.gnu-tools-for-stm32.11.3.rel1.win32_1.1.0.202305231506/tools/bin/../lib/gcc/arm-none-eabi/11.3.1/thumb/v7e-m+fp/hard/crtbegin.o

.preinit_array  0x000000000800ca3c        0x0
                0x000000000800ca3c                . = ALIGN (0x4)
                0x000000000800ca3c                PROVIDE (__preinit_array_start = .)
 *(.preinit_array*)
                0x000000000800ca3c                PROVIDE (__preinit_array_end = .)
                0x000000000800ca3c                . = ALIGN (0x4)

.init_array     0x000000000800ca3c        0x4
                0x000000000800ca3c                . = ALIGN (0x4)
                0x000000000800ca3c                PROVIDE (__init_array_start = .)
 *(SORT_BY_NAME(.init_array.*))
 *(.init_array*)
 .init_array    0x000000000800ca3c        0x4 C:/ST/STM32CubeIDE_1.13.1/STM32CubeIDE/plugins/com.st.stm32cube.ide.mcu.externaltools.gnu-tools-for-stm32.11.3.rel1.win32_1.1.0.202305231506/tools/bin/../lib/gcc/arm-none-eabi/11.3.1/thumb/v7e-m+fp/hard/crtbegin.o
                0x000000000800ca40                PROVIDE (__init_array_end = .)
                0x000000000800ca40                . = ALIGN (0x4)

.fini_array     0x000000000800ca40        0x4
                0x000000000800ca40                . = ALIGN (0x4)
                [!provide]                        PROVIDE (__fini_array_start = .)
 *(SORT_BY_NAME(.fini_array.*))
 *(.fini_array*)
 .fini_array    0x000000000800ca40        0x4 C:/ST/STM32CubeIDE_1.13.1/STM32CubeIDE/plugins/com.st.stm32cube.ide.mcu.externaltools.gnu-tools-for-stm32.11.3.rel1.win32_1.1.0.202305231506/tools/bin/../lib/gcc/arm-none-eabi/11.3.1/thumb/v7e-m+fp/hard/crtbegin.o
                [!provide]                        PROVIDE (__fini_array_end = .)
                0x000000000800ca44                . = ALIGN (0x4)
                0x000000000800ca44                _sidata = LOADADDR (.data)

.data           0x0000000020000000       0x60 load address 0x000000000800ca44
                0x0000000020000000                . = ALIGN (0x4)
                0x0000000020000000                _sdata = .
 *(.data)
 *(.data*)
 .data.SystemCoreClock
                0x0000000020000000        0x4 ./Core/Src/system_stm32f4xx.o
                0x0000000020000000                SystemCoreClock
 .data.uwTickPrio
                0x0000000020000004        0x4 ./Drivers/STM32F4xx_HAL_Driver/Src/stm32f4xx_hal.o
                0x0000000020000004                uwTickPrio
 .data.uwTickFreq
                0x0000000020000008        0x1 ./Drivers/STM32F4xx_HAL_Driver/Src/stm32f4xx_hal.o
                0x0000000020000008                uwTickFreq
 .data.Stat     0x0000000020000009        0x1 ./FATFS/Target/sd_diskio.o
 *fill*         0x000000002000000a        0x2 
 .data.uxCriticalNesting
                0x000000002000000c        0x4 ./Middlewares/Third_Party/FreeRTOS/Source/portable/GCC/ARM_CM4F/port.o
 .data._impure_data
                0x0000000020000010       0x4c C:/ST/STM32CubeIDE_1.13.1/STM32CubeIDE/plugins/com.st.stm32cube.ide.mcu.externaltools.gnu-tools-for-stm32.11.3.rel1.win32_1.1.0.202305231506/tools/bin/../lib/gcc/arm-none-eabi/11.3.1/../../../../arm-none-eabi/lib/thumb/v7e-m+fp/hard\libc_nano.a(libc_a-impure.o)
                0x0000000020000010                _impure_data
 .data._impure_ptr
                0x000000002000005c        0x4 C:/ST/STM32CubeIDE_1.13.1/STM32CubeIDE/plugins/com.st.stm32cube.ide.mcu.externaltools.gnu-tools-for-stm32.11.3.rel1.win32_1.1.0.202305231506/tools/bin/../lib/gcc/arm-none-eabi/11.3.1/../../../../arm-none-eabi/lib/thumb/v7e-m+fp/hard\libc_nano.a(libc_a-impure.o)
                0x000000002000005c                _impure_ptr
 *(.RamFunc)
 *(.RamFunc*)
                0x0000000020000060                . = ALIGN (0x4)
                0x0000000020000060                _edata = .
                0x000000000800caa4                _siccmram = LOADADDR (.ccmram)

.igot.plt       0x0000000020000060        0x0 load address 0x000000000800caa4
 .igot.plt      0x0000000020000060        0x0 C:/ST/STM32CubeIDE_1.13.1/STM32CubeIDE/plugins/com.st.stm32cube.ide.mcu.externaltools.gnu-tools-for-stm32.11.3.rel1.win32_1.1.0.202305231506/tools/bin/../lib/gcc/arm-none-eabi/11.3.1/thumb/v7e-m+fp/hard/crtbegin.o

.ccmram         0x0000000010000000        0x0 load address 0x000000000800caa4
                0x0000000010000000                . = ALIGN (0x4)
                0x0000000010000000                _sccmram = .
 *(.ccmram)
 *(.ccmram*)
                0x0000000010000000                . = ALIGN (0x4)
                0x0000000010000000                _eccmram = .
                0x0000000010000000                . = ALIGN (0x4)

.bss            0x0000000020000060    0x1aedc
                0x0000000020000060                _sbss = .
                0x0000000020000060                __bss_start__ = _sbss
 *(.bss)
 .bss           0x0000000020000060       0x1c C:/ST/STM32CubeIDE_1.13.1/STM32CubeIDE/plugins/com.st.stm32cube.ide.mcu.externaltools.gnu-tools-for-stm32.11.3.rel1.win32_1.1.0.202305231506/tools/bin/../lib/gcc/arm-none-eabi/11.3.1/thumb/v7e-m+fp/hard/crtbegin.o
 *(.bss*)
 .bss.fs        0x000000002000007c     0x1038 ./Core/Src/File_Handling.o
                0x000000002000007c                fs
 .bss.fil       0x00000000200010b4     0x1030 ./Core/Src/File_Handling.o
                0x00000000200010b4                fil
 .bss.fno       0x00000000200020e4       0x18 ./Core/Src/File_Handling.o
                0x00000000200020e4                fno
 .bss.fresult   0x00000000200020fc        0x1 ./Core/Src/File_Handling.o
                0x00000000200020fc                fresult
 *fill*         0x00000000200020fd        0x3 
 .bss.bw        0x0000000020002100        0x4 ./Core/Src/File_Handling.o
                0x0000000020002100                bw
 .bss.xIdleTaskTCBBuffer
                0x0000000020002104       0xa0 ./Core/Src/freertos.o
 .bss.xIdleStack
                0x00000000200021a4      0x200 ./Core/Src/freertos.o
 .bss.hcan1     0x00000000200023a4       0x28 ./Core/Src/main.o
                0x00000000200023a4                hcan1
 .bss.hsd       0x00000000200023cc       0x84 ./Core/Src/main.o
                0x00000000200023cc                hsd
 .bss.hdma_sdio_rx
                0x0000000020002450       0x60 ./Core/Src/main.o
                0x0000000020002450                hdma_sdio_rx
 .bss.hdma_sdio_tx
                0x00000000200024b0       0x60 ./Core/Src/main.o
                0x00000000200024b0                hdma_sdio_tx
 .bss.huart1    0x0000000020002510       0x44 ./Core/Src/main.o
                0x0000000020002510                huart1
 .bss.defaultTaskHandle
                0x0000000020002554        0x4 ./Core/Src/main.o
                0x0000000020002554                defaultTaskHandle
 .bss.fifo0     0x0000000020002558        0x4 ./Core/Src/main.o
                0x0000000020002558                fifo0
 .bss.fifo1     0x000000002000255c        0x4 ./Core/Src/main.o
                0x000000002000255c                fifo1
 .bss.failed    0x0000000020002560        0x4 ./Core/Src/main.o
                0x0000000020002560                failed
 .bss.failedNum
                0x0000000020002564        0x4 ./Core/Src/main.o
                0x0000000020002564                failedNum
 .bss.CanMsgQueue
                0x0000000020002568        0x4 ./Core/Src/main.o
                0x0000000020002568                CanMsgQueue
 .bss.fifoTmp   0x000000002000256c        0xc ./Core/Src/main.o
                0x000000002000256c                fifoTmp
 .bss.__sbrk_heap_end
                0x0000000020002578        0x4 ./Core/Src/sysmem.o
 .bss.uwTick    0x000000002000257c        0x4 ./Drivers/STM32F4xx_HAL_Driver/Src/stm32f4xx_hal.o
                0x000000002000257c                uwTick
 .bss.retSD     0x0000000020002580        0x1 ./FATFS/App/fatfs.o
                0x0000000020002580                retSD
 *fill*         0x0000000020002581        0x3 
 .bss.SDPath    0x0000000020002584        0x4 ./FATFS/App/fatfs.o
                0x0000000020002584                SDPath
 .bss.SDQueueID
                0x0000000020002588        0x4 ./FATFS/Target/sd_diskio.o
 .bss.FatFs     0x000000002000258c        0x4 ./Middlewares/Third_Party/FatFs/src/ff.o
 .bss.Fsid      0x0000000020002590        0x2 ./Middlewares/Third_Party/FatFs/src/ff.o
 *fill*         0x0000000020002592        0x2 
 .bss.Files     0x0000000020002594       0x20 ./Middlewares/Third_Party/FatFs/src/ff.o
 .bss.disk      0x00000000200025b4        0xc ./Middlewares/Third_Party/FatFs/src/ff_gen_drv.o
                0x00000000200025b4                disk
 .bss.xQueueRegistry
                0x00000000200025c0       0x40 ./Middlewares/Third_Party/FreeRTOS/Source/queue.o
                0x00000000200025c0                xQueueRegistry
 .bss.pxCurrentTCB
                0x0000000020002600        0x4 ./Middlewares/Third_Party/FreeRTOS/Source/tasks.o
                0x0000000020002600                pxCurrentTCB
 .bss.pxReadyTasksLists
                0x0000000020002604       0x8c ./Middlewares/Third_Party/FreeRTOS/Source/tasks.o
 .bss.xDelayedTaskList1
                0x0000000020002690       0x14 ./Middlewares/Third_Party/FreeRTOS/Source/tasks.o
 .bss.xDelayedTaskList2
                0x00000000200026a4       0x14 ./Middlewares/Third_Party/FreeRTOS/Source/tasks.o
 .bss.pxDelayedTaskList
                0x00000000200026b8        0x4 ./Middlewares/Third_Party/FreeRTOS/Source/tasks.o
 .bss.pxOverflowDelayedTaskList
                0x00000000200026bc        0x4 ./Middlewares/Third_Party/FreeRTOS/Source/tasks.o
 .bss.xPendingReadyList
                0x00000000200026c0       0x14 ./Middlewares/Third_Party/FreeRTOS/Source/tasks.o
 .bss.xTasksWaitingTermination
                0x00000000200026d4       0x14 ./Middlewares/Third_Party/FreeRTOS/Source/tasks.o
 .bss.uxDeletedTasksWaitingCleanUp
                0x00000000200026e8        0x4 ./Middlewares/Third_Party/FreeRTOS/Source/tasks.o
 .bss.xSuspendedTaskList
                0x00000000200026ec       0x14 ./Middlewares/Third_Party/FreeRTOS/Source/tasks.o
 .bss.uxCurrentNumberOfTasks
                0x0000000020002700        0x4 ./Middlewares/Third_Party/FreeRTOS/Source/tasks.o
 .bss.xTickCount
                0x0000000020002704        0x4 ./Middlewares/Third_Party/FreeRTOS/Source/tasks.o
 .bss.uxTopReadyPriority
                0x0000000020002708        0x4 ./Middlewares/Third_Party/FreeRTOS/Source/tasks.o
 .bss.xSchedulerRunning
                0x000000002000270c        0x4 ./Middlewares/Third_Party/FreeRTOS/Source/tasks.o
 .bss.xPendedTicks
                0x0000000020002710        0x4 ./Middlewares/Third_Party/FreeRTOS/Source/tasks.o
 .bss.xYieldPending
                0x0000000020002714        0x4 ./Middlewares/Third_Party/FreeRTOS/Source/tasks.o
 .bss.xNumOfOverflows
                0x0000000020002718        0x4 ./Middlewares/Third_Party/FreeRTOS/Source/tasks.o
 .bss.uxTaskNumber
                0x000000002000271c        0x4 ./Middlewares/Third_Party/FreeRTOS/Source/tasks.o
 .bss.xNextTaskUnblockTime
                0x0000000020002720        0x4 ./Middlewares/Third_Party/FreeRTOS/Source/tasks.o
 .bss.xIdleTaskHandle
                0x0000000020002724        0x4 ./Middlewares/Third_Party/FreeRTOS/Source/tasks.o
 .bss.uxSchedulerSuspended
                0x0000000020002728        0x4 ./Middlewares/Third_Party/FreeRTOS/Source/tasks.o
 .bss.ucMaxSysCallPriority
                0x000000002000272c        0x1 ./Middlewares/Third_Party/FreeRTOS/Source/portable/GCC/ARM_CM4F/port.o
 *fill*         0x000000002000272d        0x3 
 .bss.ulMaxPRIGROUPValue
                0x0000000020002730        0x4 ./Middlewares/Third_Party/FreeRTOS/Source/portable/GCC/ARM_CM4F/port.o
 .bss.ucHeap    0x0000000020002734    0x186a0 ./Middlewares/Third_Party/FreeRTOS/Source/portable/MemMang/heap_4.o
 .bss.xStart    0x000000002001add4        0x8 ./Middlewares/Third_Party/FreeRTOS/Source/portable/MemMang/heap_4.o
 .bss.pxEnd     0x000000002001addc        0x4 ./Middlewares/Third_Party/FreeRTOS/Source/portable/MemMang/heap_4.o
 .bss.xFreeBytesRemaining
                0x000000002001ade0        0x4 ./Middlewares/Third_Party/FreeRTOS/Source/portable/MemMang/heap_4.o
 .bss.xMinimumEverFreeBytesRemaining
                0x000000002001ade4        0x4 ./Middlewares/Third_Party/FreeRTOS/Source/portable/MemMang/heap_4.o
 .bss.xNumberOfSuccessfulAllocations
                0x000000002001ade8        0x4 ./Middlewares/Third_Party/FreeRTOS/Source/portable/MemMang/heap_4.o
 .bss.xNumberOfSuccessfulFrees
                0x000000002001adec        0x4 ./Middlewares/Third_Party/FreeRTOS/Source/portable/MemMang/heap_4.o
 .bss.xBlockAllocatedBit
                0x000000002001adf0        0x4 ./Middlewares/Third_Party/FreeRTOS/Source/portable/MemMang/heap_4.o
 .bss.__malloc_free_list
                0x000000002001adf4        0x4 C:/ST/STM32CubeIDE_1.13.1/STM32CubeIDE/plugins/com.st.stm32cube.ide.mcu.externaltools.gnu-tools-for-stm32.11.3.rel1.win32_1.1.0.202305231506/tools/bin/../lib/gcc/arm-none-eabi/11.3.1/../../../../arm-none-eabi/lib/thumb/v7e-m+fp/hard\libc_nano.a(libc_a-mallocr.o)
                0x000000002001adf4                __malloc_free_list
 .bss.__malloc_sbrk_start
                0x000000002001adf8        0x4 C:/ST/STM32CubeIDE_1.13.1/STM32CubeIDE/plugins/com.st.stm32cube.ide.mcu.externaltools.gnu-tools-for-stm32.11.3.rel1.win32_1.1.0.202305231506/tools/bin/../lib/gcc/arm-none-eabi/11.3.1/../../../../arm-none-eabi/lib/thumb/v7e-m+fp/hard\libc_nano.a(libc_a-mallocr.o)
                0x000000002001adf8                __malloc_sbrk_start
 .bss.__sf      0x000000002001adfc      0x138 C:/ST/STM32CubeIDE_1.13.1/STM32CubeIDE/plugins/com.st.stm32cube.ide.mcu.externaltools.gnu-tools-for-stm32.11.3.rel1.win32_1.1.0.202305231506/tools/bin/../lib/gcc/arm-none-eabi/11.3.1/../../../../arm-none-eabi/lib/thumb/v7e-m+fp/hard\libc_nano.a(libc_a-findfp.o)
                0x000000002001adfc                __sf
 .bss.errno     0x000000002001af34        0x4 C:/ST/STM32CubeIDE_1.13.1/STM32CubeIDE/plugins/com.st.stm32cube.ide.mcu.externaltools.gnu-tools-for-stm32.11.3.rel1.win32_1.1.0.202305231506/tools/bin/../lib/gcc/arm-none-eabi/11.3.1/../../../../arm-none-eabi/lib/thumb/v7e-m+fp/hard\libc_nano.a(libc_a-reent.o)
                0x000000002001af34                errno
 .bss.__lock___malloc_recursive_mutex
                0x000000002001af38        0x1 C:/ST/STM32CubeIDE_1.13.1/STM32CubeIDE/plugins/com.st.stm32cube.ide.mcu.externaltools.gnu-tools-for-stm32.11.3.rel1.win32_1.1.0.202305231506/tools/bin/../lib/gcc/arm-none-eabi/11.3.1/../../../../arm-none-eabi/lib/thumb/v7e-m+fp/hard\libc_nano.a(libc_a-lock.o)
                0x000000002001af38                __lock___malloc_recursive_mutex
 *(COMMON)
                0x000000002001af3c                . = ALIGN (0x4)
 *fill*         0x000000002001af39        0x3 
                0x000000002001af3c                _ebss = .
                0x000000002001af3c                __bss_end__ = _ebss

._user_heap_stack
                0x000000002001af3c     0x1e04
                0x000000002001af40                . = ALIGN (0x8)
 *fill*         0x000000002001af3c        0x4 
                [!provide]                        PROVIDE (end = .)
                0x000000002001af40                PROVIDE (_end = .)
                0x000000002001be40                . = (. + _Min_Heap_Size)
 *fill*         0x000000002001af40      0xf00 
                0x000000002001cd40                . = (. + _Min_Stack_Size)
 *fill*         0x000000002001be40      0xf00 
                0x000000002001cd40                . = ALIGN (0x8)

/DISCARD/
 libc.a(*)
 libm.a(*)
 libgcc.a(*)

.ARM.attributes
                0x0000000000000000       0x30
 *(.ARM.attributes)
 .ARM.attributes
                0x0000000000000000       0x1e C:/ST/STM32CubeIDE_1.13.1/STM32CubeIDE/plugins/com.st.stm32cube.ide.mcu.externaltools.gnu-tools-for-stm32.11.3.rel1.win32_1.1.0.202305231506/tools/bin/../lib/gcc/arm-none-eabi/11.3.1/thumb/v7e-m+fp/hard/crti.o
 .ARM.attributes
                0x000000000000001e       0x34 C:/ST/STM32CubeIDE_1.13.1/STM32CubeIDE/plugins/com.st.stm32cube.ide.mcu.externaltools.gnu-tools-for-stm32.11.3.rel1.win32_1.1.0.202305231506/tools/bin/../lib/gcc/arm-none-eabi/11.3.1/thumb/v7e-m+fp/hard/crtbegin.o
 .ARM.attributes
                0x0000000000000052       0x34 ./Core/Src/File_Handling.o
 .ARM.attributes
                0x0000000000000086       0x34 ./Core/Src/freertos.o
 .ARM.attributes
                0x00000000000000ba       0x34 ./Core/Src/main.o
 .ARM.attributes
                0x00000000000000ee       0x34 ./Core/Src/stm32f4xx_hal_msp.o
 .ARM.attributes
                0x0000000000000122       0x34 ./Core/Src/stm32f4xx_it.o
 .ARM.attributes
                0x0000000000000156       0x34 ./Core/Src/sysmem.o
 .ARM.attributes