Archive member included to satisfy reference by file (symbol)

C:/ST/STM32CubeIDE_1.13.1/STM32CubeIDE/plugins/com.st.stm32cube.ide.mcu.externaltools.gnu-tools-for-stm32.11.3.rel1.win32_1.1.0.202305231506/tools/bin/../lib/gcc/arm-none-eabi/11.3.1/../../../../arm-none-eabi/lib/thumb/v7e-m+fp/hard\libc_nano.a(libc_a-exit.o)
                              C:/ST/STM32CubeIDE_1.13.1/STM32CubeIDE/plugins/com.st.stm32cube.ide.mcu.externaltools.gnu-tools-for-stm32.11.3.rel1.win32_1.1.0.202305231506/tools/bin/../lib/gcc/arm-none-eabi/11.3.1/../../../../arm-none-eabi/lib/thumb/v7e-m+fp/hard/crt0.o (exit)
C:/ST/STM32CubeIDE_1.13.1/STM32CubeIDE/plugins/com.st.stm32cube.ide.mcu.externaltools.gnu-tools-for-stm32.11.3.rel1.win32_1.1.0.202305231506/tools/bin/../lib/gcc/arm-none-eabi/11.3.1/../../../../arm-none-eabi/lib/thumb/v7e-m+fp/hard\libc_nano.a(libc_a-malloc.o)
                              ./Core/Src/File_Handling.o (malloc)
C:/ST/STM32CubeIDE_1.13.1/STM32CubeIDE/plugins/com.st.stm32cube.ide.mcu.externaltools.gnu-tools-for-stm32.11.3.rel1.win32_1.1.0.202305231506/tools/bin/../lib/gcc/arm-none-eabi/11.3.1/../../../../arm-none-eabi/lib/thumb/v7e-m+fp/hard\libc_nano.a(libc_a-mallocr.o)
                              C:/ST/STM32CubeIDE_1.13.1/STM32CubeIDE/plugins/com.st.stm32cube.ide.mcu.externaltools.gnu-tools-for-stm32.11.3.rel1.win32_1.1.0.202305231506/tools/bin/../lib/gcc/arm-none-eabi/11.3.1/../../../../arm-none-eabi/lib/thumb/v7e-m+fp/hard\libc_nano.a(libc_a-malloc.o) (_malloc_r)
C:/ST/STM32CubeIDE_1.13.1/STM32CubeIDE/plugins/com.st.stm32cube.ide.mcu.externaltools.gnu-tools-for-stm32.11.3.rel1.win32_1.1.0.202305231506/tools/bin/../lib/gcc/arm-none-eabi/11.3.1/../../../../arm-none-eabi/lib/thumb/v7e-m+fp/hard\libc_nano.a(libc_a-mlock.o)
                              C:/ST/STM32CubeIDE_1.13.1/STM32CubeIDE/plugins/com.st.stm32cube.ide.mcu.externaltools.gnu-tools-for-stm32.11.3.rel1.win32_1.1.0.202305231506/tools/bin/../lib/gcc/arm-none-eabi/11.3.1/../../../../arm-none-eabi/lib/thumb/v7e-m+fp/hard\libc_nano.a(libc_a-mallocr.o) (__malloc_lock)
C:/ST/STM32CubeIDE_1.13.1/STM32CubeIDE/plugins/com.st.stm32cube.ide.mcu.externaltools.gnu-tools-for-stm32.11.3.rel1.win32_1.1.0.202305231506/tools/bin/../lib/gcc/arm-none-eabi/11.3.1/../../../../arm-none-eabi/lib/thumb/v7e-m+fp/hard\libc_nano.a(libc_a-findfp.o)
                              ./Middlewares/Third_Party/FreeRTOS/Source/tasks.o (__sf)
C:/ST/STM32CubeIDE_1.13.1/STM32CubeIDE/plugins/com.st.stm32cube.ide.mcu.externaltools.gnu-tools-for-stm32.11.3.rel1.win32_1.1.0.202305231506/tools/bin/../lib/gcc/arm-none-eabi/11.3.1/../../../../arm-none-eabi/lib/thumb/v7e-m+fp/hard\libc_nano.a(libc_a-fwalk.o)
                              C:/ST/STM32CubeIDE_1.13.1/STM32CubeIDE/plugins/com.st.stm32cube.ide.mcu.externaltools.gnu-tools-for-stm32.11.3.rel1.win32_1.1.0.202305231506/tools/bin/../lib/gcc/arm-none-eabi/11.3.1/../../../../arm-none-eabi/lib/thumb/v7e-m+fp/hard\libc_nano.a(libc_a-findfp.o) (_fwalk_sglue)
C:/ST/STM32CubeIDE_1.13.1/STM32CubeIDE/plugins/com.st.stm32cube.ide.mcu.externaltools.gnu-tools-for-stm32.11.3.rel1.win32_1.1.0.202305231506/tools/bin/../lib/gcc/arm-none-eabi/11.3.1/../../../../arm-none-eabi/lib/thumb/v7e-m+fp/hard\libc_nano.a(libc_a-sprintf.o)
                              ./Core/Src/File_Handling.o (sprintf)
C:/ST/STM32CubeIDE_1.13.1/STM32CubeIDE/plugins/com.st.stm32cube.ide.mcu.externaltools.gnu-tools-for-stm32.11.3.rel1.win32_1.1.0.202305231506/tools/bin/../lib/gcc/arm-none-eabi/11.3.1/../../../../arm-none-eabi/lib/thumb/v7e-m+fp/hard\libc_nano.a(libc_a-stdio.o)
                              C:/ST/STM32CubeIDE_1.13.1/STM32CubeIDE/plugins/com.st.stm32cube.ide.mcu.externaltools.gnu-tools-for-stm32.11.3.rel1.win32_1.1.0.202305231506/tools/bin/../lib/gcc/arm-none-eabi/11.3.1/../../../../arm-none-eabi/lib/thumb/v7e-m+fp/hard\libc_nano.a(libc_a-findfp.o) (__sread)
C:/ST/STM32CubeIDE_1.13.1/STM32CubeIDE/plugins/com.st.stm32cube.ide.mcu.externaltools.gnu-tools-for-stm32.11.3.rel1.win32_1.1.0.202305231506/tools/bin/../lib/gcc/arm-none-eabi/11.3.1/../../../../arm-none-eabi/lib/thumb/v7e-m+fp/hard\libc_nano.a(libc_a-memset.o)
                              C:/ST/STM32CubeIDE_1.13.1/STM32CubeIDE/plugins/com.st.stm32cube.ide.mcu.externaltools.gnu-tools-for-stm32.11.3.rel1.win32_1.1.0.202305231506/tools/bin/../lib/gcc/arm-none-eabi/11.3.1/../../../../arm-none-eabi/lib/thumb/v7e-m+fp/hard/crt0.o (memset)
C:/ST/STM32CubeIDE_1.13.1/STM32CubeIDE/plugins/com.st.stm32cube.ide.mcu.externaltools.gnu-tools-for-stm32.11.3.rel1.win32_1.1.0.202305231506/tools/bin/../lib/gcc/arm-none-eabi/11.3.1/../../../../arm-none-eabi/lib/thumb/v7e-m+fp/hard\libc_nano.a(libc_a-closer.o)
                              C:/ST/STM32CubeIDE_1.13.1/STM32CubeIDE/plugins/com.st.stm32cube.ide.mcu.externaltools.gnu-tools-for-stm32.11.3.rel1.win32_1.1.0.202305231506/tools/bin/../lib/gcc/arm-none-eabi/11.3.1/../../../../arm-none-eabi/lib/thumb/v7e-m+fp/hard\libc_nano.a(libc_a-stdio.o) (_close_r)
[...]
Memory Configuration

Name             Origin             Length             Attributes
CCMRAM           0x0000000010000000 0x0000000000010000 xrw
RAM              0x0000000020000000 0x0000000000020000 xrw
FLASH            0x0000000008000000 0x0000000000100000 xr
*default*        0x0000000000000000 0xffffffffffffffff

Linker script and memory map

LOAD C:/ST/STM32CubeIDE_1.13.1/STM32CubeIDE/plugins/com.st.stm32cube.ide.mcu.externaltools.gnu-tools-for-stm32.11.3.rel1.win32_1.1.0.202305231506/tools/bin/../lib/gcc/arm-none-eabi/11.3.1/thumb/v7e-m+fp/hard/crti.o
LOAD C:/ST/STM32CubeIDE_1.13.1/STM32CubeIDE/plugins/com.st.stm32cube.ide.mcu.externaltools.gnu-tools-for-stm32.11.3.rel1.win32_1.1.0.202305231506/tools/bin/../lib/gcc/arm-none-eabi/11.3.1/thumb/v7e-m+fp/hard/crtbegin.o
LOAD C:/ST/STM32CubeIDE_1.13.1/STM32CubeIDE/plugins/com.st.stm32cube.ide.mcu.externaltools.gnu-tools-for-stm32.11.3.rel1.win32_1.1.0.202305231506/tools/bin/../lib/gcc/arm-none-eabi/11.3.1/../../../../arm-none-eabi/lib/thumb/v7e-m+fp/hard/crt0.o
LOAD ./Core/Src/File_Handling.o
LOAD ./Core/Src/freertos.o
LOAD ./Core/Src/main.o
LOAD ./Core/Src/stm32f4xx_hal_msp.o
LOAD ./Core/Src/stm32f4xx_it.o
LOAD ./Core/Src/syscalls.o
LOAD ./Core/Src/sysmem.o
LOAD ./Core/Src/system_stm32f4xx.o
LOAD ./Core/Startup/startup_stm32f417vgtx.o
LOAD ./Drivers/STM32F4xx_HAL_Driver/Src/stm32f4xx_hal.o
LOAD ./Drivers/STM32F4xx_HAL_Driver/Src/stm32f4xx_hal_can.o
LOAD ./Drivers/STM32F4xx_HAL_Driver/Src/stm32f4xx_hal_cortex.o
LOAD ./Drivers/STM32F4xx_HAL_Driver/Src/stm32f4xx_hal_dma.o
LOAD ./Drivers/STM32F4xx_HAL_Driver/Src/stm32f4xx_hal_dma_ex.o
LOAD ./Drivers/STM32F4xx_HAL_Driver/Src/stm32f4xx_hal_exti.o
LOAD ./Drivers/STM32F4xx_HAL_Driver/Src/stm32f4xx_hal_flash.o
LOAD ./Drivers/STM32F4xx_HAL_Driver/Src/stm32f4xx_hal_flash_ex.o
LOAD ./Drivers/STM32F4xx_HAL_Driver/Src/stm32f4xx_hal_flash_ramfunc.o
LOAD ./Drivers/STM32F4xx_HAL_Driver/Src/stm32f4xx_hal_gpio.o
LOAD ./Drivers/STM32F4xx_HAL_Driver/Src/stm32f4xx_hal_pwr.o
LOAD ./Drivers/STM32F4xx_HAL_Driver/Src/stm32f4xx_hal_pwr_ex.o
LOAD ./Drivers/STM32F4xx_HAL_Driver/Src/stm32f4xx_hal_rcc.o
LOAD ./Drivers/STM32F4xx_HAL_Driver/Src/stm32f4xx_hal_rcc_ex.o
LOAD ./Drivers/STM32F4xx_HAL_Driver/Src/stm32f4xx_hal_sd.o
LOAD ./Drivers/STM32F4xx_HAL_Driver/Src/stm32f4xx_hal_uart.o
LOAD ./Drivers/STM32F4xx_HAL_Driver/Src/stm32f4xx_ll_sdmmc.o
LOAD ./FATFS/App/fatfs.o
LOAD ./FATFS/Target/bsp_driver_sd.o
LOAD ./FATFS/Target/sd_diskio.o
LOAD ./Middlewares/Third_Party/FatFs/src/diskio.o
LOAD ./Middlewares/Third_Party/FatFs/src/ff.o
LOAD ./Middlewares/Third_Party/FatFs/src/ff_gen_drv.o
LOAD ./Middlewares/Third_Party/FatFs/src/option/syscall.o
LOAD ./Middlewares/Third_Party/FreeRTOS/Source/CMSIS_RTOS/cmsis_os.o
LOAD ./Middlewares/Third_Party/FreeRTOS/Source/croutine.o
LOAD ./Middlewares/Third_Party/FreeRTOS/Source/event_groups.o
LOAD ./Middlewares/Third_Party/FreeRTOS/Source/list.o
LOAD ./Middlewares/Third_Party/FreeRTOS/Source/queue.o
LOAD ./Middlewares/Third_Party/FreeRTOS/Source/stream_buffer.o
LOAD ./Middlewares/Third_Party/FreeRTOS/Source/tasks.o
LOAD ./Middlewares/Third_Party/FreeRTOS/Source/timers.o
LOAD ./Middlewares/Third_Party/FreeRTOS/Source/portable/GCC/ARM_CM4F/port.o
LOAD ./Middlewares/Third_Party/FreeRTOS/Source/portable/MemMang/heap_4.o
START GROUP
LOAD C:/ST/STM32CubeIDE_1.13.1/STM32CubeIDE/plugins/com.st.stm32cube.ide.mcu.externaltools.gnu-tools-for-stm32.11.3.rel1.win32_1.1.0.202305231506/tools/bin/../lib/gcc/arm-none-eabi/11.3.1/../../../../arm-none-eabi/lib/thumb/v7e-m+fp/hard\libc_nano.a
LOAD C:/ST/STM32CubeIDE_1.13.1/STM32CubeIDE/plugins/com.st.stm32cube.ide.mcu.externaltools.gnu-tools-for-stm32.11.3.rel1.win32_1.1.0.202305231506/tools/bin/../lib/gcc/arm-none-eabi/11.3.1/../../../../arm-none-eabi/lib/thumb/v7e-m+fp/hard\libm.a
END GROUP
START GROUP
LOAD C:/ST/STM32CubeIDE_1.13.1/STM32CubeIDE/plugins/com.st.stm32cube.ide.mcu.externaltools.gnu-tools-for-stm32.11.3.rel1.win32_1.1.0.202305231506/tools/bin/../lib/gcc/arm-none-eabi/11.3.1/thumb/v7e-m+fp/hard\libgcc.a
LOAD C:/ST/STM32CubeIDE_1.13.1/STM32CubeIDE/plugins/com.st.stm32cube.ide.mcu.externaltools.gnu-tools-for-stm32.11.3.rel1.win32_1.1.0.202305231506/tools/bin/../lib/gcc/arm-none-eabi/11.3.1/../../../../arm-none-eabi/lib/thumb/v7e-m+fp/hard\libc_nano.a
END GROUP
START GROUP
LOAD C:/ST/STM32CubeIDE_1.13.1/STM32CubeIDE/plugins/com.st.stm32cube.ide.mcu.externaltools.gnu-tools-for-stm32.11.3.rel1.win32_1.1.0.202305231506/tools/bin/../lib/gcc/arm-none-eabi/11.3.1/thumb/v7e-m+fp/hard\libgcc.a
LOAD C:/ST/STM32CubeIDE_1.13.1/STM32CubeIDE/plugins/com.st.stm32cube.ide.mcu.externaltools.gnu-tools-for-stm32.11.3.rel1.win32_1.1.0.202305231506/tools/bin/../lib/gcc/arm-none-eabi/11.3.1/../../../../arm-none-eabi/lib/thumb/v7e-m+fp/hard\libc_nano.a
LOAD C:/ST/STM32CubeIDE_1.13.1/STM32CubeIDE/plugins/com.st.stm32cube.ide.mcu.externaltools.gnu-tools-for-stm32.11.3.rel1.win32_1.1.0.202305231506/tools/bin/../lib/gcc/arm-none-eabi/11.3.1/../../../../arm-none-eabi/lib/thumb/v7e-m+fp/hard\libnosys.a
END GROUP
START GROUP
LOAD C:/ST/STM32CubeIDE_1.13.1/STM32CubeIDE/plugins/com.st.stm32cube.ide.mcu.externaltools.gnu-tools-for-stm32.11.3.rel1.win32_1.1.0.202305231506/tools/bin/../lib/gcc/arm-none-eabi/11.3.1/thumb/v7e-m+fp/hard\libgcc.a
LOAD C:/ST/STM32CubeIDE_1.13.1/STM32CubeIDE/plugins/com.st.stm32cube.ide.mcu.externaltools.gnu-tools-for-stm32.11.3.rel1.win32_1.1.0.202305231506/tools/bin/../lib/gcc/arm-none-eabi/11.3.1/../../../../arm-none-eabi/lib/thumb/v7e-m+fp/hard\libc_nano.a
LOAD C:/ST/STM32CubeIDE_1.13.1/STM32CubeIDE/plugins/com.st.stm32cube.ide.mcu.externaltools.gnu-tools-for-stm32.11.3.rel1.win32_1.1.0.202305231506/tools/bin/../lib/gcc/arm-none-eabi/11.3.1/../../../../arm-none-eabi/lib/thumb/v7e-m+fp/hard\libnosys.a
END GROUP
LOAD C:/ST/STM32CubeIDE_1.13.1/STM32CubeIDE/plugins/com.st.stm32cube.ide.mcu.externaltools.gnu-tools-for-stm32.11.3.rel1.win32_1.1.0.202305231506/tools/bin/../lib/gcc/arm-none-eabi/11.3.1/thumb/v7e-m+fp/hard/crtend.o
LOAD C:/ST/STM32CubeIDE_1.13.1/STM32CubeIDE/plugins/com.st.stm32cube.ide.mcu.externaltools.gnu-tools-for-stm32.11.3.rel1.win32_1.1.0.202305231506/tools/bin/../lib/gcc/arm-none-eabi/11.3.1/thumb/v7e-m+fp/hard/crtn.o
                0x0000000020020000                _estack = (ORIGIN (RAM) + LENGTH (RAM))
                0x0000000000000f00                _Min_Heap_Size = 0xf00
                0x0000000000000f00                _Min_Stack_Size = 0xf00

.isr_vector     0x0000000008000000      0x188
                0x0000000008000000                . = ALIGN (0x4)
 *(.isr_vector)
 .isr_vector    0x0000000008000000      0x188 ./Core/Startup/startup_stm32f417vgtx.o
                0x0000000008000000                g_pfnVectors
                0x0000000008000188                . = ALIGN (0x4)

.text           0x0000000008000190     0xbf7c
                0x0000000008000190                . = ALIGN (0x4)
 *(.text)
 .text          0x0000000008000190       0x40 C:/ST/STM32CubeIDE_1.13.1/STM32CubeIDE/plugins/com.st.stm32cube.ide.mcu.externaltools.gnu-tools-for-stm32.11.3.rel1.win32_1.1.0.202305231506/tools/bin/../lib/gcc/arm-none-eabi/11.3.1/thumb/v7e-m+fp/hard/crtbegin.o
 .text          0x00000000080001d0       0x10 C:/ST/STM32CubeIDE_1.13.1/STM32CubeIDE/plugins/com.st.stm32cube.ide.mcu.externaltools.gnu-tools-for-stm32.11.3.rel1.win32_1.1.0.202305231506/tools/bin/../lib/gcc/arm-none-eabi/11.3.1/../../../../arm-none-eabi/lib/thumb/v7e-m+fp/hard\libc_nano.a(libc_a-strlen.o)
                0x00000000080001d0                strlen
 .text          0x00000000080001e0       0xa0 C:/ST/STM32CubeIDE_1.13.1/STM32CubeIDE/plugins/com.st.stm32cube.ide.mcu.externaltools.gnu-tools-for-stm32.11.3.rel1.win32_1.1.0.202305231506/tools/bin/../lib/gcc/arm-none-eabi/11.3.1/../../../../arm-none-eabi/lib/thumb/v7e-m+fp/hard\libc_nano.a(libc_a-memchr.o)
                0x00000000080001e0                memchr
 .text          0x0000000008000280       0x30 C:/ST/STM32CubeIDE_1.13.1/STM32CubeIDE/plugins/com.st.stm32cube.ide.mcu.externaltools.gnu-tools-for-stm32.11.3.rel1.win32_1.1.0.202305231506/tools/bin/../lib/gcc/arm-none-eabi/11.3.1/thumb/v7e-m+fp/hard\libgcc.a(_aeabi_uldivmod.o)
                0x0000000008000280                __aeabi_uldivmod
 .text          0x00000000080002b0      0x2c8 C:/ST/STM32CubeIDE_1.13.1/STM32CubeIDE/plugins/com.st.stm32cube.ide.mcu.externaltools.gnu-tools-for-stm32.11.3.rel1.win32_1.1.0.202305231506/tools/bin/../lib/gcc/arm-none-eabi/11.3.1/thumb/v7e-m+fp/hard\libgcc.a(_udivmoddi4.o)
                0x00000000080002b0                __udivmoddi4
 .text          0x0000000008000578        0x4 C:/ST/STM32CubeIDE_1.13.1/STM32CubeIDE/plugins/com.st.stm32cube.ide.mcu.externaltools.gnu-tools-for-stm32.11.3.rel1.win32_1.1.0.202305231506/tools/bin/../lib/gcc/arm-none-eabi/11.3.1/thumb/v7e-m+fp/hard\libgcc.a(_dvmd_tls.o)
                0x0000000008000578                __aeabi_idiv0
                0x0000000008000578                __aeabi_ldiv0
 *(.text*)
 .text.Send_Uart
                0x000000000800057c       0x2c ./Core/Src/File_Handling.o
                0x000000000800057c                Send_Uart
 .text.Mount_SD
                0x00000000080005a8       0x60 ./Core/Src/File_Handling.o
                0x00000000080005a8                Mount_SD
 .text.Create_File
                0x0000000008000608       0x78 ./Core/Src/File_Handling.o
                0x0000000008000608                Create_File
 .text.Update_File
                0x0000000008000680       0x9c ./Core/Src/File_Handling.o
                0x0000000008000680                Update_File
 .text.vApplicationGetIdleTaskMemory
                0x000000000800071c       0x34 ./Core/Src/freertos.o
                0x000000000800071c                vApplicationGetIdleTaskMemory
 .text.configCANFilters
                0x0000000008000750       0x4e ./Core/Src/main.o
                0x0000000008000750                configCANFilters
 *fill*         0x000000000800079e        0x2 
 .text.HAL_CAN_RxFifo0MsgPendingCallback
                0x00000000080007a0       0xc8 ./Core/Src/main.o
                0x00000000080007a0                HAL_CAN_RxFifo0MsgPendingCallback
 .text.HAL_CAN_RxFifo1MsgPendingCallback
                0x0000000008000868       0x64 ./Core/Src/main.o
                0x0000000008000868                HAL_CAN_RxFifo1MsgPendingCallback
 .text.main     0x00000000080008cc       0x6c ./Core/Src/main.o
                0x00000000080008cc                main
 .text.SystemClock_Config
                0x0000000008000938       0xd4 ./Core/Src/main.o
                0x0000000008000938                SystemClock_Config
 .text.MX_CAN1_Init
                0x0000000008000a0c       0x6c ./Core/Src/main.o
 .text.MX_SDIO_SD_Init
                0x0000000008000a78       0x60 ./Core/Src/main.o
 .text.MX_USART1_UART_Init
                0x0000000008000ad8       0x54 ./Core/Src/main.o
 .text.MX_DMA_Init
                0x0000000008000b2c       0x50 ./Core/Src/main.o
 .text.MX_GPIO_Init
                0x0000000008000b7c       0x88 ./Core/Src/main.o
 .text.StartDefaultTask
                0x0000000008000c04      0x390 ./Core/Src/main.o
                0x0000000008000c04                StartDefaultTask
 .text.Error_Handler
                0x0000000008000f94        0xa ./Core/Src/main.o
                0x0000000008000f94                Error_Handler
 *fill*         0x0000000008000f9e        0x2 
 .text.HAL_MspInit
                0x0000000008000fa0       0x58 ./Core/Src/stm32f4xx_hal_msp.o
                0x0000000008000fa0                HAL_MspInit
 .text.HAL_CAN_MspInit
                0x0000000008000ff8       0xd0 ./Core/Src/stm32f4xx_hal_msp.o
                0x0000000008000ff8                HAL_CAN_MspInit
 .text.HAL_SD_MspInit
                0x00000000080010c8      0x1e0 ./Core/Src/stm32f4xx_hal_msp.o
                0x00000000080010c8                HAL_SD_MspInit
 .text.HAL_UART_MspInit
                0x00000000080012a8       0x90 ./Core/Src/stm32f4xx_hal_msp.o
                0x00000000080012a8                HAL_UART_MspInit
 .text.NMI_Handler
                0x0000000008001338        0x6 ./Core/Src/stm32f4xx_it.o
                0x0000000008001338                NMI_Handler
 .text.HardFault_Handler
                0x000000000800133e        0x6 ./Core/Src/stm32f4xx_it.o
                0x000000000800133e                HardFault_Handler
 .text.MemManage_Handler
                0x0000000008001344        0x6 ./Core/Src/stm32f4xx_it.o
                0x0000000008001344                MemManage_Handler
 .text.BusFault_Handler
                0x000000000800134a        0x6 ./Core/Src/stm32f4xx_it.o
                0x000000000800134a                BusFault_Handler
 .text.UsageFault_Handler
                0x0000000008001350        0x6 ./Core/Src/stm32f4xx_it.o
                0x0000000008001350                UsageFault_Handler
 .text.DebugMon_Handler
                0x0000000008001356        0xe ./Core/Src/stm32f4xx_it.o
                0x0000000008001356                DebugMon_Handler
 .text.SysTick_Handler
                0x0000000008001364       0x1a ./Core/Src/stm32f4xx_it.o
                0x0000000008001364                SysTick_Handler
 *fill*         0x000000000800137e        0x2 
 .text.CAN1_TX_IRQHandler
                0x0000000008001380       0x14 ./Core/Src/stm32f4xx_it.o
                0x0000000008001380                CAN1_TX_IRQHandler
 .text.CAN1_RX0_IRQHandler
                0x0000000008001394       0x14 ./Core/Src/stm32f4xx_it.o
                0x0000000008001394                CAN1_RX0_IRQHandler
 .text.CAN1_RX1_IRQHandler
                0x00000000080013a8       0x14 ./Core/Src/stm32f4xx_it.o
                0x00000000080013a8                CAN1_RX1_IRQHandler
 .text.CAN1_SCE_IRQHandler
                0x00000000080013bc       0x14 ./Core/Src/stm32f4xx_it.o
                0x00000000080013bc                CAN1_SCE_IRQHandler
 .text.SDIO_IRQHandler
                0x00000000080013d0       0x14 ./Core/Src/stm32f4xx_it.o
                0x00000000080013d0                SDIO_IRQHandler
 .text.DMA2_Stream3_IRQHandler
                0x00000000080013e4       0x14 ./Core/Src/stm32f4xx_it.o
                0x00000000080013e4                DMA2_Stream3_IRQHandler
 .text.DMA2_Stream6_IRQHandler
                0x00000000080013f8       0x14 ./Core/Src/stm32f4xx_it.o
                0x00000000080013f8                DMA2_Stream6_IRQHandler
 .text._sbrk    0x000000000800140c       0x6c ./Core/Src/sysmem.o
                0x000000000800140c                _sbrk
 .text.SystemInit
                0x0000000008001478       0x24 ./Core/Src/system_stm32f4xx.o
                0x0000000008001478                SystemInit
 .text.Reset_Handler
                0x000000000800149c       0x50 ./Core/Startup/startup_stm32f417vgtx.o
                0x000000000800149c                Reset_Handler
 .text.Default_Handler
                0x00000000080014ec        0x2 ./Core/Startup/startup_stm32f417vgtx.o
                0x00000000080014ec                RTC_Alarm_IRQHandler
                0x00000000080014ec                HASH_RNG_IRQHandler
                0x00000000080014ec                EXTI2_IRQHandler
                0x00000000080014ec                TIM8_CC_IRQHandler
                0x00000000080014ec                TIM1_CC_IRQHandler
                0x00000000080014ec                DMA2_Stream5_IRQHandler
                0x00000000080014ec                DMA1_Stream5_IRQHandler
                0x00000000080014ec                PVD_IRQHandler
                0x00000000080014ec                TAMP_STAMP_IRQHandler
                0x00000000080014ec                CAN2_RX1_IRQHandler
                0x00000000080014ec                EXTI3_IRQHandler
                0x00000000080014ec                TIM8_TRG_COM_TIM14_IRQHandler
                0x00000000080014ec                TIM1_UP_TIM10_IRQHandler
                0x00000000080014ec                TIM8_UP_TIM13_IRQHandler
                0x00000000080014ec                I2C3_ER_IRQHandler
                0x00000000080014ec                EXTI0_IRQHandler
                0x00000000080014ec                I2C2_EV_IRQHandler
                0x00000000080014ec                DMA1_Stream2_IRQHandler
                0x00000000080014ec                FPU_IRQHandler
                0x00000000080014ec                OTG_HS_WKUP_IRQHandler
                0x00000000080014ec                CAN2_SCE_IRQHandler
                0x00000000080014ec                DMA2_Stream2_IRQHandler
                0x00000000080014ec                SPI1_IRQHandler
                0x00000000080014ec                TIM6_DAC_IRQHandler
                0x00000000080014ec                TIM1_BRK_TIM9_IRQHandler
                0x00000000080014ec                DCMI_IRQHandler
                0x00000000080014ec                CAN2_RX0_IRQHandler
                0x00000000080014ec                USART6_IRQHandler
                0x00000000080014ec                USART3_IRQHandler
                0x00000000080014ec                CRYP_IRQHandler
                0x00000000080014ec                UART5_IRQHandler
                0x00000000080014ec                DMA2_Stream0_IRQHandler
                0x00000000080014ec                TIM4_IRQHandler
                0x00000000080014ec                I2C1_EV_IRQHandler
                0x00000000080014ec                DMA1_Stream6_IRQHandler
                0x00000000080014ec                DMA1_Stream1_IRQHandler
                0x00000000080014ec                UART4_IRQHandler
                0x00000000080014ec                TIM3_IRQHandler
                0x00000000080014ec                RCC_IRQHandler
                0x00000000080014ec                TIM8_BRK_TIM12_IRQHandler
                0x00000000080014ec                Default_Handler
                0x00000000080014ec                EXTI15_10_IRQHandler
                0x00000000080014ec                ADC_IRQHandler
                0x00000000080014ec                DMA1_Stream7_IRQHandler
                0x00000000080014ec                TIM7_IRQHandler
                0x00000000080014ec                CAN2_TX_IRQHandler
                0x00000000080014ec                TIM5_IRQHandler
                0x00000000080014ec                DMA2_Stream7_IRQHandler
                0x00000000080014ec                I2C3_EV_IRQHandler
                0x00000000080014ec                EXTI9_5_IRQHandler
                0x00000000080014ec                RTC_WKUP_IRQHandler
                0x00000000080014ec                ETH_WKUP_IRQHandler
                0x00000000080014ec                SPI2_IRQHandler
                0x00000000080014ec                OTG_HS_EP1_IN_IRQHandler
                0x00000000080014ec                DMA1_Stream0_IRQHandler
                0x00000000080014ec                EXTI4_IRQHandler
                0x00000000080014ec                FSMC_IRQHandler
                0x00000000080014ec                ETH_IRQHandler
                0x00000000080014ec                OTG_HS_EP1_OUT_IRQHandler
                0x00000000080014ec                WWDG_IRQHandler
                0x00000000080014ec                TIM2_IRQHandler
                0x00000000080014ec                OTG_FS_WKUP_IRQHandler
                0x00000000080014ec                TIM1_TRG_COM_TIM11_IRQHandler
                0x00000000080014ec                OTG_HS_IRQHandler
                0x00000000080014ec                EXTI1_IRQHandler
                0x00000000080014ec                USART2_IRQHandler
                0x00000000080014ec                I2C2_ER_IRQHandler
                0x00000000080014ec                DMA2_Stream1_IRQHandler
                0x00000000080014ec                FLASH_IRQHandler
                0x00000000080014ec                DMA2_Stream4_IRQHandler
                0x00000000080014ec                USART1_IRQHandler
                0x00000000080014ec                OTG_FS_IRQHandler
                0x00000000080014ec                SPI3_IRQHandler
                0x00000000080014ec                DMA1_Stream4_IRQHandler
                0x00000000080014ec                I2C1_ER_IRQHandler
                0x00000000080014ec                DMA1_Stream3_IRQHandler
 *fill*         0x00000000080014ee        0x2 
 .text.HAL_Init
                0x00000000080014f0       0x44 ./Drivers/STM32F4xx_HAL_Driver/Src/stm32f4xx_hal.o
                0x00000000080014f0                HAL_Init
 .text.HAL_InitTick
                0x0000000008001534       0x60 ./Drivers/STM32F4xx_HAL_Driver/Src/stm32f4xx_hal.o
                0x0000000008001534                HAL_InitTick
 .text.HAL_IncTick
                0x0000000008001594       0x28 ./Drivers/STM32F4xx_HAL_Driver/Src/stm32f4xx_hal.o
                0x0000000008001594                HAL_IncTick
 .text.HAL_GetTick
                0x00000000080015bc       0x18 ./Drivers/STM32F4xx_HAL_Driver/Src/stm32f4xx_hal.o
                0x00000000080015bc                HAL_GetTick
 .text.HAL_Delay
                0x00000000080015d4       0x48 ./Drivers/STM32F4xx_HAL_Driver/Src/stm32f4xx_hal.o
                0x00000000080015d4                HAL_Delay
 .text.HAL_CAN_Init
                0x000000000800161c      0x1f6 ./Drivers/STM32F4xx_HAL_Driver/Src/stm32f4xx_hal_can.o
                0x000000000800161c                HAL_CAN_Init
 *fill*         0x0000000008001812        0x2 
 .text.HAL_CAN_ConfigFilter
                0x0000000008001814      0x1c0 ./Drivers/STM32F4xx_HAL_Driver/Src/stm32f4xx_hal_can.o
                0x0000000008001814                HAL_CAN_ConfigFilter
 .text.HAL_CAN_Start
                0x00000000080019d4       0x88 ./Drivers/STM32F4xx_HAL_Driver/Src/stm32f4xx_hal_can.o
                0x00000000080019d4                HAL_CAN_Start
 .text.HAL_CAN_GetRxMessage
                0x0000000008001a5c      0x224 ./Drivers/STM32F4xx_HAL_Driver/Src/stm32f4xx_hal_can.o
                0x0000000008001a5c                HAL_CAN_GetRxMessage
 .text.HAL_CAN_ActivateNotification
                0x0000000008001c80       0x4c ./Drivers/STM32F4xx_HAL_Driver/Src/stm32f4xx_hal_can.o
                0x0000000008001c80                HAL_CAN_ActivateNotification
 .text.HAL_CAN_IRQHandler
                0x0000000008001ccc      0x36e ./Drivers/STM32F4xx_HAL_Driver/Src/stm32f4xx_hal_can.o
                0x0000000008001ccc                HAL_CAN_IRQHandler
 .text.HAL_CAN_TxMailbox0CompleteCallback
                0x000000000800203a       0x14 ./Drivers/STM32F4xx_HAL_Driver/Src/stm32f4xx_hal_can.o
                0x000000000800203a                HAL_CAN_TxMailbox0CompleteCallback
 .text.HAL_CAN_TxMailbox1CompleteCallback
                0x000000000800204e       0x14 ./Drivers/STM32F4xx_HAL_Driver/Src/stm32f4xx_hal_can.o
                0x000000000800204e                HAL_CAN_TxMailbox1CompleteCallback
 .text.HAL_CAN_TxMailbox2CompleteCallback
                0x0000000008002062       0x14 ./Drivers/STM32F4xx_HAL_Driver/Src/stm32f4xx_hal_can.o
                0x0000000008002062                HAL_CAN_TxMailbox2CompleteCallback
 .text.HAL_CAN_TxMailbox0AbortCallback
                0x0000000008002076       0x14 ./Drivers/STM32F4xx_HAL_Driver/Src/stm32f4xx_hal_can.o
                0x0000000008002076                HAL_CAN_TxMailbox0AbortCallback
 .text.HAL_CAN_TxMailbox1AbortCallback
                0x000000000800208a       0x14 ./Drivers/STM32F4xx_HAL_Driver/Src/stm32f4xx_hal_can.o
                0x000000000800208a                HAL_CAN_TxMailbox1AbortCallback
 .text.HAL_CAN_TxMailbox2AbortCallback
                0x000000000800209e       0x14 ./Drivers/STM32F4xx_HAL_Driver/Src/stm32f4xx_hal_can.o
                0x000000000800209e                HAL_CAN_TxMailbox2AbortCallback
 .text.HAL_CAN_RxFifo0FullCallback
                0x00000000080020b2       0x14 ./Drivers/STM32F4xx_HAL_Driver/Src/stm32f4xx_hal_can.o
                0x00000000080020b2                HAL_CAN_RxFifo0FullCallback
 .text.HAL_CAN_RxFifo1FullCallback
                0x00000000080020c6       0x14 ./Drivers/STM32F4xx_HAL_Driver/Src/stm32f4xx_hal_can.o
                0x00000000080020c6                HAL_CAN_RxFifo1FullCallback
 .text.HAL_CAN_SleepCallback
                0x00000000080020da       0x14 ./Drivers/STM32F4xx_HAL_Driver/Src/stm32f4xx_hal_can.o
                0x00000000080020da                HAL_CAN_SleepCallback
 .text.HAL_CAN_WakeUpFromRxMsgCallback
                0x00000000080020ee       0x14 ./Drivers/STM32F4xx_HAL_Driver/Src/stm32f4xx_hal_can.o
                0x00000000080020ee                HAL_CAN_WakeUpFromRxMsgCallback
 .text.HAL_CAN_ErrorCallback
                0x0000000008002102       0x14 ./Drivers/STM32F4xx_HAL_Driver/Src/stm32f4xx_hal_can.o
                0x0000000008002102                HAL_CAN_ErrorCallback
 *fill*         0x0000000008002116        0x2 
 .text.__NVIC_SetPriorityGrouping
                0x0000000008002118       0x48 ./Drivers/STM32F4xx_HAL_Driver/Src/stm32f4xx_hal_cortex.o
 .text.__NVIC_GetPriorityGrouping
                0x0000000008002160       0x1c ./Drivers/STM32F4xx_HAL_Driver/Src/stm32f4xx_hal_cortex.o
 .text.__NVIC_EnableIRQ
                0x000000000800217c       0x3c ./Drivers/STM32F4xx_HAL_Driver/Src/stm32f4xx_hal_cortex.o
 .text.__NVIC_SetPriority
                0x00000000080021b8       0x54 ./Drivers/STM32F4xx_HAL_Driver/Src/stm32f4xx_hal_cortex.o
 .text.NVIC_EncodePriority
                0x000000000800220c       0x66 ./Drivers/STM32F4xx_HAL_Driver/Src/stm32f4xx_hal_cortex.o
 *fill*         0x0000000008002272        0x2 
 .text.SysTick_Config
                0x0000000008002274       0x44 ./Drivers/STM32F4xx_HAL_Driver/Src/stm32f4xx_hal_cortex.o
 .text.HAL_NVIC_SetPriorityGrouping
                0x00000000080022b8       0x16 ./Drivers/STM32F4xx_HAL_Driver/Src/stm32f4xx_hal_cortex.o
                0x00000000080022b8                HAL_NVIC_SetPriorityGrouping
 .text.HAL_NVIC_SetPriority
                0x00000000080022ce       0x38 ./Drivers/STM32F4xx_HAL_Driver/Src/stm32f4xx_hal_cortex.o
                0x00000000080022ce                HAL_NVIC_SetPriority
 .text.HAL_NVIC_EnableIRQ
                0x0000000008002306       0x1c ./Drivers/STM32F4xx_HAL_Driver/Src/stm32f4xx_hal_cortex.o
                0x0000000008002306                HAL_NVIC_EnableIRQ
 .text.HAL_SYSTICK_Config
                0x0000000008002322       0x18 ./Drivers/STM32F4xx_HAL_Driver/Src/stm32f4xx_hal_cortex.o
                0x0000000008002322                HAL_SYSTICK_Config
 *fill*         0x000000000800233a        0x2 
 .text.HAL_DMA_Init
                0x000000000800233c      0x15c ./Drivers/STM32F4xx_HAL_Driver/Src/stm32f4xx_hal_dma.o
                0x000000000800233c                HAL_DMA_Init
 .text.HAL_DMA_Start_IT
                0x0000000008002498       0xb0 ./Drivers/STM32F4xx_HAL_Driver/Src/stm32f4xx_hal_dma.o
                0x0000000008002498                HAL_DMA_Start_IT
 .text.HAL_DMA_Abort_IT
                0x0000000008002548       0x44 ./Drivers/STM32F4xx_HAL_Driver/Src/stm32f4xx_hal_dma.o
                0x0000000008002548                HAL_DMA_Abort_IT
 .text.HAL_DMA_IRQHandler
                0x000000000800258c      0x314 ./Drivers/STM32F4xx_HAL_Driver/Src/stm32f4xx_hal_dma.o
                0x000000000800258c                HAL_DMA_IRQHandler
 .text.HAL_DMA_GetError
                0x00000000080028a0       0x18 ./Drivers/STM32F4xx_HAL_Driver/Src/stm32f4xx_hal_dma.o
                0x00000000080028a0                HAL_DMA_GetError
 .text.DMA_SetConfig
                0x00000000080028b8       0x5c ./Drivers/STM32F4xx_HAL_Driver/Src/stm32f4xx_hal_dma.o
 .text.DMA_CalcBaseAndBitshift
                0x0000000008002914       0x6c ./Drivers/STM32F4xx_HAL_Driver/Src/stm32f4xx_hal_dma.o
 .text.DMA_CheckFifoParam
                0x0000000008002980       0xf8 ./Drivers/STM32F4xx_HAL_Driver/Src/stm32f4xx_hal_dma.o
 .text.HAL_GPIO_Init
                0x0000000008002a78      0x338 ./Drivers/STM32F4xx_HAL_Driver/Src/stm32f4xx_hal_gpio.o
                0x0000000008002a78                HAL_GPIO_Init
 .text.HAL_RCC_OscConfig
                0x0000000008002db0      0x4f0 ./Drivers/STM32F4xx_HAL_Driver/Src/stm32f4xx_hal_rcc.o
                0x0000000008002db0                HAL_RCC_OscConfig
 .text.HAL_RCC_ClockConfig
                0x00000000080032a0      0x1cc ./Drivers/STM32F4xx_HAL_Driver/Src/stm32f4xx_hal_rcc.o
                0x00000000080032a0                HAL_RCC_ClockConfig
 .text.HAL_RCC_GetSysClockFreq
                0x000000000800346c      0x20c ./Drivers/STM32F4xx_HAL_Driver/Src/stm32f4xx_hal_rcc.o
                0x000000000800346c                HAL_RCC_GetSysClockFreq
 .text.HAL_RCC_GetHCLKFreq
                0x0000000008003678       0x18 ./Drivers/STM32F4xx_HAL_Driver/Src/stm32f4xx_hal_rcc.o
                0x0000000008003678                HAL_RCC_GetHCLKFreq
 .text.HAL_RCC_GetPCLK1Freq
                0x0000000008003690       0x28 ./Drivers/STM32F4xx_HAL_Driver/Src/stm32f4xx_hal_rcc.o
                0x0000000008003690                HAL_RCC_GetPCLK1Freq
 .text.HAL_RCC_GetPCLK2Freq
                0x00000000080036b8       0x28 ./Drivers/STM32F4xx_HAL_Driver/Src/stm32f4xx_hal_rcc.o
                0x00000000080036b8                HAL_RCC_GetPCLK2Freq
 .text.HAL_SD_Init
                0x00000000080036e0       0x60 ./Drivers/STM32F4xx_HAL_Driver/Src/stm32f4xx_hal_sd.o
                0x00000000080036e0                HAL_SD_Init
 .text.HAL_SD_InitCard
                0x0000000008003740      0x100 ./Drivers/STM32F4xx_HAL_Driver/Src/stm32f4xx_hal_sd.o
                0x0000000008003740                HAL_SD_InitCard
 .text.HAL_SD_ReadBlocks_DMA
                0x0000000008003840      0x1c4 ./Drivers/STM32F4xx_HAL_Driver/Src/stm32f4xx_hal_sd.o
                0x0000000008003840                HAL_SD_ReadBlocks_DMA
 .text.HAL_SD_WriteBlocks_DMA
                0x0000000008003a04      0x1cc ./Drivers/STM32F4xx_HAL_Driver/Src/stm32f4xx_hal_sd.o
                0x0000000008003a04                HAL_SD_WriteBlocks_DMA
 .text.HAL_SD_IRQHandler
                0x0000000008003bd0      0x30c ./Drivers/STM32F4xx_HAL_Driver/Src/stm32f4xx_hal_sd.o
                0x0000000008003bd0                HAL_SD_IRQHandler
 .text.HAL_SD_ErrorCallback
                0x0000000008003edc       0x14 ./Drivers/STM32F4xx_HAL_Driver/Src/stm32f4xx_hal_sd.o
                0x0000000008003edc                HAL_SD_ErrorCallback
 .text.HAL_SD_GetCardCSD
                0x0000000008003ef0      0x348 ./Drivers/STM32F4xx_HAL_Driver/Src/stm32f4xx_hal_sd.o
                0x0000000008003ef0                HAL_SD_GetCardCSD
 .text.HAL_SD_GetCardInfo
                0x0000000008004238       0x58 ./Drivers/STM32F4xx_HAL_Driver/Src/stm32f4xx_hal_sd.o
                0x0000000008004238                HAL_SD_GetCardInfo
 .text.HAL_SD_ConfigWideBusOperation
                0x0000000008004290      0x134 ./Drivers/STM32F4xx_HAL_Driver/Src/stm32f4xx_hal_sd.o
                0x0000000008004290                HAL_SD_ConfigWideBusOperation
 .text.HAL_SD_GetCardState
                0x00000000080043c4       0x40 ./Drivers/STM32F4xx_HAL_Driver/Src/stm32f4xx_hal_sd.o
                0x00000000080043c4                HAL_SD_GetCardState
 .text.SD_DMATransmitCplt
                0x0000000008004404       0x2a ./Drivers/STM32F4xx_HAL_Driver/Src/stm32f4xx_hal_sd.o
 .text.SD_DMAReceiveCplt
                0x000000000800442e       0x70 ./Drivers/STM32F4xx_HAL_Driver/Src/stm32f4xx_hal_sd.o
 *fill*         0x000000000800449e        0x2 
 .text.SD_DMAError
                0x00000000080044a0       0xa4 ./Drivers/STM32F4xx_HAL_Driver/Src/stm32f4xx_hal_sd.o
 .text.SD_DMATxAbort
                0x0000000008004544       0x6e ./Drivers/STM32F4xx_HAL_Driver/Src/stm32f4xx_hal_sd.o
 .text.SD_DMARxAbort
                0x00000000080045b2       0x6e ./Drivers/STM32F4xx_HAL_Driver/Src/stm32f4xx_hal_sd.o
 .text.SD_InitCard
                0x0000000008004620      0x19c ./Drivers/STM32F4xx_HAL_Driver/Src/stm32f4xx_hal_sd.o
 .text.SD_PowerON
                0x00000000080047bc      0x11c ./Drivers/STM32F4xx_HAL_Driver/Src/stm32f4xx_hal_sd.o
 .text.SD_SendStatus
                0x00000000080048d8       0x50 ./Drivers/STM32F4xx_HAL_Driver/Src/stm32f4xx_hal_sd.o
 .text.SD_WideBus_Enable
                0x0000000008004928       0x96 ./Drivers/STM32F4xx_HAL_Driver/Src/stm32f4xx_hal_sd.o
 .text.SD_WideBus_Disable
                0x00000000080049be       0x96 ./Drivers/STM32F4xx_HAL_Driver/Src/stm32f4xx_hal_sd.o
 .text.SD_FindSCR
                0x0000000008004a54      0x1a6 ./Drivers/STM32F4xx_HAL_Driver/Src/stm32f4xx_hal_sd.o
 .text.SD_Read_IT
                0x0000000008004bfa       0xa2 ./Drivers/STM32F4xx_HAL_Driver/Src/stm32f4xx_hal_sd.o
 .text.SD_Write_IT
                0x0000000008004c9c       0xaa ./Drivers/STM32F4xx_HAL_Driver/Src/stm32f4xx_hal_sd.o
 .text.HAL_UART_Init
                0x0000000008004d46       0x9a ./Drivers/STM32F4xx_HAL_Driver/Src/stm32f4xx_hal_uart.o
                0x0000000008004d46                HAL_UART_Init
 .text.HAL_UART_Transmit
                0x0000000008004de0      0x124 ./Drivers/STM32F4xx_HAL_Driver/Src/stm32f4xx_hal_uart.o
                0x0000000008004de0                HAL_UART_Transmit
 .text.UART_WaitOnFlagUntilTimeout
                0x0000000008004f04       0xdc ./Drivers/STM32F4xx_HAL_Driver/Src/stm32f4xx_hal_uart.o
 .text.UART_SetConfig
                0x0000000008004fe0      0x4e8 ./Drivers/STM32F4xx_HAL_Driver/Src/stm32f4xx_hal_uart.o
 .text.SDIO_Init
                0x00000000080054c8       0x56 ./Drivers/STM32F4xx_HAL_Driver/Src/stm32f4xx_ll_sdmmc.o
                0x00000000080054c8                SDIO_Init
 .text.SDIO_ReadFIFO
                0x000000000800551e       0x1a ./Drivers/STM32F4xx_HAL_Driver/Src/stm32f4xx_ll_sdmmc.o
                0x000000000800551e                SDIO_ReadFIFO
 .text.SDIO_WriteFIFO
                0x0000000008005538       0x22 ./Drivers/STM32F4xx_HAL_Driver/Src/stm32f4xx_ll_sdmmc.o
                0x0000000008005538                SDIO_WriteFIFO
 .text.SDIO_PowerState_ON
                0x000000000800555a       0x1c ./Drivers/STM32F4xx_HAL_Driver/Src/stm32f4xx_ll_sdmmc.o
                0x000000000800555a                SDIO_PowerState_ON
 .text.SDIO_GetPowerState
                0x0000000008005576       0x1c ./Drivers/STM32F4xx_HAL_Driver/Src/stm32f4xx_ll_sdmmc.o
                0x0000000008005576                SDIO_GetPowerState
 .text.SDIO_SendCommand
                0x0000000008005592       0x54 ./Drivers/STM32F4xx_HAL_Driver/Src/stm32f4xx_ll_sdmmc.o
                0x0000000008005592                SDIO_SendCommand
 .text.SDIO_GetCommandResponse
                0x00000000080055e6       0x1a ./Drivers/STM32F4xx_HAL_Driver/Src/stm32f4xx_ll_sdmmc.o
                0x00000000080055e6                SDIO_GetCommandResponse
 .text.SDIO_GetResponse
                0x0000000008005600       0x26 ./Drivers/STM32F4xx_HAL_Driver/Src/stm32f4xx_ll_sdmmc.o
                0x0000000008005600                SDIO_GetResponse
 .text.SDIO_ConfigData
                0x0000000008005626       0x58 ./Drivers/STM32F4xx_HAL_Driver/Src/stm32f4xx_ll_sdmmc.o
                0x0000000008005626                SDIO_ConfigData
 .text.SDMMC_CmdBlockLength
                0x000000000800567e       0x44 ./Drivers/STM32F4xx_HAL_Driver/Src/stm32f4xx_ll_sdmmc.o
                0x000000000800567e                SDMMC_CmdBlockLength
 .text.SDMMC_CmdReadSingleBlock
                0x00000000080056c2       0x44 ./Drivers/STM32F4xx_HAL_Driver/Src/stm32f4xx_ll_sdmmc.o
                0x00000000080056c2                SDMMC_CmdReadSingleBlock
 .text.SDMMC_CmdReadMultiBlock
                0x0000000008005706       0x44 ./Drivers/STM32F4xx_HAL_Driver/Src/stm32f4xx_ll_sdmmc.o
                0x0000000008005706                SDMMC_CmdReadMultiBlock
 .text.SDMMC_CmdWriteSingleBlock
                0x000000000800574a       0x44 ./Drivers/STM32F4xx_HAL_Driver/Src/stm32f4xx_ll_sdmmc.o
                0x000000000800574a                SDMMC_CmdWriteSingleBlock
 .text.SDMMC_CmdWriteMultiBlock
                0x000000000800578e       0x44 ./Drivers/STM32F4xx_HAL_Driver/Src/stm32f4xx_ll_sdmmc.o
                0x000000000800578e                SDMMC_CmdWriteMultiBlock
 *fill*         0x00000000080057d2        0x2 
 .text.SDMMC_CmdStopTransfer
                0x00000000080057d4       0x44 ./Drivers/STM32F4xx_HAL_Driver/Src/stm32f4xx_ll_sdmmc.o
                0x00000000080057d4                SDMMC_CmdStopTransfer
 .text.SDMMC_CmdSelDesel
                0x0000000008005818       0x46 ./Drivers/STM32F4xx_HAL_Driver/Src/stm32f4xx_ll_sdmmc.o
                0x0000000008005818                SDMMC_CmdSelDesel
 .text.SDMMC_CmdGoIdleState
                0x000000000800585e       0x3c ./Drivers/STM32F4xx_HAL_Driver/Src/stm32f4xx_ll_sdmmc.o
                0x000000000800585e                SDMMC_CmdGoIdleState
 .text.SDMMC_CmdOperCond
                0x000000000800589a       0x3e ./Drivers/STM32F4xx_HAL_Driver/Src/stm32f4xx_ll_sdmmc.o
                0x000000000800589a                SDMMC_CmdOperCond
 .text.SDMMC_CmdAppCommand
                0x00000000080058d8       0x44 ./Drivers/STM32F4xx_HAL_Driver/Src/stm32f4xx_ll_sdmmc.o
                0x00000000080058d8                SDMMC_CmdAppCommand
 .text.SDMMC_CmdAppOperCommand
                0x000000000800591c       0x46 ./Drivers/STM32F4xx_HAL_Driver/Src/stm32f4xx_ll_sdmmc.o
                0x000000000800591c                SDMMC_CmdAppOperCommand
 .text.SDMMC_CmdBusWidth
                0x0000000008005962       0x44 ./Drivers/STM32F4xx_HAL_Driver/Src/stm32f4xx_ll_sdmmc.o
                0x0000000008005962                SDMMC_CmdBusWidth
 .text.SDMMC_CmdSendSCR
                0x00000000080059a6       0x42 ./Drivers/STM32F4xx_HAL_Driver/Src/stm32f4xx_ll_sdmmc.o
                0x00000000080059a6                SDMMC_CmdSendSCR
 .text.SDMMC_CmdSendCID
                0x00000000080059e8       0x3c ./Drivers/STM32F4xx_HAL_Driver/Src/stm32f4xx_ll_sdmmc.o
                0x00000000080059e8                SDMMC_CmdSendCID
 .text.SDMMC_CmdSendCSD
                0x0000000008005a24       0x3e ./Drivers/STM32F4xx_HAL_Driver/Src/stm32f4xx_ll_sdmmc.o
                0x0000000008005a24                SDMMC_CmdSendCSD
 .text.SDMMC_CmdSetRelAdd
                0x0000000008005a62       0x42 ./Drivers/STM32F4xx_HAL_Driver/Src/stm32f4xx_ll_sdmmc.o
                0x0000000008005a62                SDMMC_CmdSetRelAdd
 .text.SDMMC_CmdSendStatus
                0x0000000008005aa4       0x44 ./Drivers/STM32F4xx_HAL_Driver/Src/stm32f4xx_ll_sdmmc.o
                0x0000000008005aa4                SDMMC_CmdSendStatus
 .text.SDMMC_GetCmdResp1
                0x0000000008005ae8      0x1dc ./Drivers/STM32F4xx_HAL_Driver/Src/stm32f4xx_ll_sdmmc.o
                0x0000000008005ae8                SDMMC_GetCmdResp1
 .text.SDMMC_GetCmdResp2
                0x0000000008005cc4       0x90 ./Drivers/STM32F4xx_HAL_Driver/Src/stm32f4xx_ll_sdmmc.o
                0x0000000008005cc4                SDMMC_GetCmdResp2
 .text.SDMMC_GetCmdResp3
                0x0000000008005d54       0x7c ./Drivers/STM32F4xx_HAL_Driver/Src/stm32f4xx_ll_sdmmc.o
                0x0000000008005d54                SDMMC_GetCmdResp3
 .text.SDMMC_GetCmdResp6
                0x0000000008005dd0       0xec ./Drivers/STM32F4xx_HAL_Driver/Src/stm32f4xx_ll_sdmmc.o
                0x0000000008005dd0                SDMMC_GetCmdResp6
 .text.SDMMC_GetCmdResp7
                0x0000000008005ebc       0x9c ./Drivers/STM32F4xx_HAL_Driver/Src/stm32f4xx_ll_sdmmc.o
                0x0000000008005ebc                SDMMC_GetCmdResp7
 .text.SDMMC_GetCmdError
                0x0000000008005f58       0x58 ./Drivers/STM32F4xx_HAL_Driver/Src/stm32f4xx_ll_sdmmc.o
 .text.MX_FATFS_Init
                0x0000000008005fb0       0x24 ./FATFS/App/fatfs.o
                0x0000000008005fb0                MX_FATFS_Init
 .text.BSP_SD_Init
                0x0000000008005fd4       0x30 ./FATFS/Target/bsp_driver_sd.o
                0x0000000008005fd4                BSP_SD_Init
 .text.BSP_SD_ReadBlocks_DMA
                0x0000000008006004       0x34 ./FATFS/Target/bsp_driver_sd.o
                0x0000000008006004                BSP_SD_ReadBlocks_DMA
 .text.BSP_SD_WriteBlocks_DMA
                0x0000000008006038       0x34 ./FATFS/Target/bsp_driver_sd.o
                0x0000000008006038                BSP_SD_WriteBlocks_DMA
 .text.BSP_SD_GetCardState
                0x000000000800606c       0x20 ./FATFS/Target/bsp_driver_sd.o
                0x000000000800606c                BSP_SD_GetCardState
 .text.BSP_SD_GetCardInfo
                0x000000000800608c       0x1c ./FATFS/Target/bsp_driver_sd.o
                0x000000000800608c                BSP_SD_GetCardInfo
 .text.HAL_SD_AbortCallback
                0x00000000080060a8       0x14 ./FATFS/Target/bsp_driver_sd.o
                0x00000000080060a8                HAL_SD_AbortCallback
 .text.HAL_SD_TxCpltCallback
                0x00000000080060bc       0x14 ./FATFS/Target/bsp_driver_sd.o
                0x00000000080060bc                HAL_SD_TxCpltCallback
 .text.HAL_SD_RxCpltCallback
                0x00000000080060d0       0x14 ./FATFS/Target/bsp_driver_sd.o
                0x00000000080060d0                HAL_SD_RxCpltCallback
 .text.BSP_SD_AbortCallback
                0x00000000080060e4        0xe ./FATFS/Target/bsp_driver_sd.o
                0x00000000080060e4                BSP_SD_AbortCallback
 .text.BSP_SD_IsDetected
                0x00000000080060f2       0x1a ./FATFS/Target/bsp_driver_sd.o
                0x00000000080060f2                BSP_SD_IsDetected
 .text.SD_CheckStatusWithTimeout
                0x000000000800610c       0x3a ./FATFS/Target/sd_diskio.o
 *fill*         0x0000000008006146        0x2 
 .text.SD_CheckStatus
                0x0000000008006148       0x3c ./FATFS/Target/sd_diskio.o
 .text.SD_initialize
                0x0000000008006184       0x98 ./FATFS/Target/sd_diskio.o
                0x0000000008006184                SD_initialize
 .text.SD_status
                0x000000000800621c       0x1c ./FATFS/Target/sd_diskio.o
                0x000000000800621c                SD_status
 .text.SD_read  0x0000000008006238       0x9c ./FATFS/Target/sd_diskio.o
                0x0000000008006238                SD_read
 .text.SD_write
                0x00000000080062d4       0x94 ./FATFS/Target/sd_diskio.o
                0x00000000080062d4                SD_write
 .text.SD_ioctl
                0x0000000008006368       0xb0 ./FATFS/Target/sd_diskio.o
                0x0000000008006368                SD_ioctl
 .text.BSP_SD_WriteCpltCallback
                0x0000000008006418       0x1c ./FATFS/Target/sd_diskio.o
                0x0000000008006418                BSP_SD_WriteCpltCallback
 .text.BSP_SD_ReadCpltCallback
                0x0000000008006434       0x1c ./FATFS/Target/sd_diskio.o
                0x0000000008006434                BSP_SD_ReadCpltCallback
 .text.disk_status
                0x0000000008006450       0x34 ./Middlewares/Third_Party/FatFs/src/diskio.o
                0x0000000008006450                disk_status
 .text.disk_initialize
                0x0000000008006484       0x4c ./Middlewares/Third_Party/FatFs/src/diskio.o
                0x0000000008006484                disk_initialize
 .text.disk_read
                0x00000000080064d0       0x40 ./Middlewares/Third_Party/FatFs/src/diskio.o
                0x00000000080064d0                disk_read
 .text.disk_write
                0x0000000008006510       0x40 ./Middlewares/Third_Party/FatFs/src/diskio.o
                0x0000000008006510                disk_write
 .text.disk_ioctl
                0x0000000008006550       0x3c ./Middlewares/Third_Party/FatFs/src/diskio.o
                0x0000000008006550                disk_ioctl
 .text.ld_word  0x000000000800658c       0x30 ./Middlewares/Third_Party/FatFs/src/ff.o
 .text.ld_dword
                0x00000000080065bc       0x46 ./Middlewares/Third_Party/FatFs/src/ff.o
 .text.st_word  0x0000000008006602       0x36 ./Middlewares/Third_Party/FatFs/src/ff.o
 .text.st_dword
                0x0000000008006638       0x58 ./Middlewares/Third_Party/FatFs/src/ff.o
 .text.mem_cpy  0x0000000008006690       0x42 ./Middlewares/Third_Party/FatFs/src/ff.o
 .text.mem_set  0x00000000080066d2       0x36 ./Middlewares/Third_Party/FatFs/src/ff.o
 .text.mem_cmp  0x0000000008006708       0x4e ./Middlewares/Third_Party/FatFs/src/ff.o
 .text.chk_chr  0x0000000008006756       0x36 ./Middlewares/Third_Party/FatFs/src/ff.o
 .text.lock_fs  0x000000000800678c       0x2c ./Middlewares/Third_Party/FatFs/src/ff.o
 .text.unlock_fs
                0x00000000080067b8       0x36 ./Middlewares/Third_Party/FatFs/src/ff.o
 *fill*         0x00000000080067ee        0x2 
 .text.chk_lock
                0x00000000080067f0       0xb8 ./Middlewares/Third_Party/FatFs/src/ff.o
 .text.enq_lock
                0x00000000080068a8       0x44 ./Middlewares/Third_Party/FatFs/src/ff.o
 .text.inc_lock
                0x00000000080068ec      0x11c ./Middlewares/Third_Party/FatFs/src/ff.o
 .text.clear_lock
                0x0000000008006a08       0x48 ./Middlewares/Third_Party/FatFs/src/ff.o
 .text.sync_window
                0x0000000008006a50       0x88 ./Middlewares/Third_Party/FatFs/src/ff.o
 .text.move_window
                0x0000000008006ad8       0x5a ./Middlewares/Third_Party/FatFs/src/ff.o
 *fill*         0x0000000008006b32        0x2 
 .text.sync_fs  0x0000000008006b34       0xdc ./Middlewares/Third_Party/FatFs/src/ff.o
 .text.clust2sect
                0x0000000008006c10       0x3e ./Middlewares/Third_Party/FatFs/src/ff.o
 .text.get_fat  0x0000000008006c4e      0x150 ./Middlewares/Third_Party/FatFs/src/ff.o
 .text.put_fat  0x0000000008006d9e      0x1d4 ./Middlewares/Third_Party/FatFs/src/ff.o
 .text.remove_chain
                0x0000000008006f72       0xca ./Middlewares/Third_Party/FatFs/src/ff.o
 .text.create_chain
                0x000000000800703c      0x130 ./Middlewares/Third_Party/FatFs/src/ff.o
 .text.clmt_clust
                0x000000000800716c       0x68 ./Middlewares/Third_Party/FatFs/src/ff.o
 .text.dir_sdi  0x00000000080071d4       0xf6 ./Middlewares/Third_Party/FatFs/src/ff.o
 .text.dir_next
                0x00000000080072ca      0x18a ./Middlewares/Third_Party/FatFs/src/ff.o
 .text.dir_alloc
                0x0000000008007454       0x8e ./Middlewares/Third_Party/FatFs/src/ff.o
 .text.ld_clust
                0x00000000080074e2       0x3e ./Middlewares/Third_Party/FatFs/src/ff.o
 .text.st_clust
                0x0000000008007520       0x40 ./Middlewares/Third_Party/FatFs/src/ff.o
 .text.dir_find
                0x0000000008007560       0xaa ./Middlewares/Third_Party/FatFs/src/ff.o
 .text.dir_register
                0x000000000800760a       0x64 ./Middlewares/Third_Party/FatFs/src/ff.o
 .text.get_fileinfo
                0x000000000800766e       0xbe ./Middlewares/Third_Party/FatFs/src/ff.o
 .text.create_name
                0x000000000800772c      0x128 ./Middlewares/Third_Party/FatFs/src/ff.o
 .text.follow_path
                0x0000000008007854       0xe2 ./Middlewares/Third_Party/FatFs/src/ff.o
 .text.get_ldnumber
                0x0000000008007936       0x88 ./Middlewares/Third_Party/FatFs/src/ff.o
 *fill*         0x00000000080079be        0x2 
 .text.check_fs
                0x00000000080079c0       0xac ./Middlewares/Third_Party/FatFs/src/ff.o
 .text.find_volume
                0x0000000008007a6c      0x4a8 ./Middlewares/Third_Party/FatFs/src/ff.o
 .text.validate
                0x0000000008007f14       0x8e ./Middlewares/Third_Party/FatFs/src/ff.o
 *fill*         0x0000000008007fa2        0x2 
 .text.f_mount  0x0000000008007fa4       0xc8 ./Middlewares/Third_Party/FatFs/src/ff.o
                0x0000000008007fa4                f_mount
 .text.f_open   0x000000000800806c      0x38c ./Middlewares/Third_Party/FatFs/src/ff.o
                0x000000000800806c                f_open
 .text.f_write  0x00000000080083f8      0x348 ./Middlewares/Third_Party/FatFs/src/ff.o
                0x00000000080083f8                f_write
 .text.f_sync   0x0000000008008740      0x114 ./Middlewares/Third_Party/FatFs/src/ff.o
                0x0000000008008740                f_sync
 .text.f_stat   0x0000000008008854       0x80 ./Middlewares/Third_Party/FatFs/src/ff.o
                0x0000000008008854                f_stat
 .text.FATFS_LinkDriverEx
                0x00000000080088d4       0x98 ./Middlewares/Third_Party/FatFs/src/ff_gen_drv.o
                0x00000000080088d4                FATFS_LinkDriverEx
 .text.FATFS_LinkDriver
                0x000000000800896c       0x1e ./Middlewares/Third_Party/FatFs/src/ff_gen_drv.o
                0x000000000800896c                FATFS_LinkDriver
 .text.ff_cre_syncobj
                0x000000000800898a       0x40 ./Middlewares/Third_Party/FatFs/src/option/syscall.o
                0x000000000800898a                ff_cre_syncobj
 .text.ff_del_syncobj
                0x00000000080089ca       0x18 ./Middlewares/Third_Party/FatFs/src/option/syscall.o
                0x00000000080089ca                ff_del_syncobj
 .text.ff_req_grant
                0x00000000080089e2       0x2a ./Middlewares/Third_Party/FatFs/src/option/syscall.o
                0x00000000080089e2                ff_req_grant
 .text.ff_rel_grant
                0x0000000008008a0c       0x16 ./Middlewares/Third_Party/FatFs/src/option/syscall.o
                0x0000000008008a0c                ff_rel_grant
 .text.makeFreeRtosPriority
                0x0000000008008a22       0x30 ./Middlewares/Third_Party/FreeRTOS/Source/CMSIS_RTOS/cmsis_os.o
 .text.inHandlerMode
                0x0000000008008a52       0x24 ./Middlewares/Third_Party/FreeRTOS/Source/CMSIS_RTOS/cmsis_os.o
 .text.osKernelStart
                0x0000000008008a76        0xe ./Middlewares/Third_Party/FreeRTOS/Source/CMSIS_RTOS/cmsis_os.o
                0x0000000008008a76                osKernelStart
 .text.osKernelRunning
                0x0000000008008a84       0x18 ./Middlewares/Third_Party/FreeRTOS/Source/CMSIS_RTOS/cmsis_os.o
                0x0000000008008a84                osKernelRunning
 .text.osKernelSysTick
                0x0000000008008a9c       0x20 ./Middlewares/Third_Party/FreeRTOS/Source/CMSIS_RTOS/cmsis_os.o
                0x0000000008008a9c                osKernelSysTick
 .text.osThreadCreate
                0x0000000008008abc       0x98 ./Middlewares/Third_Party/FreeRTOS/Source/CMSIS_RTOS/cmsis_os.o
                0x0000000008008abc                osThreadCreate
 .text.osSemaphoreCreate
                0x0000000008008b54       0x64 ./Middlewares/Third_Party/FreeRTOS/Source/CMSIS_RTOS/cmsis_os.o
                0x0000000008008b54                osSemaphoreCreate
 .text.osSemaphoreWait
                0x0000000008008bb8       0x9c ./Middlewares/Third_Party/FreeRTOS/Source/CMSIS_RTOS/cmsis_os.o
                0x0000000008008bb8                osSemaphoreWait
 .text.osSemaphoreRelease
                0x0000000008008c54       0x6c ./Middlewares/Third_Party/FreeRTOS/Source/CMSIS_RTOS/cmsis_os.o
                0x0000000008008c54                osSemaphoreRelease
 .text.osSemaphoreDelete
                0x0000000008008cc0       0x26 ./Middlewares/Third_Party/FreeRTOS/Source/CMSIS_RTOS/cmsis_os.o
                0x0000000008008cc0                osSemaphoreDelete
 .text.osMessageCreate
                0x0000000008008ce6       0x50 ./Middlewares/Third_Party/FreeRTOS/Source/CMSIS_RTOS/cmsis_os.o
                0x0000000008008ce6                osMessageCreate
 *fill*         0x0000000008008d36        0x2 
 .text.osMessagePut
                0x0000000008008d38       0x80 ./Middlewares/Third_Party/FreeRTOS/Source/CMSIS_RTOS/cmsis_os.o
                0x0000000008008d38                osMessagePut
 .text.osMessageGet
                0x0000000008008db8       0xe8 ./Middlewares/Third_Party/FreeRTOS/Source/CMSIS_RTOS/cmsis_os.o
                0x0000000008008db8                osMessageGet
 .text.vListInitialise
                0x0000000008008ea0       0x40 ./Middlewares/Third_Party/FreeRTOS/Source/list.o
                0x0000000008008ea0                vListInitialise
 .text.vListInitialiseItem
                0x0000000008008ee0       0x1a ./Middlewares/Third_Party/FreeRTOS/Source/list.o
                0x0000000008008ee0                vListInitialiseItem
 .text.vListInsertEnd
                0x0000000008008efa       0x48 ./Middlewares/Third_Party/FreeRTOS/Source/list.o
                0x0000000008008efa                vListInsertEnd
 .text.vListInsert
                0x0000000008008f42       0x72 ./Middlewares/Third_Party/FreeRTOS/Source/list.o
                0x0000000008008f42                vListInsert
 .text.uxListRemove
                0x0000000008008fb4       0x54 ./Middlewares/Third_Party/FreeRTOS/Source/list.o
                0x0000000008008fb4                uxListRemove
 .text.xQueueGenericReset
                0x0000000008009008       0xd0 ./Middlewares/Third_Party/FreeRTOS/Source/queue.o
                0x0000000008009008                xQueueGenericReset
 .text.xQueueGenericCreateStatic
                0x00000000080090d8       0xf0 ./Middlewares/Third_Party/FreeRTOS/Source/queue.o
                0x00000000080090d8                xQueueGenericCreateStatic
 .text.xQueueGenericCreate
                0x00000000080091c8       0x74 ./Middlewares/Third_Party/FreeRTOS/Source/queue.o
                0x00000000080091c8                xQueueGenericCreate
 .text.prvInitialiseNewQueue
                0x000000000800923c       0x3e ./Middlewares/Third_Party/FreeRTOS/Source/queue.o
 *fill*         0x000000000800927a        0x2 
 .text.xQueueGenericSend
                0x000000000800927c      0x1fc ./Middlewares/Third_Party/FreeRTOS/Source/queue.o
                0x000000000800927c                xQueueGenericSend
 .text.xQueueGenericSendFromISR
                0x0000000008009478      0x136 ./Middlewares/Third_Party/FreeRTOS/Source/queue.o
                0x0000000008009478                xQueueGenericSendFromISR
 .text.xQueueGiveFromISR
                0x00000000080095ae      0x11a ./Middlewares/Third_Party/FreeRTOS/Source/queue.o
                0x00000000080095ae                xQueueGiveFromISR
 .text.xQueueReceive
                0x00000000080096c8      0x1c0 ./Middlewares/Third_Party/FreeRTOS/Source/queue.o
                0x00000000080096c8                xQueueReceive
 .text.xQueueSemaphoreTake
                0x0000000008009888      0x218 ./Middlewares/Third_Party/FreeRTOS/Source/queue.o
                0x0000000008009888                xQueueSemaphoreTake
 .text.xQueueReceiveFromISR
                0x0000000008009aa0      0x100 ./Middlewares/Third_Party/FreeRTOS/Source/queue.o
                0x0000000008009aa0                xQueueReceiveFromISR
 .text.vQueueDelete
                0x0000000008009ba0       0x46 ./Middlewares/Third_Party/FreeRTOS/Source/queue.o
                0x0000000008009ba0                vQueueDelete
 .text.prvGetDisinheritPriorityAfterTimeout
                0x0000000008009be6       0x30 ./Middlewares/Third_Party/FreeRTOS/Source/queue.o
 .text.prvCopyDataToQueue
                0x0000000008009c16       0xd4 ./Middlewares/Third_Party/FreeRTOS/Source/queue.o
 .text.prvCopyDataFromQueue
                0x0000000008009cea       0x4c ./Middlewares/Third_Party/FreeRTOS/Source/queue.o
 .text.prvUnlockQueue
                0x0000000008009d36       0xa4 ./Middlewares/Third_Party/FreeRTOS/Source/queue.o
 .text.prvIsQueueEmpty
                0x0000000008009dda       0x2c ./Middlewares/Third_Party/FreeRTOS/Source/queue.o
 .text.prvIsQueueFull
                0x0000000008009e06       0x30 ./Middlewares/Third_Party/FreeRTOS/Source/queue.o
 *fill*         0x0000000008009e36        0x2 
 .text.vQueueUnregisterQueue
                0x0000000008009e38       0x54 ./Middlewares/Third_Party/FreeRTOS/Source/queue.o
                0x0000000008009e38                vQueueUnregisterQueue
 .text.xTaskCreateStatic
                0x0000000008009e8c       0xba ./Middlewares/Third_Party/FreeRTOS/Source/tasks.o
                0x0000000008009e8c                xTaskCreateStatic
 .text.xTaskCreate
                0x0000000008009f46       0x8a ./Middlewares/Third_Party/FreeRTOS/Source/tasks.o
                0x0000000008009f46                xTaskCreate
 .text.prvInitialiseNewTask
                0x0000000008009fd0      0x13c ./Middlewares/Third_Party/FreeRTOS/Source/tasks.o
 .text.prvAddNewTaskToReadyList
                0x000000000800a10c       0xd4 ./Middlewares/Third_Party/FreeRTOS/Source/tasks.o
 .text.vTaskStartScheduler
                0x000000000800a1e0       0xd4 ./Middlewares/Third_Party/FreeRTOS/Source/tasks.o
                0x000000000800a1e0                vTaskStartScheduler
 .text.vTaskSuspendAll
                0x000000000800a2b4       0x1c ./Middlewares/Third_Party/FreeRTOS/Source/tasks.o
                0x000000000800a2b4                vTaskSuspendAll
 .text.xTaskResumeAll
                0x000000000800a2d0      0x138 ./Middlewares/Third_Party/FreeRTOS/Source/tasks.o
                0x000000000800a2d0                xTaskResumeAll
 .text.xTaskGetTickCount
                0x000000000800a408       0x20 ./Middlewares/Third_Party/FreeRTOS/Source/tasks.o
                0x000000000800a408                xTaskGetTickCount
 .text.xTaskGetTickCountFromISR
                0x000000000800a428       0x24 ./Middlewares/Third_Party/FreeRTOS/Source/tasks.o
                0x000000000800a428                xTaskGetTickCountFromISR
 .text.xTaskIncrementTick
                0x000000000800a44c      0x170 ./Middlewares/Third_Party/FreeRTOS/Source/tasks.o
                0x000000000800a44c                xTaskIncrementTick
 .text.vTaskSwitchContext
                0x000000000800a5bc       0xc4 ./Middlewares/Third_Party/FreeRTOS/Source/tasks.o
                0x000000000800a5bc                vTaskSwitchContext
 .text.vTaskPlaceOnEventList
                0x000000000800a680       0x48 ./Middlewares/Third_Party/FreeRTOS/Source/tasks.o
                0x000000000800a680                vTaskPlaceOnEventList
 .text.xTaskRemoveFromEventList
                0x000000000800a6c8       0xc4 ./Middlewares/Third_Party/FreeRTOS/Source/tasks.o
                0x000000000800a6c8                xTaskRemoveFromEventList
 .text.vTaskInternalSetTimeOutState
                0x000000000800a78c       0x2c ./Middlewares/Third_Party/FreeRTOS/Source/tasks.o
                0x000000000800a78c                vTaskInternalSetTimeOutState
 .text.xTaskCheckForTimeOut
                0x000000000800a7b8       0xc4 ./Middlewares/Third_Party/FreeRTOS/Source/tasks.o
                0x000000000800a7b8                xTaskCheckForTimeOut
 .text.vTaskMissedYield
                0x000000000800a87c       0x18 ./Middlewares/Third_Party/FreeRTOS/Source/tasks.o
                0x000000000800a87c                vTaskMissedYield
 .text.prvIdleTask
                0x000000000800a894       0x30 ./Middlewares/Third_Party/FreeRTOS/Source/tasks.o
 .text.prvInitialiseTaskLists
                0x000000000800a8c4       0x80 ./Middlewares/Third_Party/FreeRTOS/Source/tasks.o
 .text.prvCheckTasksWaitingTermination
                0x000000000800a944       0x5c ./Middlewares/Third_Party/FreeRTOS/Source/tasks.o
 .text.prvDeleteTCB
                0x000000000800a9a0       0x68 ./Middlewares/Third_Party/FreeRTOS/Source/tasks.o
 .text.prvResetNextTaskUnblockTime
                0x000000000800aa08       0x40 ./Middlewares/Third_Party/FreeRTOS/Source/tasks.o
 .text.xTaskGetSchedulerState
                0x000000000800aa48       0x3c ./Middlewares/Third_Party/FreeRTOS/Source/tasks.o
                0x000000000800aa48                xTaskGetSchedulerState
 .text.xTaskPriorityInherit
                0x000000000800aa84       0xec ./Middlewares/Third_Party/FreeRTOS/Source/tasks.o
                0x000000000800aa84                xTaskPriorityInherit
 .text.xTaskPriorityDisinherit
                0x000000000800ab70      0x10c ./Middlewares/Third_Party/FreeRTOS/Source/tasks.o
                0x000000000800ab70                xTaskPriorityDisinherit
 .text.vTaskPriorityDisinheritAfterTimeout
                0x000000000800ac7c      0x11c ./Middlewares/Third_Party/FreeRTOS/Source/tasks.o
                0x000000000800ac7c                vTaskPriorityDisinheritAfterTimeout
 .text.pvTaskIncrementMutexHeldCount
                0x000000000800ad98       0x28 ./Middlewares/Third_Party/FreeRTOS/Source/tasks.o
                0x000000000800ad98                pvTaskIncrementMutexHeldCount
 .text.prvAddCurrentTaskToDelayedList
                0x000000000800adc0       0xcc ./Middlewares/Third_Party/FreeRTOS/Source/tasks.o
 .text.pxPortInitialiseStack
                0x000000000800ae8c       0x68 ./Middlewares/Third_Party/FreeRTOS/Source/portable/GCC/ARM_CM4F/port.o
                0x000000000800ae8c                pxPortInitialiseStack
 .text.prvTaskExitError
                0x000000000800aef4       0x58 ./Middlewares/Third_Party/FreeRTOS/Source/portable/GCC/ARM_CM4F/port.o
 *fill*         0x000000000800af4c        0x4 
 .text.SVC_Handler
                0x000000000800af50       0x28 ./Middlewares/Third_Party/FreeRTOS/Source/portable/GCC/ARM_CM4F/port.o
                0x000000000800af50                SVC_Handler
 .text.prvPortStartFirstTask
                0x000000000800af78       0x28 ./Middlewares/Third_Party/FreeRTOS/Source/portable/GCC/ARM_CM4F/port.o
 .text.xPortStartScheduler
                0x000000000800afa0      0x144 ./Middlewares/Third_Party/FreeRTOS/Source/portable/GCC/ARM_CM4F/port.o
                0x000000000800afa0                xPortStartScheduler
 .text.vPortEnterCritical
                0x000000000800b0e4       0x60 ./Middlewares/Third_Party/FreeRTOS/Source/portable/GCC/ARM_CM4F/port.o
                0x000000000800b0e4                vPortEnterCritical
 .text.vPortExitCritical
                0x000000000800b144       0x54 ./Middlewares/Third_Party/FreeRTOS/Source/portable/GCC/ARM_CM4F/port.o
                0x000000000800b144                vPortExitCritical
 *fill*         0x000000000800b198        0x8 
 .text.PendSV_Handler
                0x000000000800b1a0       0x68 ./Middlewares/Third_Party/FreeRTOS/Source/portable/GCC/ARM_CM4F/port.o
                0x000000000800b1a0                PendSV_Handler
 .text.xPortSysTickHandler
                0x000000000800b208       0x44 ./Middlewares/Third_Party/FreeRTOS/Source/portable/GCC/ARM_CM4F/port.o
                0x000000000800b208                xPortSysTickHandler
 .text.vPortSetupTimerInterrupt
                0x000000000800b24c       0x48 ./Middlewares/Third_Party/FreeRTOS/Source/portable/GCC/ARM_CM4F/port.o
                0x000000000800b24c                vPortSetupTimerInterrupt
 .text.vPortEnableVFP
                0x000000000800b294       0x14 ./Middlewares/Third_Party/FreeRTOS/Source/portable/GCC/ARM_CM4F/port.o
 .text.vPortValidateInterruptPriority
                0x000000000800b2a8       0x80 ./Middlewares/Third_Party/FreeRTOS/Source/portable/GCC/ARM_CM4F/port.o
                0x000000000800b2a8                vPortValidateInterruptPriority
 .text.pvPortMalloc
                0x000000000800b328      0x198 ./Middlewares/Third_Party/FreeRTOS/Source/portable/MemMang/heap_4.o
                0x000000000800b328                pvPortMalloc
 .text.vPortFree
                0x000000000800b4c0       0xc4 ./Middlewares/Third_Party/FreeRTOS/Source/portable/MemMang/heap_4.o
                0x000000000800b4c0                vPortFree
 .text.prvHeapInit
                0x000000000800b584       0xc8 ./Middlewares/Third_Party/FreeRTOS/Source/portable/MemMang/heap_4.o
 .text.prvInsertBlockIntoFreeList
                0x000000000800b64c       0xb4 ./Middlewares/Third_Party/FreeRTOS/Source/portable/MemMang/heap_4.o
 .text.sbrk_aligned
                0x000000000800b700       0x40 C:/ST/STM32CubeIDE_1.13.1/STM32CubeIDE/plugins/com.st.stm32cube.ide.mcu.externaltools.gnu-tools-for-stm32.11.3.rel1.win32_1.1.0.202305231506/tools/bin/../lib/gcc/arm-none-eabi/11.3.1/../../../../arm-none-eabi/lib/thumb/v7e-m+fp/hard\libc_nano.a(libc_a-mallocr.o)
 .text._malloc_r
                0x000000000800b740      0x100 C:/ST/STM32CubeIDE_1.13.1/STM32CubeIDE/plugins/com.st.stm32cube.ide.mcu.externaltools.gnu-tools-for-stm32.11.3.rel1.win32_1.1.0.202305231506/tools/bin/../lib/gcc/arm-none-eabi/11.3.1/../../../../arm-none-eabi/lib/thumb/v7e-m+fp/hard\libc_nano.a(libc_a-mallocr.o)
                0x000000000800b740                _malloc_r
 .text.__malloc_lock
                0x000000000800b840        0xc C:/ST/STM32CubeIDE_1.13.1/STM32CubeIDE/plugins/com.st.stm32cube.ide.mcu.externaltools.gnu-tools-for-stm32.11.3.rel1.win32_1.1.0.202305231506/tools/bin/../lib/gcc/arm-none-eabi/11.3.1/../../../../arm-none-eabi/lib/thumb/v7e-m+fp/hard\libc_nano.a(libc_a-mlock.o)
                0x000000000800b840                __malloc_lock
 .text.__malloc_unlock
                0x000000000800b84c        0xc C:/ST/STM32CubeIDE_1.13.1/STM32CubeIDE/plugins/com.st.stm32cube.ide.mcu.externaltools.gnu-tools-for-stm32.11.3.rel1.win32_1.1.0.202305231506/tools/bin/../lib/gcc/arm-none-eabi/11.3.1/../../../../arm-none-eabi/lib/thumb/v7e-m+fp/hard\libc_nano.a(libc_a-mlock.o)
                0x000000000800b84c                __malloc_unlock
 .text.sprintf  0x000000000800b858       0x40 C:/ST/STM32CubeIDE_1.13.1/STM32CubeIDE/plugins/com.st.stm32cube.ide.mcu.externaltools.gnu-tools-for-stm32.11.3.rel1.win32_1.1.0.202305231506/tools/bin/../lib/gcc/arm-none-eabi/11.3.1/../../../../arm-none-eabi/lib/thumb/v7e-m+fp/hard\libc_nano.a(libc_a-sprintf.o)
                0x000000000800b858                siprintf
                0x000000000800b858                sprintf
 .text.memset   0x000000000800b898       0x10 C:/ST/STM32CubeIDE_1.13.1/STM32CubeIDE/plugins/com.st.stm32cube.ide.mcu.externaltools.gnu-tools-for-stm32.11.3.rel1.win32_1.1.0.202305231506/tools/bin/../lib/gcc/arm-none-eabi/11.3.1/../../../../arm-none-eabi/lib/thumb/v7e-m+fp/hard\libc_nano.a(libc_a-memset.o)
                0x000000000800b898                memset
 .text._reclaim_reent
                0x000000000800b8a8       0xac C:/ST/STM32CubeIDE_1.13.1/STM32CubeIDE/plugins/com.st.stm32cube.ide.mcu.externaltools.gnu-tools-for-stm32.11.3.rel1.win32_1.1.0.202305231506/tools/bin/../lib/gcc/arm-none-eabi/11.3.1/../../../../arm-none-eabi/lib/thumb/v7e-m+fp/hard\libc_nano.a(libc_a-reent.o)
                0x000000000800b8a8                _reclaim_reent
 .text._sbrk_r  0x000000000800b954       0x20 C:/ST/STM32CubeIDE_1.13.1/STM32CubeIDE/plugins/com.st.stm32cube.ide.mcu.externaltools.gnu-tools-for-stm32.11.3.rel1.win32_1.1.0.202305231506/tools/bin/../lib/gcc/arm-none-eabi/11.3.1/../../../../arm-none-eabi/lib/thumb/v7e-m+fp/hard\libc_nano.a(libc_a-sbrkr.o)
                0x000000000800b954                _sbrk_r
 .text.__errno  0x000000000800b974        0xc C:/ST/STM32CubeIDE_1.13.1/STM32CubeIDE/plugins/com.st.stm32cube.ide.mcu.externaltools.gnu-tools-for-stm32.11.3.rel1.win32_1.1.0.202305231506/tools/bin/../lib/gcc/arm-none-eabi/11.3.1/../../../../arm-none-eabi/lib/thumb/v7e-m+fp/hard\libc_nano.a(libc_a-errno.o)
                0x000000000800b974                __errno
 .text.__libc_init_array
                0x000000000800b980       0x48 C:/ST/STM32CubeIDE_1.13.1/STM32CubeIDE/plugins/com.st.stm32cube.ide.mcu.externaltools.gnu-tools-for-stm32.11.3.rel1.win32_1.1.0.202305231506/tools/bin/../lib/gcc/arm-none-eabi/11.3.1/../../../../arm-none-eabi/lib/thumb/v7e-m+fp/hard\libc_nano.a(libc_a-init.o)
                0x000000000800b980                __libc_init_array
 .text.__retarget_lock_acquire_recursive
                0x000000000800b9c8        0x2 C:/ST/STM32CubeIDE_1.13.1/STM32CubeIDE/plugins/com.st.stm32cube.ide.mcu.externaltools.gnu-tools-for-stm32.11.3.rel1.win32_1.1.0.202305231506/tools/bin/../lib/gcc/arm-none-eabi/11.3.1/../../../../arm-none-eabi/lib/thumb/v7e-m+fp/hard\libc_nano.a(libc_a-lock.o)
                0x000000000800b9c8                __retarget_lock_acquire_recursive
 .text.__retarget_lock_release_recursive
                0x000000000800b9ca        0x2 C:/ST/STM32CubeIDE_1.13.1/STM32CubeIDE/plugins/com.st.stm32cube.ide.mcu.externaltools.gnu-tools-for-stm32.11.3.rel1.win32_1.1.0.202305231506/tools/bin/../lib/gcc/arm-none-eabi/11.3.1/../../../../arm-none-eabi/lib/thumb/v7e-m+fp/hard\libc_nano.a(libc_a-lock.o)
                0x000000000800b9ca                __retarget_lock_release_recursive
 .text.memcpy   0x000000000800b9cc       0x1c C:/ST/STM32CubeIDE_1.13.1/STM32CubeIDE/plugins/com.st.stm32cube.ide.mcu.externaltools.gnu-tools-for-stm32.11.3.rel1.win32_1.1.0.202305231506/tools/bin/../lib/gcc/arm-none-eabi/11.3.1/../../../../arm-none-eabi/lib/thumb/v7e-m+fp/hard\libc_nano.a(libc_a-memcpy-stub.o)
                0x000000000800b9cc                memcpy
 .text._free_r  0x000000000800b9e8       0x98 C:/ST/STM32CubeIDE_1.13.1/STM32CubeIDE/plugins/com.st.stm32cube.ide.mcu.externaltools.gnu-tools-for-stm32.11.3.rel1.win32_1.1.0.202305231506/tools/bin/../lib/gcc/arm-none-eabi/11.3.1/../../../../arm-none-eabi/lib/thumb/v7e-m+fp/hard\libc_nano.a(libc_a-freer.o)
                0x000000000800b9e8                _free_r
 .text.__ssputs_r
                0x000000000800ba80       0xb4 C:/ST/STM32CubeIDE_1.13.1/STM32CubeIDE/plugins/com.st.stm32cube.ide.mcu.externaltools.gnu-tools-for-stm32.11.3.rel1.win32_1.1.0.202305231506/tools/bin/../lib/gcc/arm-none-eabi/11.3.1/../../../../arm-none-eabi/lib/thumb/v7e-m+fp/hard\libc_nano.a(libc_a-nano-svfprintf.o)
                0x000000000800ba80                __ssputs_r
 .text._svfprintf_r
                0x000000000800bb34      0x1fc C:/ST/STM32CubeIDE_1.13.1/STM32CubeIDE/plugins/com.st.stm32cube.ide.mcu.externaltools.gnu-tools-for-stm32.11.3.rel1.win32_1.1.0.202305231506/tools/bin/../lib/gcc/arm-none-eabi/11.3.1/../../../../arm-none-eabi/lib/thumb/v7e-m+fp/hard\libc_nano.a(libc_a-nano-svfprintf.o)
                0x000000000800bb34                _svfiprintf_r
                0x000000000800bb34                _svfprintf_r
 .text._printf_common
                0x000000000800bd30       0xda C:/ST/STM32CubeIDE_1.13.1/STM32CubeIDE/plugins/com.st.stm32cube.ide.mcu.externaltools.gnu-tools-for-stm32.11.3.rel1.win32_1.1.0.202305231506/tools/bin/../lib/gcc/arm-none-eabi/11.3.1/../../../../arm-none-eabi/lib/thumb/v7e-m+fp/hard\libc_nano.a(libc_a-nano-vfprintf_i.o)
                0x000000000800bd30                _printf_common
 *fill*         0x000000000800be0a        0x2 
 .text._printf_i
                0x000000000800be0c      0x244 C:/ST/STM32CubeIDE_1.13.1/STM32CubeIDE/plugins/com.st.stm32cube.ide.mcu.externaltools.gnu-tools-for-stm32.11.3.rel1.win32_1.1.0.202305231506/tools/bin/../lib/gcc/arm-none-eabi/11.3.1/../../../../arm-none-eabi/lib/thumb/v7e-m+fp/hard\libc_nano.a(libc_a-nano-vfprintf_i.o)
                0x000000000800be0c                _printf_i
 .text.memmove  0x000000000800c050       0x34 C:/ST/STM32CubeIDE_1.13.1/STM32CubeIDE/plugins/com.st.stm32cube.ide.mcu.externaltools.gnu-tools-for-stm32.11.3.rel1.win32_1.1.0.202305231506/tools/bin/../lib/gcc/arm-none-eabi/11.3.1/../../../../arm-none-eabi/lib/thumb/v7e-m+fp/hard\libc_nano.a(libc_a-memmove.o)
                0x000000000800c050                memmove
 .text._realloc_r
                0x000000000800c084       0x5e C:/ST/STM32CubeIDE_1.13.1/STM32CubeIDE/plugins/com.st.stm32cube.ide.mcu.externaltools.gnu-tools-for-stm32.11.3.rel1.win32_1.1.0.202305231506/tools/bin/../lib/gcc/arm-none-eabi/11.3.1/../../../../arm-none-eabi/lib/thumb/v7e-m+fp/hard\libc_nano.a(libc_a-reallocr.o)
                0x000000000800c084                _realloc_r
 .text._malloc_usable_size_r
                0x000000000800c0e2       0x10 C:/ST/STM32CubeIDE_1.13.1/STM32CubeIDE/plugins/com.st.stm32cube.ide.mcu.externaltools.gnu-tools-for-stm32.11.3.rel1.win32_1.1.0.202305231506/tools/bin/../lib/gcc/arm-none-eabi/11.3.1/../../../../arm-none-eabi/lib/thumb/v7e-m+fp/hard\libc_nano.a(libc_a-msizer.o)
                0x000000000800c0e2                _malloc_usable_size_r
 *(.glue_7)
 .glue_7        0x000000000800c0f2        0x0 linker stubs
 *(.glue_7t)
 .glue_7t       0x000000000800c0f2        0x0 linker stubs
 *(.eh_frame)
 *fill*         0x000000000800c0f2        0x2 
 .eh_frame      0x000000000800c0f4        0x0 C:/ST/STM32CubeIDE_1.13.1/STM32CubeIDE/plugins/com.st.stm32cube.ide.mcu.externaltools.gnu-tools-for-stm32.11.3.rel1.win32_1.1.0.202305231506/tools/bin/../lib/gcc/arm-none-eabi/11.3.1/thumb/v7e-m+fp/hard/crtbegin.o
 *(.init)
 .init          0x000000000800c0f4        0x4 C:/ST/STM32CubeIDE_1.13.1/STM32CubeIDE/plugins/com.st.stm32cube.ide.mcu.externaltools.gnu-tools-for-stm32.11.3.rel1.win32_1.1.0.202305231506/tools/bin/../lib/gcc/arm-none-eabi/11.3.1/thumb/v7e-m+fp/hard/crti.o
                0x000000000800c0f4                _init
 .init          0x000000000800c0f8        0x8 C:/ST/STM32CubeIDE_1.13.1/STM32CubeIDE/plugins/com.st.stm32cube.ide.mcu.externaltools.gnu-tools-for-stm32.11.3.rel1.win32_1.1.0.202305231506/tools/bin/../lib/gcc/arm-none-eabi/11.3.1/thumb/v7e-m+fp/hard/crtn.o
 *(.fini)
 .fini          0x000000000800c100        0x4 C:/ST/STM32CubeIDE_1.13.1/STM32CubeIDE/plugins/com.st.stm32cube.ide.mcu.externaltools.gnu-tools-for-stm32.11.3.rel1.win32_1.1.0.202305231506/tools/bin/../lib/gcc/arm-none-eabi/11.3.1/thumb/v7e-m+fp/hard/crti.o
                0x000000000800c100                _fini
 .fini          0x000000000800c104        0x8 C:/ST/STM32CubeIDE_1.13.1/STM32CubeIDE/plugins/com.st.stm32cube.ide.mcu.externaltools.gnu-tools-for-stm32.11.3.rel1.win32_1.1.0.202305231506/tools/bin/../lib/gcc/arm-none-eabi/11.3.1/thumb/v7e-m+fp/hard/crtn.o
                0x000000000800c10c                . = ALIGN (0x4)
                0x000000000800c10c                _etext = .

.vfp11_veneer   0x000000000800c10c        0x0
 .vfp11_veneer  0x000000000800c10c        0x0 linker stubs

.v4_bx          0x000000000800c10c        0x0
 .v4_bx         0x000000000800c10c        0x0 linker stubs

.iplt           0x000000000800c10c        0x0
 .iplt          0x000000000800c10c        0x0 C:/ST/STM32CubeIDE_1.13.1/STM32CubeIDE/plugins/com.st.stm32cube.ide.mcu.externaltools.gnu-tools-for-stm32.11.3.rel1.win32_1.1.0.202305231506/tools/bin/../lib/gcc/arm-none-eabi/11.3.1/thumb/v7e-m+fp/hard/crtbegin.o

.rodata         0x000000000800c10c      0x63c
                0x000000000800c10c                . = ALIGN (0x4)
 *(.rodata)
 .rodata        0x000000000800c10c      0x382 ./Core/Src/File_Handling.o
 *fill*         0x000000000800c48e        0x2 
 .rodata        0x000000000800c490      0x172 ./Core/Src/main.o
 *fill*         0x000000000800c602        0x2 
 .rodata        0x000000000800c604       0x10 ./FATFS/Target/sd_diskio.o
 .rodata        0x000000000800c614       0x44 ./Middlewares/Third_Party/FatFs/src/ff.o
 .rodata        0x000000000800c658        0x5 ./Middlewares/Third_Party/FreeRTOS/Source/tasks.o
 *(.rodata*)
 *fill*         0x000000000800c65d        0x3 
 .rodata.AHBPrescTable
                0x000000000800c660       0x10 ./Core/Src/system_stm32f4xx.o
                0x000000000800c660                AHBPrescTable
 .rodata.APBPrescTable
                0x000000000800c670        0x8 ./Core/Src/system_stm32f4xx.o
                0x000000000800c670                APBPrescTable
 .rodata.flagBitshiftOffset.0
                0x000000000800c678        0x8 ./Drivers/STM32F4xx_HAL_Driver/Src/stm32f4xx_hal_dma.o
 .rodata.SD_Driver
                0x000000000800c680       0x14 ./FATFS/Target/sd_diskio.o
                0x000000000800c680                SD_Driver
 .rodata.ExCvt  0x000000000800c694       0x80 ./Middlewares/Third_Party/FatFs/src/ff.o
 .rodata._svfprintf_r.str1.1
                0x000000000800c714       0x11 C:/ST/STM32CubeIDE_1.13.1/STM32CubeIDE/plugins/com.st.stm32cube.ide.mcu.externaltools.gnu-tools-for-stm32.11.3.rel1.win32_1.1.0.202305231506/tools/bin/../lib/gcc/arm-none-eabi/11.3.1/../../../../arm-none-eabi/lib/thumb/v7e-m+fp/hard\libc_nano.a(libc_a-nano-svfprintf.o)
 .rodata._printf_i.str1.1
                0x000000000800c725       0x22 C:/ST/STM32CubeIDE_1.13.1/STM32CubeIDE/plugins/com.st.stm32cube.ide.mcu.externaltools.gnu-tools-for-stm32.11.3.rel1.win32_1.1.0.202305231506/tools/bin/../lib/gcc/arm-none-eabi/11.3.1/../../../../arm-none-eabi/lib/thumb/v7e-m+fp/hard\libc_nano.a(libc_a-nano-vfprintf_i.o)
                0x000000000800c748                . = ALIGN (0x4)
 *fill*         0x000000000800c747        0x1 

.ARM.extab      0x000000000800c748        0x0
                0x000000000800c748                . = ALIGN (0x4)
 *(.ARM.extab* .gnu.linkonce.armextab.*)
                0x000000000800c748                . = ALIGN (0x4)

.ARM            0x000000000800c748        0x8
                0x000000000800c748                . = ALIGN (0x4)
                0x000000000800c748                __exidx_start = .
 *(.ARM.exidx*)
 .ARM.exidx     0x000000000800c748        0x8 C:/ST/STM32CubeIDE_1.13.1/STM32CubeIDE/plugins/com.st.stm32cube.ide.mcu.externaltools.gnu-tools-for-stm32.11.3.rel1.win32_1.1.0.202305231506/tools/bin/../lib/gcc/arm-none-eabi/11.3.1/thumb/v7e-m+fp/hard\libgcc.a(_udivmoddi4.o)
                0x000000000800c750                __exidx_end = .
                0x000000000800c750                . = ALIGN (0x4)

.rel.dyn        0x000000000800c750        0x0
 .rel.iplt      0x000000000800c750        0x0 C:/ST/STM32CubeIDE_1.13.1/STM32CubeIDE/plugins/com.st.stm32cube.ide.mcu.externaltools.gnu-tools-for-stm32.11.3.rel1.win32_1.1.0.202305231506/tools/bin/../lib/gcc/arm-none-eabi/11.3.1/thumb/v7e-m+fp/hard/crtbegin.o

.preinit_array  0x000000000800c750        0x0
                0x000000000800c750                . = ALIGN (0x4)
                0x000000000800c750                PROVIDE (__preinit_array_start = .)
 *(.preinit_array*)
                0x000000000800c750                PROVIDE (__preinit_array_end = .)
                0x000000000800c750                . = ALIGN (0x4)

.init_array     0x000000000800c750        0x4
                0x000000000800c750                . = ALIGN (0x4)
                0x000000000800c750                PROVIDE (__init_array_start = .)
 *(SORT_BY_NAME(.init_array.*))
 *(.init_array*)
 .init_array    0x000000000800c750        0x4 C:/ST/STM32CubeIDE_1.13.1/STM32CubeIDE/plugins/com.st.stm32cube.ide.mcu.externaltools.gnu-tools-for-stm32.11.3.rel1.win32_1.1.0.202305231506/tools/bin/../lib/gcc/arm-none-eabi/11.3.1/thumb/v7e-m+fp/hard/crtbegin.o
                0x000000000800c754                PROVIDE (__init_array_end = .)
                0x000000000800c754                . = ALIGN (0x4)

.fini_array     0x000000000800c754        0x4
                0x000000000800c754                . = ALIGN (0x4)
                [!provide]                        PROVIDE (__fini_array_start = .)
 *(SORT_BY_NAME(.fini_array.*))
 *(.fini_array*)
 .fini_array    0x000000000800c754        0x4 C:/ST/STM32CubeIDE_1.13.1/STM32CubeIDE/plugins/com.st.stm32cube.ide.mcu.externaltools.gnu-tools-for-stm32.11.3.rel1.win32_1.1.0.202305231506/tools/bin/../lib/gcc/arm-none-eabi/11.3.1/thumb/v7e-m+fp/hard/crtbegin.o
                [!provide]                        PROVIDE (__fini_array_end = .)
                0x000000000800c758                . = ALIGN (0x4)
                0x000000000800c758                _sidata = LOADADDR (.data)

.data           0x0000000020000000       0x60 load address 0x000000000800c758
                0x0000000020000000                . = ALIGN (0x4)
                0x0000000020000000                _sdata = .
 *(.data)
 *(.data*)
 .data.SystemCoreClock
                0x0000000020000000        0x4 ./Core/Src/system_stm32f4xx.o
                0x0000000020000000                SystemCoreClock
 .data.uwTickPrio
                0x0000000020000004        0x4 ./Drivers/STM32F4xx_HAL_Driver/Src/stm32f4xx_hal.o
                0x0000000020000004                uwTickPrio
 .data.uwTickFreq
                0x0000000020000008        0x1 ./Drivers/STM32F4xx_HAL_Driver/Src/stm32f4xx_hal.o
                0x0000000020000008                uwTickFreq
 .data.Stat     0x0000000020000009        0x1 ./FATFS/Target/sd_diskio.o
 *fill*         0x000000002000000a        0x2 
 .data.uxCriticalNesting
                0x000000002000000c        0x4 ./Middlewares/Third_Party/FreeRTOS/Source/portable/GCC/ARM_CM4F/port.o
 .data._impure_data
                0x0000000020000010       0x4c C:/ST/STM32CubeIDE_1.13.1/STM32CubeIDE/plugins/com.st.stm32cube.ide.mcu.externaltools.gnu-tools-for-stm32.11.3.rel1.win32_1.1.0.202305231506/tools/bin/../lib/gcc/arm-none-eabi/11.3.1/../../../../arm-none-eabi/lib/thumb/v7e-m+fp/hard\libc_nano.a(libc_a-impure.o)
                0x0000000020000010                _impure_data
 .data._impure_ptr
                0x000000002000005c        0x4 C:/ST/STM32CubeIDE_1.13.1/STM32CubeIDE/plugins/com.st.stm32cube.ide.mcu.externaltools.gnu-tools-for-stm32.11.3.rel1.win32_1.1.0.202305231506/tools/bin/../lib/gcc/arm-none-eabi/11.3.1/../../../../arm-none-eabi/lib/thumb/v7e-m+fp/hard\libc_nano.a(libc_a-impure.o)
                0x000000002000005c                _impure_ptr
 *(.RamFunc)
 *(.RamFunc*)
                0x0000000020000060                . = ALIGN (0x4)
                0x0000000020000060                _edata = .
                0x000000000800c7b8                _siccmram = LOADADDR (.ccmram)

.igot.plt       0x0000000020000060        0x0 load address 0x000000000800c7b8
 .igot.plt      0x0000000020000060        0x0 C:/ST/STM32CubeIDE_1.13.1/STM32CubeIDE/plugins/com.st.stm32cube.ide.mcu.externaltools.gnu-tools-for-stm32.11.3.rel1.win32_1.1.0.202305231506/tools/bin/../lib/gcc/arm-none-eabi/11.3.1/thumb/v7e-m+fp/hard/crtbegin.o

.ccmram         0x0000000010000000        0x0 load address 0x000000000800c7b8
                0x0000000010000000                . = ALIGN (0x4)
                0x0000000010000000                _sccmram = .
 *(.ccmram)
 *(.ccmram*)
                0x0000000010000000                . = ALIGN (0x4)
                0x0000000010000000                _eccmram = .
                0x0000000010000000                . = ALIGN (0x4)

.bss            0x0000000020000060    0x192d8
                0x0000000020000060                _sbss = .
                0x0000000020000060                __bss_start__ = _sbss
 *(.bss)
 .bss           0x0000000020000060       0x1c C:/ST/STM32CubeIDE_1.13.1/STM32CubeIDE/plugins/com.st.stm32cube.ide.mcu.externaltools.gnu-tools-for-stm32.11.3.rel1.win32_1.1.0.202305231506/tools/bin/../lib/gcc/arm-none-eabi/11.3.1/thumb/v7e-m+fp/hard/crtbegin.o
 *(.bss*)
 .bss.fs        0x000000002000007c      0x234 ./Core/Src/File_Handling.o
                0x000000002000007c                fs
 .bss.fil       0x00000000200002b0      0x230 ./Core/Src/File_Handling.o
                0x00000000200002b0                fil
 .bss.fno       0x00000000200004e0       0x18 ./Core/Src/File_Handling.o
                0x00000000200004e0                fno
 .bss.fresult   0x00000000200004f8        0x1 ./Core/Src/File_Handling.o
                0x00000000200004f8                fresult
 *fill*         0x00000000200004f9        0x3 
 .bss.bw        0x00000000200004fc        0x4 ./Core/Src/File_Handling.o
                0x00000000200004fc                bw
 .bss.xIdleTaskTCBBuffer
                0x0000000020000500       0xa0 ./Core/Src/freertos.o
 .bss.xIdleStack
                0x00000000200005a0      0x200 ./Core/Src/freertos.o
 .bss.hcan1     0x00000000200007a0       0x28 ./Core/Src/main.o
                0x00000000200007a0                hcan1
 .bss.hsd       0x00000000200007c8       0x84 ./Core/Src/main.o
                0x00000000200007c8                hsd
 .bss.hdma_sdio_rx
                0x000000002000084c       0x60 ./Core/Src/main.o
                0x000000002000084c                hdma_sdio_rx
 .bss.hdma_sdio_tx
                0x00000000200008ac       0x60 ./Core/Src/main.o
                0x00000000200008ac                hdma_sdio_tx
 .bss.huart1    0x000000002000090c       0x44 ./Core/Src/main.o
                0x000000002000090c                huart1
 .bss.defaultTaskHandle
                0x0000000020000950        0x4 ./Core/Src/main.o
                0x0000000020000950                defaultTaskHandle
 .bss.fifo0     0x0000000020000954        0x4 ./Core/Src/main.o
                0x0000000020000954                fifo0
 .bss.fifo1     0x0000000020000958        0x4 ./Core/Src/main.o
                0x0000000020000958                fifo1
 .bss.failed    0x000000002000095c        0x4 ./Core/Src/main.o
                0x000000002000095c                failed
 .bss.failedNum
                0x0000000020000960        0x4 ./Core/Src/main.o
                0x0000000020000960                failedNum
 .bss.CanMsgQueue
                0x0000000020000964        0x4 ./Core/Src/main.o
                0x0000000020000964                CanMsgQueue
 .bss.fifoTmp   0x0000000020000968        0xc ./Core/Src/main.o
                0x0000000020000968                fifoTmp
 .bss.__sbrk_heap_end
                0x0000000020000974        0x4 ./Core/Src/sysmem.o
 .bss.uwTick    0x0000000020000978        0x4 ./Drivers/STM32F4xx_HAL_Driver/Src/stm32f4xx_hal.o
                0x0000000020000978                uwTick
 .bss.retSD     0x000000002000097c        0x1 ./FATFS/App/fatfs.o
                0x000000002000097c                retSD
 *fill*         0x000000002000097d        0x3 
 .bss.SDPath    0x0000000020000980        0x4 ./FATFS/App/fatfs.o
                0x0000000020000980                SDPath
 .bss.SDQueueID
                0x0000000020000984        0x4 ./FATFS/Target/sd_diskio.o
 .bss.FatFs     0x0000000020000988        0x4 ./Middlewares/Third_Party/FatFs/src/ff.o
 .bss.Fsid      0x000000002000098c        0x2 ./Middlewares/Third_Party/FatFs/src/ff.o
 *fill*         0x000000002000098e        0x2 
 .bss.Files     0x0000000020000990       0x20 ./Middlewares/Third_Party/FatFs/src/ff.o
 .bss.disk      0x00000000200009b0        0xc ./Middlewares/Third_Party/FatFs/src/ff_gen_drv.o
                0x00000000200009b0                disk
 .bss.xQueueRegistry
                0x00000000200009bc       0x40 ./Middlewares/Third_Party/FreeRTOS/Source/queue.o
                0x00000000200009bc                xQueueRegistry
 .bss.pxCurrentTCB
                0x00000000200009fc        0x4 ./Middlewares/Third_Party/FreeRTOS/Source/tasks.o
                0x00000000200009fc                pxCurrentTCB
 .bss.pxReadyTasksLists
                0x0000000020000a00       0x8c ./Middlewares/Third_Party/FreeRTOS/Source/tasks.o
 .bss.xDelayedTaskList1
                0x0000000020000a8c       0x14 ./Middlewares/Third_Party/FreeRTOS/Source/tasks.o
 .bss.xDelayedTaskList2
                0x0000000020000aa0       0x14 ./Middlewares/Third_Party/FreeRTOS/Source/tasks.o
 .bss.pxDelayedTaskList
                0x0000000020000ab4        0x4 ./Middlewares/Third_Party/FreeRTOS/Source/tasks.o
 .bss.pxOverflowDelayedTaskList
                0x0000000020000ab8        0x4 ./Middlewares/Third_Party/FreeRTOS/Source/tasks.o
 .bss.xPendingReadyList
                0x0000000020000abc       0x14 ./Middlewares/Third_Party/FreeRTOS/Source/tasks.o
 .bss.xTasksWaitingTermination
                0x0000000020000ad0       0x14 ./Middlewares/Third_Party/FreeRTOS/Source/tasks.o
 .bss.uxDeletedTasksWaitingCleanUp
                0x0000000020000ae4        0x4 ./Middlewares/Third_Party/FreeRTOS/Source/tasks.o
 .bss.xSuspendedTaskList
                0x0000000020000ae8       0x14 ./Middlewares/Third_Party/FreeRTOS/Source/tasks.o
 .bss.uxCurrentNumberOfTasks
                0x0000000020000afc        0x4 ./Middlewares/Third_Party/FreeRTOS/Source/tasks.o
 .bss.xTickCount
                0x0000000020000b00        0x4 ./Middlewares/Third_Party/FreeRTOS/Source/tasks.o
 .bss.uxTopReadyPriority
                0x0000000020000b04        0x4 ./Middlewares/Third_Party/FreeRTOS/Source/tasks.o
 .bss.xSchedulerRunning
                0x0000000020000b08        0x4 ./Middlewares/Third_Party/FreeRTOS/Source/tasks.o
 .bss.xPendedTicks
                0x0000000020000b0c        0x4 ./Middlewares/Third_Party/FreeRTOS/Source/tasks.o
 .bss.xYieldPending
                0x0000000020000b10        0x4 ./Middlewares/Third_Party/FreeRTOS/Source/tasks.o
 .bss.xNumOfOverflows
                0x0000000020000b14        0x4 ./Middlewares/Third_Party/FreeRTOS/Source/tasks.o
 .bss.uxTaskNumber
                0x0000000020000b18        0x4 ./Middlewares/Third_Party/FreeRTOS/Source/tasks.o
 .bss.xNextTaskUnblockTime
                0x0000000020000b1c        0x4 ./Middlewares/Third_Party/FreeRTOS/Source/tasks.o
 .bss.xIdleTaskHandle
                0x0000000020000b20        0x4 ./Middlewares/Third_Party/FreeRTOS/Source/tasks.o
 .bss.uxSchedulerSuspended
                0x0000000020000b24        0x4 ./Middlewares/Third_Party/FreeRTOS/Source/tasks.o
 .bss.ucMaxSysCallPriority
                0x0000000020000b28        0x1 ./Middlewares/Third_Party/FreeRTOS/Source/portable/GCC/ARM_CM4F/port.o
 *fill*         0x0000000020000b29        0x3 
 .bss.ulMaxPRIGROUPValue
                0x0000000020000b2c        0x4 ./Middlewares/Third_Party/FreeRTOS/Source/portable/GCC/ARM_CM4F/port.o
 .bss.ucHeap    0x0000000020000b30    0x186a0 ./Middlewares/Third_Party/FreeRTOS/Source/portable/MemMang/heap_4.o
 .bss.xStart    0x00000000200191d0        0x8 ./Middlewares/Third_Party/FreeRTOS/Source/portable/MemMang/heap_4.o
 .bss.pxEnd     0x00000000200191d8        0x4 ./Middlewares/Third_Party/FreeRTOS/Source/portable/MemMang/heap_4.o
 .bss.xFreeBytesRemaining
                0x00000000200191dc        0x4 ./Middlewares/Third_Party/FreeRTOS/Source/portable/MemMang/heap_4.o
 .bss.xMinimumEverFreeBytesRemaining
                0x00000000200191e0        0x4 ./Middlewares/Third_Party/FreeRTOS/Source/portable/MemMang/heap_4.o
 .bss.xNumberOfSuccessfulAllocations
                0x00000000200191e4        0x4 ./Middlewares/Third_Party/FreeRTOS/Source/portable/MemMang/heap_4.o
 .bss.xNumberOfSuccessfulFrees
                0x00000000200191e8        0x4 ./Middlewares/Third_Party/FreeRTOS/Source/portable/MemMang/heap_4.o
 .bss.xBlockAllocatedBit
                0x00000000200191ec        0x4 ./Middlewares/Third_Party/FreeRTOS/Source/portable/MemMang/heap_4.o
 .bss.__malloc_free_list
                0x00000000200191f0        0x4 C:/ST/STM32CubeIDE_1.13.1/STM32CubeIDE/plugins/com.st.stm32cube.ide.mcu.externaltools.gnu-tools-for-stm32.11.3.rel1.win32_1.1.0.202305231506/tools/bin/../lib/gcc/arm-none-eabi/11.3.1/../../../../arm-none-eabi/lib/thumb/v7e-m+fp/hard\libc_nano.a(libc_a-mallocr.o)
                0x00000000200191f0                __malloc_free_list
 .bss.__malloc_sbrk_start
                0x00000000200191f4        0x4 C:/ST/STM32CubeIDE_1.13.1/STM32CubeIDE/plugins/com.st.stm32cube.ide.mcu.externaltools.gnu-tools-for-stm32.11.3.rel1.win32_1.1.0.202305231506/tools/bin/../lib/gcc/arm-none-eabi/11.3.1/../../../../arm-none-eabi/lib/thumb/v7e-m+fp/hard\libc_nano.a(libc_a-mallocr.o)
                0x00000000200191f4                __malloc_sbrk_start
 .bss.__sf      0x00000000200191f8      0x138 C:/ST/STM32CubeIDE_1.13.1/STM32CubeIDE/plugins/com.st.stm32cube.ide.mcu.externaltools.gnu-tools-for-stm32.11.3.rel1.win32_1.1.0.202305231506/tools/bin/../lib/gcc/arm-none-eabi/11.3.1/../../../../arm-none-eabi/lib/thumb/v7e-m+fp/hard\libc_nano.a(libc_a-findfp.o)
                0x00000000200191f8                __sf
 .bss.errno     0x0000000020019330        0x4 C:/ST/STM32CubeIDE_1.13.1/STM32CubeIDE/plugins/com.st.stm32cube.ide.mcu.externaltools.gnu-tools-for-stm32.11.3.rel1.win32_1.1.0.202305231506/tools/bin/../lib/gcc/arm-none-eabi/11.3.1/../../../../arm-none-eabi/lib/thumb/v7e-m+fp/hard\libc_nano.a(libc_a-reent.o)
                0x0000000020019330                errno
 .bss.__lock___malloc_recursive_mutex
                0x0000000020019334        0x1 C:/ST/STM32CubeIDE_1.13.1/STM32CubeIDE/plugins/com.st.stm32cube.ide.mcu.externaltools.gnu-tools-for-stm32.11.3.rel1.win32_1.1.0.202305231506/tools/bin/../lib/gcc/arm-none-eabi/11.3.1/../../../../arm-none-eabi/lib/thumb/v7e-m+fp/hard\libc_nano.a(libc_a-lock.o)
                0x0000000020019334                __lock___malloc_recursive_mutex
 *(COMMON)
                0x0000000020019338                . = ALIGN (0x4)
 *fill*         0x0000000020019335        0x3 
                0x0000000020019338                _ebss = .
                0x0000000020019338                __bss_end__ = _ebss

._user_heap_stack
                0x0000000020019338     0x1e00
                0x0000000020019338                . = ALIGN (0x8)
                [!provide]                        PROVIDE (end = .)
                0x0000000020019338                PROVIDE (_end = .)
                0x000000002001a238                . = (. + _Min_Heap_Size)
 *fill*         0x0000000020019338      0xf00 
                0x000000002001b138                . = (. + _Min_Stack_Size)
 *fill*         0x000000002001a238      0xf00 
                0x000000002001b138                . = ALIGN (0x8)

/DISCARD/
 libc.a(*)
 libm.a(*)
 libgcc.a(*)

.ARM.attributes
                0x0000000000000000       0x30
 *(.ARM.attributes)
 .ARM.attributes
                0x0000000000000000       0x1e C:/ST/STM32CubeIDE_1.13.1/STM32CubeIDE/plugins/com.st.stm32cube.ide.mcu.externaltools.gnu-tools-for-stm32.11.3.rel1.win32_1.1.0.202305231506/tools/bin/../lib/gcc/arm-none-eabi/11.3.1/thumb/v7e-m+fp/hard/crti.o
 .ARM.attributes
                0x000000000000001e       0x34 C:/ST/STM32CubeIDE_1.13.1/STM32CubeIDE/plugins/com.st.stm32cube.ide.mcu.externaltools.gnu-tools-for-stm32.11.3.rel1.win32_1.1.0.202305231506/tools/bin/../lib/gcc/arm-none-eabi/11.3.1/thumb/v7e-m+fp/hard/crtbegin.o
 .ARM.attributes
                0x0000000000000052       0x34 ./Core/Src/File_Handling.o
 .ARM.attributes
                0x0000000000000086       0x34 ./Core/Src/freertos.o
 .ARM.attributes
                0x00000000000000ba       0x34 ./Core/Src/main.o
 .ARM.attributes
                0x00000000000000ee       0x34 ./Core/Src/stm32f4xx_hal_msp.o
 .ARM.attributes
                0x0000000000000122       0x34 ./Core/Src/stm32f4xx_it.o
 .ARM.attributes
                0x0000000000000156       0x34 ./Core/Src/sysmem.o
 .ARM.attributes
                0x000000000000018a       0x34 ./Core/Src/system_stm32f4xx.o
 .ARM.attributes
                0x00000000000001be       0x21 ./Core/Startup/startup_stm32f417vgtx.o
 .ARM.attributes
                0x00000000000001df       0x34 ./Drivers/STM32F4xx_HAL_Driver/Src/stm32f4xx_hal.o
 .ARM.attributes
                0x0000000000000213       0x34 ./Drivers/STM32F4xx_HAL_Driver/Src/stm32f4xx_hal_can.o
 .ARM.attributes