../Core/Src/main.c:77:6:configCANFilters	56	static
../Core/Src/main.c:112:6:HAL_CAN_RxFifo0MsgPendingCallback	104	static
../Core/Src/main.c:155:6:HAL_CAN_RxFifo1MsgPendingCallback	104	static
../Core/Src/main.c:180:5:main	48	static
../Core/Src/main.c:260:6:SystemClock_Config	88	static
../Core/Src/main.c:306:13:MX_CAN1_Init	8	static
../Core/Src/main.c:343:13:MX_SDIO_SD_Init	8	static
../Core/Src/main.c:378:13:MX_USART1_UART_Init	8	static
../Core/Src/main.c:409:13:MX_DMA_Init	16	static
../Core/Src/main.c:430:13:MX_GPIO_Init	24	static
../Core/Src/main.c:456:6:StartDefaultTask	368	dynamic
../Core/Src/main.c:556:6:Error_Handler	4	static,ignoring_inline_asm
