../Core/Src/main.c:77:6:configCANFilters	56	static
../Core/Src/main.c:111:6:HAL_CAN_RxFifo0MsgPendingCallback	104	static
../Core/Src/main.c:154:6:HAL_CAN_RxFifo1MsgPendingCallback	104	static
../Core/Src/main.c:179:5:main	48	static
../Core/Src/main.c:259:6:SystemClock_Config	88	static
../Core/Src/main.c:305:13:MX_CAN1_Init	8	static
../Core/Src/main.c:342:13:MX_SDIO_SD_Init	8	static
../Core/Src/main.c:377:13:MX_USART1_UART_Init	8	static
../Core/Src/main.c:408:13:MX_DMA_Init	16	static
../Core/Src/main.c:429:13:MX_GPIO_Init	24	static
../Core/Src/main.c:445:6:prvGetRegistersFromStack	48	static
../Core/Src/main.c:482:6:StartDefaultTask	368	dynamic
../Core/Src/main.c:581:6:Error_Handler	4	static,ignoring_inline_asm
