../Core/Src/stm32f4xx_it.c:74:6:NMI_Handler	4	static
../Core/Src/stm32f4xx_it.c:89:6:HardFault_Handler	4	static,ignoring_inline_asm
../Core/Src/stm32f4xx_it.c:114:6:MemManage_Handler	4	static
../Core/Src/stm32f4xx_it.c:129:6:BusFault_Handler	4	static
../Core/Src/stm32f4xx_it.c:144:6:UsageFault_Handler	4	static
../Core/Src/stm32f4xx_it.c:159:6:DebugMon_Handler	4	static
../Core/Src/stm32f4xx_it.c:172:6:SysTick_Handler	8	static
../Core/Src/stm32f4xx_it.c:201:6:CAN1_TX_IRQHandler	8	static
../Core/Src/stm32f4xx_it.c:215:6:CAN1_RX0_IRQHandler	8	static
../Core/Src/stm32f4xx_it.c:229:6:CAN1_RX1_IRQHandler	8	static
../Core/Src/stm32f4xx_it.c:243:6:CAN1_SCE_IRQHandler	8	static
../Core/Src/stm32f4xx_it.c:257:6:SDIO_IRQHandler	8	static
../Core/Src/stm32f4xx_it.c:271:6:DMA2_Stream3_IRQHandler	8	static
../Core/Src/stm32f4xx_it.c:285:6:DMA2_Stream6_IRQHandler	8	static
